Archive member included to satisfy reference by file (symbol)

C:/Users/Andy/AppData/Local/xpack-riscv-none-elf-gcc/14.2.0-3/bin/../lib/gcc/riscv-none-elf/14.2.0\libgcc.a(_divdi3.o)
                              C:\Users\Andy\AppData\Local\Temp\cc7vDGUk.ltrans0.ltrans.o (__divdi3)
C:/Users/Andy/AppData/Local/xpack-riscv-none-elf-gcc/14.2.0-3/bin/../lib/gcc/riscv-none-elf/14.2.0\libgcc.a(_moddi3.o)
                              C:\Users\Andy\AppData\Local\Temp\cc7vDGUk.ltrans0.ltrans.o (__moddi3)
C:/Users/Andy/AppData/Local/xpack-riscv-none-elf-gcc/14.2.0-3/bin/../lib/gcc/riscv-none-elf/14.2.0\libgcc.a(adddf3.o)
                              C:\Users\Andy\AppData\Local\Temp\cc7vDGUk.ltrans0.ltrans.o (__adddf3)
C:/Users/Andy/AppData/Local/xpack-riscv-none-elf-gcc/14.2.0-3/bin/../lib/gcc/riscv-none-elf/14.2.0\libgcc.a(muldf3.o)
                              C:\Users\Andy\AppData\Local\Temp\cc7vDGUk.ltrans0.ltrans.o (__muldf3)
C:/Users/Andy/AppData/Local/xpack-riscv-none-elf-gcc/14.2.0-3/bin/../lib/gcc/riscv-none-elf/14.2.0\libgcc.a(subdf3.o)
                              C:\Users\Andy\AppData\Local\Temp\cc7vDGUk.ltrans0.ltrans.o (__subdf3)
C:/Users/Andy/AppData/Local/xpack-riscv-none-elf-gcc/14.2.0-3/bin/../lib/gcc/riscv-none-elf/14.2.0\libgcc.a(fixdfsi.o)
                              C:\Users\Andy\AppData\Local\Temp\cc7vDGUk.ltrans0.ltrans.o (__fixdfsi)
C:/Users/Andy/AppData/Local/xpack-riscv-none-elf-gcc/14.2.0-3/bin/../lib/gcc/riscv-none-elf/14.2.0\libgcc.a(floatsidf.o)
                              C:\Users\Andy\AppData\Local\Temp\cc7vDGUk.ltrans0.ltrans.o (__floatsidf)
C:/Users/Andy/AppData/Local/xpack-riscv-none-elf-gcc/14.2.0-3/bin/../lib/gcc/riscv-none-elf/14.2.0\libgcc.a(gesf2.o)
                              C:\Users\Andy\AppData\Local\Temp\cc7vDGUk.ltrans0.ltrans.o (__gtsf2)
C:/Users/Andy/AppData/Local/xpack-riscv-none-elf-gcc/14.2.0-3/bin/../lib/gcc/riscv-none-elf/14.2.0\libgcc.a(floatsisf.o)
                              C:\Users\Andy\AppData\Local\Temp\cc7vDGUk.ltrans0.ltrans.o (__floatsisf)
C:/Users/Andy/AppData/Local/xpack-riscv-none-elf-gcc/14.2.0-3/bin/../lib/gcc/riscv-none-elf/14.2.0\libgcc.a(_clz.o)
                              C:/Users/Andy/AppData/Local/xpack-riscv-none-elf-gcc/14.2.0-3/bin/../lib/gcc/riscv-none-elf/14.2.0\libgcc.a(_divdi3.o) (__clz_tab)
C:/Users/Andy/AppData/Local/xpack-riscv-none-elf-gcc/14.2.0-3/bin/../lib/gcc/riscv-none-elf/14.2.0\libgcc.a(_clzsi2.o)
                              C:/Users/Andy/AppData/Local/xpack-riscv-none-elf-gcc/14.2.0-3/bin/../lib/gcc/riscv-none-elf/14.2.0\libgcc.a(adddf3.o) (__clzsi2)

Discarded input sections

 .text          0x00000000        0x0 C:\Users\Andy\AppData\Local\Temp\cc7vDGUk.ltrans0.ltrans.o
 .data          0x00000000        0x0 C:\Users\Andy\AppData\Local\Temp\cc7vDGUk.ltrans0.ltrans.o
 .bss           0x00000000        0x0 C:\Users\Andy\AppData\Local\Temp\cc7vDGUk.ltrans0.ltrans.o
 .text.vprintf  0x00000000       0x16 C:\Users\Andy\AppData\Local\Temp\cc7vDGUk.ltrans0.ltrans.o
 .text.snprintf
                0x00000000       0x20 C:\Users\Andy\AppData\Local\Temp\cc7vDGUk.ltrans0.ltrans.o
 .text.strcpy   0x00000000       0x14 C:\Users\Andy\AppData\Local\Temp\cc7vDGUk.ltrans0.ltrans.o
 .text.strncpy  0x00000000       0x1c C:\Users\Andy\AppData\Local\Temp\cc7vDGUk.ltrans0.ltrans.o
 .text.strcmp   0x00000000       0x1a C:\Users\Andy\AppData\Local\Temp\cc7vDGUk.ltrans0.ltrans.o
 .text.strncmp  0x00000000       0x2e C:\Users\Andy\AppData\Local\Temp\cc7vDGUk.ltrans0.ltrans.o
 .text.strchr   0x00000000       0x16 C:\Users\Andy\AppData\Local\Temp\cc7vDGUk.ltrans0.ltrans.o
 .text.strrchr  0x00000000       0x3c C:\Users\Andy\AppData\Local\Temp\cc7vDGUk.ltrans0.ltrans.o
 .text.memcmp   0x00000000       0x20 C:\Users\Andy\AppData\Local\Temp\cc7vDGUk.ltrans0.ltrans.o
 .text.memmove  0x00000000       0x5e C:\Users\Andy\AppData\Local\Temp\cc7vDGUk.ltrans0.ltrans.o
 .text.memchr   0x00000000       0x1a C:\Users\Andy\AppData\Local\Temp\cc7vDGUk.ltrans0.ltrans.o
 .text.strnlen  0x00000000       0x2a C:\Users\Andy\AppData\Local\Temp\cc7vDGUk.ltrans0.ltrans.o
 .text.twoway_strstr
                0x00000000      0x256 C:\Users\Andy\AppData\Local\Temp\cc7vDGUk.ltrans0.ltrans.o
 .text.strstr   0x00000000      0x118 C:\Users\Andy\AppData\Local\Temp\cc7vDGUk.ltrans0.ltrans.o
 .rodata.puts.str1.4
                0x00000000        0x2 C:\Users\Andy\AppData\Local\Temp\cc7vDGUk.ltrans0.ltrans.o
 .text.puts     0x00000000       0x40 C:\Users\Andy\AppData\Local\Temp\cc7vDGUk.ltrans0.ltrans.o
 .text.setjmp   0x00000000       0x38 C:\Users\Andy\AppData\Local\Temp\cc7vDGUk.ltrans0.ltrans.o
 .text.longjmp  0x00000000       0x3c C:\Users\Andy\AppData\Local\Temp\cc7vDGUk.ltrans0.ltrans.o
 .comment       0x00000000       0x34 C:\Users\Andy\AppData\Local\Temp\cc7vDGUk.ltrans0.ltrans.o
 .note.GNU-stack
                0x00000000        0x0 C:\Users\Andy\AppData\Local\Temp\cc7vDGUk.ltrans0.ltrans.o
 .comment       0x00000000       0x34 C:\Users\Andy\AppData\Local\Temp\cchwHGBR.debug.temp.o
 .note.GNU-stack
                0x00000000        0x0 C:\Users\Andy\AppData\Local\Temp\cchwHGBR.debug.temp.o
 .comment       0x00000000       0x34 C:\Users\Andy\AppData\Local\Temp\ccArxumd.debug.temp.o
 .note.GNU-stack
                0x00000000        0x0 C:\Users\Andy\AppData\Local\Temp\ccArxumd.debug.temp.o
 .text          0x00000000        0x0 C:/Users/Andy/AppData/Local/xpack-riscv-none-elf-gcc/14.2.0-3/bin/../lib/gcc/riscv-none-elf/14.2.0\libgcc.a(_divdi3.o)
 .data          0x00000000        0x0 C:/Users/Andy/AppData/Local/xpack-riscv-none-elf-gcc/14.2.0-3/bin/../lib/gcc/riscv-none-elf/14.2.0\libgcc.a(_divdi3.o)
 .bss           0x00000000        0x0 C:/Users/Andy/AppData/Local/xpack-riscv-none-elf-gcc/14.2.0-3/bin/../lib/gcc/riscv-none-elf/14.2.0\libgcc.a(_divdi3.o)
 .comment       0x00000000       0x34 C:/Users/Andy/AppData/Local/xpack-riscv-none-elf-gcc/14.2.0-3/bin/../lib/gcc/riscv-none-elf/14.2.0\libgcc.a(_divdi3.o)
 .note.GNU-stack
                0x00000000        0x0 C:/Users/Andy/AppData/Local/xpack-riscv-none-elf-gcc/14.2.0-3/bin/../lib/gcc/riscv-none-elf/14.2.0\libgcc.a(_divdi3.o)
 .eh_frame      0x00000000       0x28 C:/Users/Andy/AppData/Local/xpack-riscv-none-elf-gcc/14.2.0-3/bin/../lib/gcc/riscv-none-elf/14.2.0\libgcc.a(_divdi3.o)
 .text          0x00000000        0x0 C:/Users/Andy/AppData/Local/xpack-riscv-none-elf-gcc/14.2.0-3/bin/../lib/gcc/riscv-none-elf/14.2.0\libgcc.a(_moddi3.o)
 .data          0x00000000        0x0 C:/Users/Andy/AppData/Local/xpack-riscv-none-elf-gcc/14.2.0-3/bin/../lib/gcc/riscv-none-elf/14.2.0\libgcc.a(_moddi3.o)
 .bss           0x00000000        0x0 C:/Users/Andy/AppData/Local/xpack-riscv-none-elf-gcc/14.2.0-3/bin/../lib/gcc/riscv-none-elf/14.2.0\libgcc.a(_moddi3.o)
 .comment       0x00000000       0x34 C:/Users/Andy/AppData/Local/xpack-riscv-none-elf-gcc/14.2.0-3/bin/../lib/gcc/riscv-none-elf/14.2.0\libgcc.a(_moddi3.o)
 .note.GNU-stack
                0x00000000        0x0 C:/Users/Andy/AppData/Local/xpack-riscv-none-elf-gcc/14.2.0-3/bin/../lib/gcc/riscv-none-elf/14.2.0\libgcc.a(_moddi3.o)
 .eh_frame      0x00000000       0x28 C:/Users/Andy/AppData/Local/xpack-riscv-none-elf-gcc/14.2.0-3/bin/../lib/gcc/riscv-none-elf/14.2.0\libgcc.a(_moddi3.o)
 .text          0x00000000        0x0 C:/Users/Andy/AppData/Local/xpack-riscv-none-elf-gcc/14.2.0-3/bin/../lib/gcc/riscv-none-elf/14.2.0\libgcc.a(adddf3.o)
 .data          0x00000000        0x0 C:/Users/Andy/AppData/Local/xpack-riscv-none-elf-gcc/14.2.0-3/bin/../lib/gcc/riscv-none-elf/14.2.0\libgcc.a(adddf3.o)
 .bss           0x00000000        0x0 C:/Users/Andy/AppData/Local/xpack-riscv-none-elf-gcc/14.2.0-3/bin/../lib/gcc/riscv-none-elf/14.2.0\libgcc.a(adddf3.o)
 .comment       0x00000000       0x34 C:/Users/Andy/AppData/Local/xpack-riscv-none-elf-gcc/14.2.0-3/bin/../lib/gcc/riscv-none-elf/14.2.0\libgcc.a(adddf3.o)
 .note.GNU-stack
                0x00000000        0x0 C:/Users/Andy/AppData/Local/xpack-riscv-none-elf-gcc/14.2.0-3/bin/../lib/gcc/riscv-none-elf/14.2.0\libgcc.a(adddf3.o)
 .text          0x00000000        0x0 C:/Users/Andy/AppData/Local/xpack-riscv-none-elf-gcc/14.2.0-3/bin/../lib/gcc/riscv-none-elf/14.2.0\libgcc.a(muldf3.o)
 .data          0x00000000        0x0 C:/Users/Andy/AppData/Local/xpack-riscv-none-elf-gcc/14.2.0-3/bin/../lib/gcc/riscv-none-elf/14.2.0\libgcc.a(muldf3.o)
 .bss           0x00000000        0x0 C:/Users/Andy/AppData/Local/xpack-riscv-none-elf-gcc/14.2.0-3/bin/../lib/gcc/riscv-none-elf/14.2.0\libgcc.a(muldf3.o)
 .comment       0x00000000       0x34 C:/Users/Andy/AppData/Local/xpack-riscv-none-elf-gcc/14.2.0-3/bin/../lib/gcc/riscv-none-elf/14.2.0\libgcc.a(muldf3.o)
 .note.GNU-stack
                0x00000000        0x0 C:/Users/Andy/AppData/Local/xpack-riscv-none-elf-gcc/14.2.0-3/bin/../lib/gcc/riscv-none-elf/14.2.0\libgcc.a(muldf3.o)
 .text          0x00000000        0x0 C:/Users/Andy/AppData/Local/xpack-riscv-none-elf-gcc/14.2.0-3/bin/../lib/gcc/riscv-none-elf/14.2.0\libgcc.a(subdf3.o)
 .data          0x00000000        0x0 C:/Users/Andy/AppData/Local/xpack-riscv-none-elf-gcc/14.2.0-3/bin/../lib/gcc/riscv-none-elf/14.2.0\libgcc.a(subdf3.o)
 .bss           0x00000000        0x0 C:/Users/Andy/AppData/Local/xpack-riscv-none-elf-gcc/14.2.0-3/bin/../lib/gcc/riscv-none-elf/14.2.0\libgcc.a(subdf3.o)
 .comment       0x00000000       0x34 C:/Users/Andy/AppData/Local/xpack-riscv-none-elf-gcc/14.2.0-3/bin/../lib/gcc/riscv-none-elf/14.2.0\libgcc.a(subdf3.o)
 .note.GNU-stack
                0x00000000        0x0 C:/Users/Andy/AppData/Local/xpack-riscv-none-elf-gcc/14.2.0-3/bin/../lib/gcc/riscv-none-elf/14.2.0\libgcc.a(subdf3.o)
 .text          0x00000000        0x0 C:/Users/Andy/AppData/Local/xpack-riscv-none-elf-gcc/14.2.0-3/bin/../lib/gcc/riscv-none-elf/14.2.0\libgcc.a(fixdfsi.o)
 .data          0x00000000        0x0 C:/Users/Andy/AppData/Local/xpack-riscv-none-elf-gcc/14.2.0-3/bin/../lib/gcc/riscv-none-elf/14.2.0\libgcc.a(fixdfsi.o)
 .bss           0x00000000        0x0 C:/Users/Andy/AppData/Local/xpack-riscv-none-elf-gcc/14.2.0-3/bin/../lib/gcc/riscv-none-elf/14.2.0\libgcc.a(fixdfsi.o)
 .comment       0x00000000       0x34 C:/Users/Andy/AppData/Local/xpack-riscv-none-elf-gcc/14.2.0-3/bin/../lib/gcc/riscv-none-elf/14.2.0\libgcc.a(fixdfsi.o)
 .note.GNU-stack
                0x00000000        0x0 C:/Users/Andy/AppData/Local/xpack-riscv-none-elf-gcc/14.2.0-3/bin/../lib/gcc/riscv-none-elf/14.2.0\libgcc.a(fixdfsi.o)
 .text          0x00000000        0x0 C:/Users/Andy/AppData/Local/xpack-riscv-none-elf-gcc/14.2.0-3/bin/../lib/gcc/riscv-none-elf/14.2.0\libgcc.a(floatsidf.o)
 .data          0x00000000        0x0 C:/Users/Andy/AppData/Local/xpack-riscv-none-elf-gcc/14.2.0-3/bin/../lib/gcc/riscv-none-elf/14.2.0\libgcc.a(floatsidf.o)
 .bss           0x00000000        0x0 C:/Users/Andy/AppData/Local/xpack-riscv-none-elf-gcc/14.2.0-3/bin/../lib/gcc/riscv-none-elf/14.2.0\libgcc.a(floatsidf.o)
 .comment       0x00000000       0x34 C:/Users/Andy/AppData/Local/xpack-riscv-none-elf-gcc/14.2.0-3/bin/../lib/gcc/riscv-none-elf/14.2.0\libgcc.a(floatsidf.o)
 .note.GNU-stack
                0x00000000        0x0 C:/Users/Andy/AppData/Local/xpack-riscv-none-elf-gcc/14.2.0-3/bin/../lib/gcc/riscv-none-elf/14.2.0\libgcc.a(floatsidf.o)
 .text          0x00000000        0x0 C:/Users/Andy/AppData/Local/xpack-riscv-none-elf-gcc/14.2.0-3/bin/../lib/gcc/riscv-none-elf/14.2.0\libgcc.a(gesf2.o)
 .data          0x00000000        0x0 C:/Users/Andy/AppData/Local/xpack-riscv-none-elf-gcc/14.2.0-3/bin/../lib/gcc/riscv-none-elf/14.2.0\libgcc.a(gesf2.o)
 .bss           0x00000000        0x0 C:/Users/Andy/AppData/Local/xpack-riscv-none-elf-gcc/14.2.0-3/bin/../lib/gcc/riscv-none-elf/14.2.0\libgcc.a(gesf2.o)
 .comment       0x00000000       0x34 C:/Users/Andy/AppData/Local/xpack-riscv-none-elf-gcc/14.2.0-3/bin/../lib/gcc/riscv-none-elf/14.2.0\libgcc.a(gesf2.o)
 .note.GNU-stack
                0x00000000        0x0 C:/Users/Andy/AppData/Local/xpack-riscv-none-elf-gcc/14.2.0-3/bin/../lib/gcc/riscv-none-elf/14.2.0\libgcc.a(gesf2.o)
 .text          0x00000000        0x0 C:/Users/Andy/AppData/Local/xpack-riscv-none-elf-gcc/14.2.0-3/bin/../lib/gcc/riscv-none-elf/14.2.0\libgcc.a(floatsisf.o)
 .data          0x00000000        0x0 C:/Users/Andy/AppData/Local/xpack-riscv-none-elf-gcc/14.2.0-3/bin/../lib/gcc/riscv-none-elf/14.2.0\libgcc.a(floatsisf.o)
 .bss           0x00000000        0x0 C:/Users/Andy/AppData/Local/xpack-riscv-none-elf-gcc/14.2.0-3/bin/../lib/gcc/riscv-none-elf/14.2.0\libgcc.a(floatsisf.o)
 .comment       0x00000000       0x34 C:/Users/Andy/AppData/Local/xpack-riscv-none-elf-gcc/14.2.0-3/bin/../lib/gcc/riscv-none-elf/14.2.0\libgcc.a(floatsisf.o)
 .note.GNU-stack
                0x00000000        0x0 C:/Users/Andy/AppData/Local/xpack-riscv-none-elf-gcc/14.2.0-3/bin/../lib/gcc/riscv-none-elf/14.2.0\libgcc.a(floatsisf.o)
 .text          0x00000000        0x0 C:/Users/Andy/AppData/Local/xpack-riscv-none-elf-gcc/14.2.0-3/bin/../lib/gcc/riscv-none-elf/14.2.0\libgcc.a(_clz.o)
 .data          0x00000000        0x0 C:/Users/Andy/AppData/Local/xpack-riscv-none-elf-gcc/14.2.0-3/bin/../lib/gcc/riscv-none-elf/14.2.0\libgcc.a(_clz.o)
 .bss           0x00000000        0x0 C:/Users/Andy/AppData/Local/xpack-riscv-none-elf-gcc/14.2.0-3/bin/../lib/gcc/riscv-none-elf/14.2.0\libgcc.a(_clz.o)
 .comment       0x00000000       0x34 C:/Users/Andy/AppData/Local/xpack-riscv-none-elf-gcc/14.2.0-3/bin/../lib/gcc/riscv-none-elf/14.2.0\libgcc.a(_clz.o)
 .note.GNU-stack
                0x00000000        0x0 C:/Users/Andy/AppData/Local/xpack-riscv-none-elf-gcc/14.2.0-3/bin/../lib/gcc/riscv-none-elf/14.2.0\libgcc.a(_clz.o)
 .text          0x00000000        0x0 C:/Users/Andy/AppData/Local/xpack-riscv-none-elf-gcc/14.2.0-3/bin/../lib/gcc/riscv-none-elf/14.2.0\libgcc.a(_clzsi2.o)
 .data          0x00000000        0x0 C:/Users/Andy/AppData/Local/xpack-riscv-none-elf-gcc/14.2.0-3/bin/../lib/gcc/riscv-none-elf/14.2.0\libgcc.a(_clzsi2.o)
 .bss           0x00000000        0x0 C:/Users/Andy/AppData/Local/xpack-riscv-none-elf-gcc/14.2.0-3/bin/../lib/gcc/riscv-none-elf/14.2.0\libgcc.a(_clzsi2.o)
 .comment       0x00000000       0x34 C:/Users/Andy/AppData/Local/xpack-riscv-none-elf-gcc/14.2.0-3/bin/../lib/gcc/riscv-none-elf/14.2.0\libgcc.a(_clzsi2.o)
 .note.GNU-stack
                0x00000000        0x0 C:/Users/Andy/AppData/Local/xpack-riscv-none-elf-gcc/14.2.0-3/bin/../lib/gcc/riscv-none-elf/14.2.0\libgcc.a(_clzsi2.o)

Memory Configuration

Name             Origin             Length             Attributes
FLASH            0x00000000         0x0003c000         xr
RAM              0x20000000         0x00003000         xrw
*default*        0x00000000         0xffffffff

Linker script and memory map

LOAD C:\Users\Andy\AppData\Local\Temp\ccMVSkIw.o
LOAD C:\Users\Andy\AppData\Local\Temp\cc7vDGUk.ltrans0.ltrans.o
LOAD C:\Users\Andy\AppData\Local\Temp\cchwHGBR.debug.temp.o
LOAD C:\Users\Andy\AppData\Local\Temp\ccArxumd.debug.temp.o
LOAD C:\Users\Andy\AppData\Local\Temp\ccryxadB.o
LOAD C:/Users/Andy/AppData/Local/xpack-riscv-none-elf-gcc/14.2.0-3/bin/../lib/gcc/riscv-none-elf/14.2.0\libgcc.a

.init           0x00000000       0x90
                0x00000000                        _sinit = .
                0x00000000                        . = ALIGN (0x4)
 *(SORT_NONE(.init))
 .init          0x00000000       0x90 C:\Users\Andy\AppData\Local\Temp\cc7vDGUk.ltrans0.ltrans.o
                0x00000000                InterruptVector
                0x00000000                InterruptVectorDefault
                0x00000090                        . = ALIGN (0x4)
                0x00000090                        _einit = .

.highcodelalign
                0x00000090        0x0
                0x00000090                        . = ALIGN (0x4)
                0x00000090                        PROVIDE (_highcode_lma = .)

.highcode       0x20000000      0x9a4 load address 0x00000090
                0x20000000                        . = ALIGN (0x4)
                0x20000000                        PROVIDE (_highcode_vma_start = .)
 *(.highcode*)
 .highcode      0x20000000      0x9a4 C:\Users\Andy\AppData\Local\Temp\cc7vDGUk.ltrans0.ltrans.o
                0x2000001c                iSLERRSSI
                0x20000034                iSLERCRCOK
                0x20000054                iSLERTX
                0x2000018c                iSLERRX
                0x20000336                ConfigI2C
                0x2000034e                SendStart
                0x200003ba                SendStop
                0x2000043a                SendByte
                0x2000050c                SendByteNoAck
                0x200005da                GetByte
                0x200006c2                ProcessLSM6DS3
                0x20000806                CoreLoop
                0x200009a4                        . = ALIGN (0x4)
                0x200009a4                        PROVIDE (_highcode_vma_end = .)

.text           0x00000a34     0x46f4
                0x00000a34                        . = ALIGN (0x4)
 *(.text)
 *(.text.*)
 .text.mini_pad
                0x00000a34       0x8a C:\Users\Andy\AppData\Local\Temp\cc7vDGUk.ltrans0.ltrans.o
 .text._puts    0x00000abe       0x42 C:\Users\Andy\AppData\Local\Temp\cc7vDGUk.ltrans0.ltrans.o
 .text.DelaySysTick
                0x00000b00       0x12 C:\Users\Andy\AppData\Local\Temp\cc7vDGUk.ltrans0.ltrans.o
 .text.mini_itoa.part.0
                0x00000b12       0x90 C:\Users\Andy\AppData\Local\Temp\cc7vDGUk.ltrans0.ltrans.o
 .text.ssd1306_drawPixel
                0x00000ba2       0x3c C:\Users\Andy\AppData\Local\Temp\cc7vDGUk.ltrans0.ltrans.o
 .text.DevSetMode
                0x00000bde       0x4e C:\Users\Andy\AppData\Local\Temp\cc7vDGUk.ltrans0.ltrans.o
 .text.RFEND_TXCTune
                0x00000c2c       0x7e C:\Users\Andy\AppData\Local\Temp\cc7vDGUk.ltrans0.ltrans.o
 .text.DevSetChannel
                0x00000caa       0x22 C:\Users\Andy\AppData\Local\Temp\cc7vDGUk.ltrans0.ltrans.o
 .text.RenderBSprite
                0x00000ccc       0xd8 C:\Users\Andy\AppData\Local\Temp\cc7vDGUk.ltrans0.ltrans.o
 .text._rand_gen_32b
                0x00000da4       0x3c C:\Users\Andy\AppData\Local\Temp\cc7vDGUk.ltrans0.ltrans.o
 .text.ModePufferWirelessRX
                0x00000de0        0x2 C:\Users\Andy\AppData\Local\Temp\cc7vDGUk.ltrans0.ltrans.o
 .text.badSin   0x00000de2       0x30 C:\Users\Andy\AppData\Local\Temp\cc7vDGUk.ltrans0.ltrans.o
 .text.funPinMode.part.0
                0x00000e12       0x30 C:\Users\Andy\AppData\Local\Temp\cc7vDGUk.ltrans0.ltrans.o
 .text.ssd1306_drawstr_sz.constprop.0
                0x00000e42       0xdc C:\Users\Andy\AppData\Local\Temp\cc7vDGUk.ltrans0.ltrans.o
 .text.internal_handle_input.constprop.0
                0x00000f1e        0xa C:\Users\Andy\AppData\Local\Temp\cc7vDGUk.ltrans0.ltrans.o
 .text._write.constprop.0
                0x00000f28       0xec C:\Users\Andy\AppData\Local\Temp\cc7vDGUk.ltrans0.ltrans.o
 .text.__puts_uart
                0x00001014       0x14 C:\Users\Andy\AppData\Local\Temp\cc7vDGUk.ltrans0.ltrans.o
 .text.ssd1306_pkt_send.isra.0
                0x00001028       0x62 C:\Users\Andy\AppData\Local\Temp\cc7vDGUk.ltrans0.ltrans.o
 .text.ssd1306_cmd.isra.0
                0x0000108a       0x18 C:\Users\Andy\AppData\Local\Temp\cc7vDGUk.ltrans0.ltrans.o
 .text.ssd1306_refresh
                0x000010a2       0x76 C:\Users\Andy\AppData\Local\Temp\cc7vDGUk.ltrans0.ltrans.o
 .text.funPinMode.constprop.0
                0x00001118       0x1e C:\Users\Andy\AppData\Local\Temp\cc7vDGUk.ltrans0.ltrans.o
 .text.handle_reset
                0x00001136       0xb0 C:\Users\Andy\AppData\Local\Temp\cc7vDGUk.ltrans0.ltrans.o
                0x00001136                handle_reset
 .text.vector_handler
                0x000011e6        0x2 C:\Users\Andy\AppData\Local\Temp\cc7vDGUk.ltrans0.ltrans.o
                0x000011e6                EXTI2_IRQHandler
                0x000011e6                TIM8_TRG_COM_IRQHandler
                0x000011e6                TIM8_CC_IRQHandler
                0x000011e6                USART_WKUP_IRQHandler
                0x000011e6                UART8_IRQHandler
                0x000011e6                SPI4_IRQHandler
                0x000011e6                NFC_IRQHandler
                0x000011e6                DFSDM0_IRQHandler
                0x000011e6                TIM1_CC_IRQHandler
                0x000011e6                HardFault_Handler
                0x000011e6                TIM10_IRQHandler
                0x000011e6                GPIOB_IRQHandler
                0x000011e6                IPC_CH2_Handler
                0x000011e6                USBPD_IRQHandler
                0x000011e6                TIM6_IRQHandler
                0x000011e6                GPIOA_IRQHandler
                0x000011e6                SysTick_Handler
                0x000011e6                CAN3_RX1_IRQHandler
                0x000011e6                I3C_ER_IRQHandler
                0x000011e6                PVD_IRQHandler
                0x000011e6                SDIO_IRQHandler
                0x000011e6                TIM9_BRK_IRQHandler
                0x000011e6                DMA2_Channel8_IRQHandler
                0x000011e6                NMI_Handler
                0x000011e6                CAN2_RX1_IRQHandler
                0x000011e6                EXTI3_IRQHandler
                0x000011e6                HSEM_Handler
                0x000011e6                UART1_IRQHandler
                0x000011e6                USBHS_IRQHandler
                0x000011e6                LPTIM2_IRQHandler
                0x000011e6                DMA2_Channel9_IRQHandler
                0x000011e6                TIM10_CC_IRQHandler
                0x000011e6                EXTI25_16_IRQHandler
                0x000011e6                I2C3_ER_IRQHandler
                0x000011e6                USBFS_IRQHandler
                0x000011e6                UART0_IRQHandler
                0x000011e6                USART8_IRQHandler
                0x000011e6                EXTI0_IRQHandler
                0x000011e6                I2C2_EV_IRQHandler
                0x000011e6                TIM10_TRG_COM_IRQHandler
                0x000011e6                LPTIM_IRQHandler
                0x000011e6                CAN1_RX0_IRQHandler
                0x000011e6                CAN3_SCE_IRQHandler
                0x000011e6                CAN2_SCE_IRQHandler
                0x000011e6                ADC1_2_IRQHandler
                0x000011e6                BB_IRQHandler
                0x000011e6                Break_Point_Handler
                0x000011e6                IPC_CH0_Handler
                0x000011e6                TIM2_CC_IRQHandler
                0x000011e6                SPI1_IRQHandler
                0x000011e6                USART5_IRQHandler
                0x000011e6                TAMPER_IRQHandler
                0x000011e6                TMR0_IRQHandler
                0x000011e6                AWU_IRQHandler
                0x000011e6                EXTI7_0_IRQHandler
                0x000011e6                CAN2_RX0_IRQHandler
                0x000011e6                OSCWakeUp_IRQHandler
                0x000011e6                TIM8_UP_IRQHandler
                0x000011e6                Ecall_M_Mode_Handler
                0x000011e6                ECDC_IRQHandler
                0x000011e6                SDMMC_IRQHandler
                0x000011e6                USART7_IRQHandler
                0x000011e6                DMA2_Channel2_IRQHandler
                0x000011e6                DMA1_Channel4_IRQHandler
                0x000011e6                ADC1_IRQHandler
                0x000011e6                TIM2_BRK_IRQHandler
                0x000011e6                USART6_IRQHandler
                0x000011e6                CAN3_RX0_IRQHandler
                0x000011e6                HSADC_IRQHandler
                0x000011e6                TIM9_UP_IRQHandler
                0x000011e6                USART3_IRQHandler
                0x000011e6                RTC_IRQHandler
                0x000011e6                DMA1_Channel7_IRQHandler
                0x000011e6                LED_IRQHandler
                0x000011e6                CAN1_RX1_IRQHandler
                0x000011e6                DVP_IRQHandler
                0x000011e6                UART5_IRQHandler
                0x000011e6                USBSS_IRQHandler
                0x000011e6                SWPMI_IRQHandler
                0x000011e6                USBPDWakeUp_IRQHandler
                0x000011e6                EXTI15_8_IRQHandler
                0x000011e6                TIM4_IRQHandler
                0x000011e6                DMA2_Channel1_IRQHandler
                0x000011e6                SWPMI_WKUP_IRQHandler
                0x000011e6                USBPD_WKUP_IRQHandler
                0x000011e6                I2C1_EV_IRQHandler
                0x000011e6                USBSSWakeup_IRQHandler
                0x000011e6                UART2_IRQHandler
                0x000011e6                USART4_IRQHandler
                0x000011e6                PWMX_IRQHandler
                0x000011e6                DMA1_Channel6_IRQHandler
                0x000011e6                UART4_IRQHandler
                0x000011e6                DMA2_Channel4_IRQHandler
                0x000011e6                TIM3_IRQHandler
                0x000011e6                RCC_IRQHandler
                0x000011e6                TIM1_TRG_COM_IRQHandler
                0x000011e6                DMA1_Channel1_IRQHandler
                0x000011e6                DMA2_Channel7_IRQHandler
                0x000011e6                QSPI1_IRQHandler
                0x000011e6                EXTI15_10_IRQHandler
                0x000011e6                ADC_IRQHandler
                0x000011e6                IPC_CH3_Handler
                0x000011e6                DMA1_Channel8_IRQHandler
                0x000011e6                I3C_EV_IRQHandler
                0x000011e6                TMR2_IRQHandler
                0x000011e6                I3C_WKUP_IRQHandler
                0x000011e6                DefaultIRQHandler
                0x000011e6                TIM12_IRQHandler
                0x000011e6                TIM7_IRQHandler
                0x000011e6                CAN2_TX_IRQHandler
                0x000011e6                TIM5_IRQHandler
                0x000011e6                I2C3_EV_IRQHandler
                0x000011e6                USB_IRQHandler
                0x000011e6                EXTI9_5_IRQHandler
                0x000011e6                PIOC_IRQHandler
                0x000011e6                TIM9_IRQHandler
                0x000011e6                LTDC_IRQHandler
                0x000011e6                SAI_IRQHandler
                0x000011e6                SPI2_IRQHandler
                0x000011e6                OSC32KCal_IRQHandler
                0x000011e6                IPC_CH1_Handler
                0x000011e6                I2C_IRQHandler
                0x000011e6                LPTIM1_WKUP_IRQHandler
                0x000011e6                TIM10_BRK_IRQHandler
                0x000011e6                TIM9_CC_IRQHandler
                0x000011e6                CAN1_TX_IRQHandler
                0x000011e6                DMA2_Channel5_IRQHandler
                0x000011e6                USB2_IRQHandler
                0x000011e6                USBHSWakeUp_IRQHandler
                0x000011e6                DMA1_Channel5_IRQHandler
                0x000011e6                EXTI4_IRQHandler
                0x000011e6                USB_LP_CAN1_RX0_IRQHandler
                0x000011e6                QSPI2_IRQHandler
                0x000011e6                RNG_IRQHandler
                0x000011e6                USB_HP_CAN1_TX_IRQHandler
                0x000011e6                CMPWakeUp_IRQHandler
                0x000011e6                DMA1_Channel3_IRQHandler
                0x000011e6                FSMC_IRQHandler
                0x000011e6                ETH_IRQHandler
                0x000011e6                TIM1_UP_IRQHandler
                0x000011e6                LPTIMWakeUp_IRQHandler
                0x000011e6                WWDG_IRQHandler
                0x000011e6                USBHSWakeup_IRQHandler
                0x000011e6                DMA2_Channel11_IRQHandler
                0x000011e6                WDOG_BAT_IRQHandler
                0x000011e6                Ecall_U_Mode_Handler
                0x000011e6                I2C4_EV_IRQHandler
                0x000011e6                CAN3_TX_IRQHandler
                0x000011e6                TMR3_IRQHandler
                0x000011e6                DMA2_Channel6_IRQHandler
                0x000011e6                TIM2_IRQHandler
                0x000011e6                SW_Handler
                0x000011e6                TIM1_BRK_IRQHandler
                0x000011e6                GPHA_IRQHandler
                0x000011e6                OPA_IRQHandler
                0x000011e6                DMA2_Channel10_IRQHandler
                0x000011e6                EXTI1_IRQHandler
                0x000011e6                SPI0_IRQHandler
                0x000011e6                USB2_HOST_IRQHandler
                0x000011e6                LPTIM2_WKUP_IRQHandler
                0x000011e6                RTCAlarm_IRQHandler
                0x000011e6                TIM11_IRQHandler
                0x000011e6                TIM10_UP_IRQHandler
                0x000011e6                TIM9_TRG_COM_IRQHandler
                0x000011e6                UART7_IRQHandler
                0x000011e6                USART2_IRQHandler
                0x000011e6                UART6_IRQHandler
                0x000011e6                UHSIF_IRQHandler
                0x000011e6                ETHWakeUp_IRQHandler
                0x000011e6                I2C2_ER_IRQHandler
                0x000011e6                DMA1_Channel2_IRQHandler
                0x000011e6                TIM8_BRK_IRQHandler
                0x000011e6                TIM2_TRG_IRQHandler
                0x000011e6                CAN1_SCE_IRQHandler
                0x000011e6                FLASH_IRQHandler
                0x000011e6                USBFSWakeUp_IRQHandler
                0x000011e6                USART1_IRQHandler
                0x000011e6                OTG_FS_IRQHandler
                0x000011e6                SPI3_IRQHandler
                0x000011e6                USBFS_WakeUp_IRQHandler
                0x000011e6                UART3_IRQHandler
                0x000011e6                I2C1_ER_IRQHandler
                0x000011e6                FMC_IRQHandler
                0x000011e6                USB2_DEVICE_IRQHandler
                0x000011e6                LPTIM1_IRQHandler
                0x000011e6                DFSDM1_IRQHandler
                0x000011e6                I2C4_ER_IRQHandler
                0x000011e6                SERDES_IRQHandler
                0x000011e6                USBSS_LINK_IRQHandler
                0x000011e6                USBWakeUp_IRQHandler
                0x000011e6                DMA2_Channel3_IRQHandler
 .text.strlen   0x000011e8       0x12 C:\Users\Andy\AppData\Local\Temp\cc7vDGUk.ltrans0.ltrans.o
                0x000011e8                strlen
 .text.mini_vpprintf
                0x000011fa      0x1d6 C:\Users\Andy\AppData\Local\Temp\cc7vDGUk.ltrans0.ltrans.o
 .text.printf   0x000013d0       0x28 C:\Users\Andy\AppData\Local\Temp\cc7vDGUk.ltrans0.ltrans.o
                0x000013d0                printf
 .text.mini_vsnprintf
                0x000013f8       0x3a C:\Users\Andy\AppData\Local\Temp\cc7vDGUk.ltrans0.ltrans.o
 .text.sprintf  0x00001432       0x24 C:\Users\Andy\AppData\Local\Temp\cc7vDGUk.ltrans0.ltrans.o
                0x00001432                sprintf
 .text.memset   0x00001456       0x12 C:\Users\Andy\AppData\Local\Temp\cc7vDGUk.ltrans0.ltrans.o
                0x00001456                memset
 .text.ssd1306_setbuf.constprop.0
                0x00001468       0x12 C:\Users\Andy\AppData\Local\Temp\cc7vDGUk.ltrans0.ltrans.o
 .text.ModePufferLoop
                0x0000147a      0x39a C:\Users\Andy\AppData\Local\Temp\cc7vDGUk.ltrans0.ltrans.o
 .text.ModeMenuLoop
                0x00001814      0x18c C:\Users\Andy\AppData\Local\Temp\cc7vDGUk.ltrans0.ltrans.o
 .text.memcpy   0x000019a0       0x1c C:\Users\Andy\AppData\Local\Temp\cc7vDGUk.ltrans0.ltrans.o
                0x000019a0                memcpy
 .text.putchar  0x000019bc       0x64 C:\Users\Andy\AppData\Local\Temp\cc7vDGUk.ltrans0.ltrans.o
                0x000019bc                putchar
 .text.ModeTestWirelessRX
                0x00001a20       0x62 C:\Users\Andy\AppData\Local\Temp\cc7vDGUk.ltrans0.ltrans.o
 .text.ModeExampleWirelessRX
                0x00001a82        0x2 C:\Users\Andy\AppData\Local\Temp\cc7vDGUk.ltrans0.ltrans.o
 .text.SystemInit
                0x00001a84       0x7c C:\Users\Andy\AppData\Local\Temp\cc7vDGUk.ltrans0.ltrans.o
                0x00001a84                SystemInit
 .text.ISLER_BEANBOY_INTERNAL_CALLBACK
                0x00001b00       0x4e C:\Users\Andy\AppData\Local\Temp\cc7vDGUk.ltrans0.ltrans.o
 .text.LLE_IRQHandler
                0x00001b4e       0x90 C:\Users\Andy\AppData\Local\Temp\cc7vDGUk.ltrans0.ltrans.o
 .text.ModeExampleLoop
                0x00001bde      0x1d0 C:\Users\Andy\AppData\Local\Temp\cc7vDGUk.ltrans0.ltrans.o
 .text.SetupRegisterMap.isra.0
                0x00001dae       0x84 C:\Users\Andy\AppData\Local\Temp\cc7vDGUk.ltrans0.ltrans.o
 .text.startup.main
                0x00001e32      0x6c2 C:\Users\Andy\AppData\Local\Temp\cc7vDGUk.ltrans0.ltrans.o
                0x00001e32                main
 .text.ModeTestLoop
                0x000024f4        0xc C:\Users\Andy\AppData\Local\Temp\cc7vDGUk.ltrans0.ltrans.o
 .text.__divdi3
                0x00002500      0x3e2 C:/Users/Andy/AppData/Local/xpack-riscv-none-elf-gcc/14.2.0-3/bin/../lib/gcc/riscv-none-elf/14.2.0\libgcc.a(_divdi3.o)
                0x00002500                __divdi3
 .text.__moddi3
                0x000028e2      0x3be C:/Users/Andy/AppData/Local/xpack-riscv-none-elf-gcc/14.2.0-3/bin/../lib/gcc/riscv-none-elf/14.2.0\libgcc.a(_moddi3.o)
                0x000028e2                __moddi3
 .text.__adddf3
                0x00002ca0      0x8c6 C:/Users/Andy/AppData/Local/xpack-riscv-none-elf-gcc/14.2.0-3/bin/../lib/gcc/riscv-none-elf/14.2.0\libgcc.a(adddf3.o)
                0x00002ca0                __adddf3
 .text.__muldf3
                0x00003566      0x556 C:/Users/Andy/AppData/Local/xpack-riscv-none-elf-gcc/14.2.0-3/bin/../lib/gcc/riscv-none-elf/14.2.0\libgcc.a(muldf3.o)
                0x00003566                __muldf3
 .text.__subdf3
                0x00003abc      0x8b6 C:/Users/Andy/AppData/Local/xpack-riscv-none-elf-gcc/14.2.0-3/bin/../lib/gcc/riscv-none-elf/14.2.0\libgcc.a(subdf3.o)
                0x00003abc                __subdf3
 .text.__fixdfsi
                0x00004372       0x66 C:/Users/Andy/AppData/Local/xpack-riscv-none-elf-gcc/14.2.0-3/bin/../lib/gcc/riscv-none-elf/14.2.0\libgcc.a(fixdfsi.o)
                0x00004372                __fixdfsi
 .text.__floatsidf
                0x000043d8       0x76 C:/Users/Andy/AppData/Local/xpack-riscv-none-elf-gcc/14.2.0-3/bin/../lib/gcc/riscv-none-elf/14.2.0\libgcc.a(floatsidf.o)
                0x000043d8                __floatsidf
 .text.__gesf2  0x0000444e       0x9a C:/Users/Andy/AppData/Local/xpack-riscv-none-elf-gcc/14.2.0-3/bin/../lib/gcc/riscv-none-elf/14.2.0\libgcc.a(gesf2.o)
                0x0000444e                __gesf2
                0x0000444e                __gtsf2
 .text.__floatsisf
                0x000044e8       0xda C:/Users/Andy/AppData/Local/xpack-riscv-none-elf-gcc/14.2.0-3/bin/../lib/gcc/riscv-none-elf/14.2.0\libgcc.a(floatsisf.o)
                0x000044e8                __floatsisf
 .text.__clzsi2
                0x000045c2       0x6e C:/Users/Andy/AppData/Local/xpack-riscv-none-elf-gcc/14.2.0-3/bin/../lib/gcc/riscv-none-elf/14.2.0\libgcc.a(_clzsi2.o)
                0x000045c2                __clzsi2
 *(.rodata)
 *(.rodata*)
 *fill*         0x00004630        0x0 
 .rodata.ModePufferLoop.str1.4
                0x00004630      0x17c C:\Users\Andy\AppData\Local\Temp\cc7vDGUk.ltrans0.ltrans.o
                                 0x77 (size before relaxing)
 .rodata.ModeMenuLoop.str1.4
                0x000047ac        0x5 C:\Users\Andy\AppData\Local\Temp\cc7vDGUk.ltrans0.ltrans.o
 .rodata.ModeTestWirelessRX.str1.4
                0x000047ac       0x2e C:\Users\Andy\AppData\Local\Temp\cc7vDGUk.ltrans0.ltrans.o
 .rodata.ModeExampleLoop.str1.4
                0x000047ac       0x17 C:\Users\Andy\AppData\Local\Temp\cc7vDGUk.ltrans0.ltrans.o
 .rodata.SetupRegisterMap.isra.0.str1.4
                0x000047ac       0x1a C:\Users\Andy\AppData\Local\Temp\cc7vDGUk.ltrans0.ltrans.o
 .rodata.main.str1.4
                0x000047ac       0x30 C:\Users\Andy\AppData\Local\Temp\cc7vDGUk.ltrans0.ltrans.o
 .rodata.str1.4
                0x000047ac       0x6c C:\Users\Andy\AppData\Local\Temp\cc7vDGUk.ltrans0.ltrans.o
 .rodata.fontdata
                0x000047ac      0x800 C:\Users\Andy\AppData\Local\Temp\cc7vDGUk.ltrans0.ltrans.o
 .rodata.LSM6DS3Regmap.1
                0x00004fac       0x1e C:\Users\Andy\AppData\Local\Temp\cc7vDGUk.ltrans0.ltrans.o
 *fill*         0x00004fca        0x2 
 .rodata.ssd1306_init_array
                0x00004fcc       0x23 C:\Users\Andy\AppData\Local\Temp\cc7vDGUk.ltrans0.ltrans.o
 *fill*         0x00004fef        0x1 
 .rodata.gameModes
                0x00004ff0       0x10 C:\Users\Andy\AppData\Local\Temp\cc7vDGUk.ltrans0.ltrans.o
 .rodata.channel_map
                0x00005000       0x28 C:\Users\Andy\AppData\Local\Temp\cc7vDGUk.ltrans0.ltrans.o
 .rodata.__clz_tab
                0x00005028      0x100 C:/Users/Andy/AppData/Local/xpack-riscv-none-elf-gcc/14.2.0-3/bin/../lib/gcc/riscv-none-elf/14.2.0\libgcc.a(_clz.o)
                0x00005028                __clz_tab
 *(.gnu.linkonce.t.*)
                0x00005128                        . = ALIGN (0x4)

.rela.dyn       0x00005128        0x0
 .rela.text.handle_reset
                0x00005128        0x0 C:\Users\Andy\AppData\Local\Temp\cc7vDGUk.ltrans0.ltrans.o

.fini           0x00005128        0x0
 *(SORT_NONE(.fini))
                0x00005128                        . = ALIGN (0x4)
                [!provide]                        PROVIDE (_etext = .)
                [!provide]                        PROVIDE (_eitcm = .)

.preinit_array  0x00005128        0x0
                [!provide]                        PROVIDE (__preinit_array_start = .)
 *(.preinit_array)
                [!provide]                        PROVIDE (__preinit_array_end = .)

.init_array     0x00005128        0x0
                0x00005128                        PROVIDE (__init_array_start = .)
 *(SORT_BY_INIT_PRIORITY(.init_array.*) SORT_BY_INIT_PRIORITY(.ctors.*))
 *(.init_array EXCLUDE_FILE(*crtend?.o *crtend.o *crtbegin?.o *crtbegin.o) .ctors)
                0x00005128                        PROVIDE (__init_array_end = .)

.fini_array     0x00005128        0x0
                [!provide]                        PROVIDE (__fini_array_start = .)
 *(SORT_BY_INIT_PRIORITY(.fini_array.*) SORT_BY_INIT_PRIORITY(.dtors.*))
 *(.fini_array EXCLUDE_FILE(*crtend?.o *crtend.o *crtbegin?.o *crtbegin.o) .dtors)
                [!provide]                        PROVIDE (__fini_array_end = .)

.ctors
 *crtbegin.o(.ctors)
 *crtbegin?.o(.ctors)
 *(EXCLUDE_FILE(*crtend?.o *crtend.o) .ctors)
 *(SORT_BY_NAME(.ctors.*))
 *(.ctors)

.dtors
 *crtbegin.o(.dtors)
 *crtbegin?.o(.dtors)
 *(EXCLUDE_FILE(*crtend?.o *crtend.o) .dtors)
 *(SORT_BY_NAME(.dtors.*))
 *(.dtors)

.dalign         0x200009a4        0x0 load address 0x00005128
                0x200009a4                        . = ALIGN (0x4)
                0x200009a4                        PROVIDE (_data_vma = .)

.dlalign        0x00005128        0x0
                0x00005128                        . = ALIGN (0x4)
                0x00005128                        PROVIDE (_data_lma = .)

.data           0x200009a8      0xa54 load address 0x00005128
                0x200009a8                        . = ALIGN (0x4)
                0x20000da4                        __global_pointer$ = (. + 0x3fc)
 *(.gnu.linkonce.r.*)
 *(.data .data.*)
 *(.gnu.linkonce.d.*)
                0x200009a8                        . = ALIGN (0x8)
 *(.sdata .sdata.*)
 .sdata._rand_lfsr
                0x200009a8        0x4 C:\Users\Andy\AppData\Local\Temp\cc7vDGUk.ltrans0.ltrans.o
 *(.sdata2*)
 *(.gnu.linkonce.s.*)
                0x200009b0                        . = ALIGN (0x8)
 *fill*         0x200009ac        0x4 
 *(.srodata.cst16)
 *(.srodata.cst8)
 .srodata.cst8  0x200009b0       0x28 C:\Users\Andy\AppData\Local\Temp\cc7vDGUk.ltrans0.ltrans.o
 *(.srodata.cst4)
 .srodata.cst4  0x200009d8        0xc C:\Users\Andy\AppData\Local\Temp\cc7vDGUk.ltrans0.ltrans.o
 *(.srodata.cst2)
 *(.srodata .srodata.*)
 .srodata.QMC6309Regmap.0
                0x200009e4        0x4 C:\Users\Andy\AppData\Local\Temp\cc7vDGUk.ltrans0.ltrans.o
 .srodata.fish0
                0x200009e8      0x1e4 C:\Users\Andy\AppData\Local\Temp\cc7vDGUk.ltrans0.ltrans.o
 .srodata.fish1
                0x20000bcc      0x2c4 C:\Users\Andy\AppData\Local\Temp\cc7vDGUk.ltrans0.ltrans.o
 .srodata.fish2
                0x20000e90      0x364 C:\Users\Andy\AppData\Local\Temp\cc7vDGUk.ltrans0.ltrans.o
 .srodata.bubblemirror
                0x200011f4      0x104 C:\Users\Andy\AppData\Local\Temp\cc7vDGUk.ltrans0.ltrans.o
 .srodata.bubble
                0x200012f8      0x104 C:\Users\Andy\AppData\Local\Temp\cc7vDGUk.ltrans0.ltrans.o
                0x200013fc                        . = ALIGN (0x4)
                0x200013fc                        PROVIDE (_edata = .)

.bss            0x20001400      0xc78 load address 0x00005b7c
                0x20001400                        . = ALIGN (0x4)
                0x20001400                        PROVIDE (_sbss = .)
 *(.sbss*)
 .sbss.frameentropy
                0x20001400        0x4 C:\Users\Andy\AppData\Local\Temp\cc7vDGUk.ltrans0.ltrans.o
 .sbss.iSLERChannel
                0x20001404        0x1 C:\Users\Andy\AppData\Local\Temp\cc7vDGUk.ltrans0.ltrans.o
 *fill*         0x20001405        0x3 
 .sbss.lastfifo
                0x20001408        0x4 C:\Users\Andy\AppData\Local\Temp\cc7vDGUk.ltrans0.ltrans.o
 .sbss.tuneFilter
                0x2000140c        0x4 C:\Users\Andy\AppData\Local\Temp\cc7vDGUk.ltrans0.ltrans.o
 .sbss.tuneFilter2M
                0x20001410        0x4 C:\Users\Andy\AppData\Local\Temp\cc7vDGUk.ltrans0.ltrans.o
 *(.gnu.linkonce.sb.*)
 *(.bss*)
 *fill*         0x20001414        0x4 
 .bss.gameUnion
                0x20001418       0x20 C:\Users\Andy\AppData\Local\Temp\cc7vDGUk.ltrans0.ltrans.o
 .bss.LLE_BUF   0x20001438      0x440 C:\Users\Andy\AppData\Local\Temp\cc7vDGUk.ltrans0.ltrans.o
 .bss.ssd1306_buffer
                0x20001878      0x800 C:\Users\Andy\AppData\Local\Temp\cc7vDGUk.ltrans0.ltrans.o
 *(.gnu.linkonce.b.*)
 *(COMMON*)
                0x20002078                        . = ALIGN (0x4)
                0x20002078                        PROVIDE (_ebss = .)
                [!provide]                        PROVIDE (_end = _ebss)
                [!provide]                        PROVIDE (end = .)
                0x20003000                        PROVIDE (_eusrstack = (ORIGIN (RAM) + LENGTH (RAM)))

/DISCARD/
 *(.note .note.*)
 *(.eh_frame .eh_frame.*)
 *(.comment .comment.*)
 *(.ARM.extab* .gnu.linkonce.armextab.*)
 *(.ARM.exidx*)
OUTPUT(firmware.elf elf32-littleriscv)

.riscv.attributes
                0x00000000       0x4b
 .riscv.attributes
                0x00000000       0x4b C:\Users\Andy\AppData\Local\Temp\cc7vDGUk.ltrans0.ltrans.o
 .riscv.attributes
                0x0000004b       0x47 C:/Users/Andy/AppData/Local/xpack-riscv-none-elf-gcc/14.2.0-3/bin/../lib/gcc/riscv-none-elf/14.2.0\libgcc.a(_divdi3.o)
 .riscv.attributes
                0x00000092       0x47 C:/Users/Andy/AppData/Local/xpack-riscv-none-elf-gcc/14.2.0-3/bin/../lib/gcc/riscv-none-elf/14.2.0\libgcc.a(_moddi3.o)
 .riscv.attributes
                0x000000d9       0x47 C:/Users/Andy/AppData/Local/xpack-riscv-none-elf-gcc/14.2.0-3/bin/../lib/gcc/riscv-none-elf/14.2.0\libgcc.a(adddf3.o)
 .riscv.attributes
                0x00000120       0x47 C:/Users/Andy/AppData/Local/xpack-riscv-none-elf-gcc/14.2.0-3/bin/../lib/gcc/riscv-none-elf/14.2.0\libgcc.a(muldf3.o)
 .riscv.attributes
                0x00000167       0x47 C:/Users/Andy/AppData/Local/xpack-riscv-none-elf-gcc/14.2.0-3/bin/../lib/gcc/riscv-none-elf/14.2.0\libgcc.a(subdf3.o)
 .riscv.attributes
                0x000001ae       0x47 C:/Users/Andy/AppData/Local/xpack-riscv-none-elf-gcc/14.2.0-3/bin/../lib/gcc/riscv-none-elf/14.2.0\libgcc.a(fixdfsi.o)
 .riscv.attributes
                0x000001f5       0x47 C:/Users/Andy/AppData/Local/xpack-riscv-none-elf-gcc/14.2.0-3/bin/../lib/gcc/riscv-none-elf/14.2.0\libgcc.a(floatsidf.o)
 .riscv.attributes
                0x0000023c       0x47 C:/Users/Andy/AppData/Local/xpack-riscv-none-elf-gcc/14.2.0-3/bin/../lib/gcc/riscv-none-elf/14.2.0\libgcc.a(gesf2.o)
 .riscv.attributes
                0x00000283       0x47 C:/Users/Andy/AppData/Local/xpack-riscv-none-elf-gcc/14.2.0-3/bin/../lib/gcc/riscv-none-elf/14.2.0\libgcc.a(floatsisf.o)
 .riscv.attributes
                0x000002ca       0x47 C:/Users/Andy/AppData/Local/xpack-riscv-none-elf-gcc/14.2.0-3/bin/../lib/gcc/riscv-none-elf/14.2.0\libgcc.a(_clz.o)
 .riscv.attributes
                0x00000311       0x47 C:/Users/Andy/AppData/Local/xpack-riscv-none-elf-gcc/14.2.0-3/bin/../lib/gcc/riscv-none-elf/14.2.0\libgcc.a(_clzsi2.o)

.debug_info     0x00000000     0x8ff1
 .debug_info    0x00000000     0x3256 C:\Users\Andy\AppData\Local\Temp\cc7vDGUk.ltrans0.ltrans.o
 .debug_info    0x00003256      0xe6d C:\Users\Andy\AppData\Local\Temp\cchwHGBR.debug.temp.o
                0x00003256                ch32fun.c.87fb9ac7
 .debug_info    0x000040c3     0x24cd C:\Users\Andy\AppData\Local\Temp\ccArxumd.debug.temp.o
                0x000040c3                firmware.c.764153b0
 .debug_info    0x00006590      0x7a0 C:/Users/Andy/AppData/Local/xpack-riscv-none-elf-gcc/14.2.0-3/bin/../lib/gcc/riscv-none-elf/14.2.0\libgcc.a(_divdi3.o)
 .debug_info    0x00006d30      0x7eb C:/Users/Andy/AppData/Local/xpack-riscv-none-elf-gcc/14.2.0-3/bin/../lib/gcc/riscv-none-elf/14.2.0\libgcc.a(_moddi3.o)
 .debug_info    0x0000751b      0x4d9 C:/Users/Andy/AppData/Local/xpack-riscv-none-elf-gcc/14.2.0-3/bin/../lib/gcc/riscv-none-elf/14.2.0\libgcc.a(adddf3.o)
 .debug_info    0x000079f4      0x6a8 C:/Users/Andy/AppData/Local/xpack-riscv-none-elf-gcc/14.2.0-3/bin/../lib/gcc/riscv-none-elf/14.2.0\libgcc.a(muldf3.o)
 .debug_info    0x0000809c      0x4d9 C:/Users/Andy/AppData/Local/xpack-riscv-none-elf-gcc/14.2.0-3/bin/../lib/gcc/riscv-none-elf/14.2.0\libgcc.a(subdf3.o)
 .debug_info    0x00008575      0x1c6 C:/Users/Andy/AppData/Local/xpack-riscv-none-elf-gcc/14.2.0-3/bin/../lib/gcc/riscv-none-elf/14.2.0\libgcc.a(fixdfsi.o)
 .debug_info    0x0000873b      0x268 C:/Users/Andy/AppData/Local/xpack-riscv-none-elf-gcc/14.2.0-3/bin/../lib/gcc/riscv-none-elf/14.2.0\libgcc.a(floatsidf.o)
 .debug_info    0x000089a3      0x1f7 C:/Users/Andy/AppData/Local/xpack-riscv-none-elf-gcc/14.2.0-3/bin/../lib/gcc/riscv-none-elf/14.2.0\libgcc.a(gesf2.o)
 .debug_info    0x00008b9a      0x213 C:/Users/Andy/AppData/Local/xpack-riscv-none-elf-gcc/14.2.0-3/bin/../lib/gcc/riscv-none-elf/14.2.0\libgcc.a(floatsisf.o)
 .debug_info    0x00008dad       0xed C:/Users/Andy/AppData/Local/xpack-riscv-none-elf-gcc/14.2.0-3/bin/../lib/gcc/riscv-none-elf/14.2.0\libgcc.a(_clz.o)
 .debug_info    0x00008e9a      0x157 C:/Users/Andy/AppData/Local/xpack-riscv-none-elf-gcc/14.2.0-3/bin/../lib/gcc/riscv-none-elf/14.2.0\libgcc.a(_clzsi2.o)

.debug_abbrev   0x00000000     0x1862
 .debug_abbrev  0x00000000      0x24d C:\Users\Andy\AppData\Local\Temp\cc7vDGUk.ltrans0.ltrans.o
 .debug_abbrev  0x0000024d      0x2c6 C:\Users\Andy\AppData\Local\Temp\cchwHGBR.debug.temp.o
 .debug_abbrev  0x00000513      0x47d C:\Users\Andy\AppData\Local\Temp\ccArxumd.debug.temp.o
 .debug_abbrev  0x00000990      0x1b2 C:/Users/Andy/AppData/Local/xpack-riscv-none-elf-gcc/14.2.0-3/bin/../lib/gcc/riscv-none-elf/14.2.0\libgcc.a(_divdi3.o)
 .debug_abbrev  0x00000b42      0x1d3 C:/Users/Andy/AppData/Local/xpack-riscv-none-elf-gcc/14.2.0-3/bin/../lib/gcc/riscv-none-elf/14.2.0\libgcc.a(_moddi3.o)
 .debug_abbrev  0x00000d15      0x186 C:/Users/Andy/AppData/Local/xpack-riscv-none-elf-gcc/14.2.0-3/bin/../lib/gcc/riscv-none-elf/14.2.0\libgcc.a(adddf3.o)
 .debug_abbrev  0x00000e9b      0x185 C:/Users/Andy/AppData/Local/xpack-riscv-none-elf-gcc/14.2.0-3/bin/../lib/gcc/riscv-none-elf/14.2.0\libgcc.a(muldf3.o)
 .debug_abbrev  0x00001020      0x186 C:/Users/Andy/AppData/Local/xpack-riscv-none-elf-gcc/14.2.0-3/bin/../lib/gcc/riscv-none-elf/14.2.0\libgcc.a(subdf3.o)
 .debug_abbrev  0x000011a6      0x15b C:/Users/Andy/AppData/Local/xpack-riscv-none-elf-gcc/14.2.0-3/bin/../lib/gcc/riscv-none-elf/14.2.0\libgcc.a(fixdfsi.o)
 .debug_abbrev  0x00001301      0x164 C:/Users/Andy/AppData/Local/xpack-riscv-none-elf-gcc/14.2.0-3/bin/../lib/gcc/riscv-none-elf/14.2.0\libgcc.a(floatsidf.o)
 .debug_abbrev  0x00001465      0x156 C:/Users/Andy/AppData/Local/xpack-riscv-none-elf-gcc/14.2.0-3/bin/../lib/gcc/riscv-none-elf/14.2.0\libgcc.a(gesf2.o)
 .debug_abbrev  0x000015bb      0x16d C:/Users/Andy/AppData/Local/xpack-riscv-none-elf-gcc/14.2.0-3/bin/../lib/gcc/riscv-none-elf/14.2.0\libgcc.a(floatsisf.o)
 .debug_abbrev  0x00001728       0x70 C:/Users/Andy/AppData/Local/xpack-riscv-none-elf-gcc/14.2.0-3/bin/../lib/gcc/riscv-none-elf/14.2.0\libgcc.a(_clz.o)
 .debug_abbrev  0x00001798       0xca C:/Users/Andy/AppData/Local/xpack-riscv-none-elf-gcc/14.2.0-3/bin/../lib/gcc/riscv-none-elf/14.2.0\libgcc.a(_clzsi2.o)

.debug_loclists
                0x00000000     0x7afa
 .debug_loclists
                0x00000000     0x28ec C:\Users\Andy\AppData\Local\Temp\cc7vDGUk.ltrans0.ltrans.o
 .debug_loclists
                0x000028ec      0x81f C:/Users/Andy/AppData/Local/xpack-riscv-none-elf-gcc/14.2.0-3/bin/../lib/gcc/riscv-none-elf/14.2.0\libgcc.a(_divdi3.o)
 .debug_loclists
                0x0000310b      0x6cc C:/Users/Andy/AppData/Local/xpack-riscv-none-elf-gcc/14.2.0-3/bin/../lib/gcc/riscv-none-elf/14.2.0\libgcc.a(_moddi3.o)
 .debug_loclists
                0x000037d7     0x19c3 C:/Users/Andy/AppData/Local/xpack-riscv-none-elf-gcc/14.2.0-3/bin/../lib/gcc/riscv-none-elf/14.2.0\libgcc.a(adddf3.o)
 .debug_loclists
                0x0000519a      0xb99 C:/Users/Andy/AppData/Local/xpack-riscv-none-elf-gcc/14.2.0-3/bin/../lib/gcc/riscv-none-elf/14.2.0\libgcc.a(muldf3.o)
 .debug_loclists
                0x00005d33     0x1747 C:/Users/Andy/AppData/Local/xpack-riscv-none-elf-gcc/14.2.0-3/bin/../lib/gcc/riscv-none-elf/14.2.0\libgcc.a(subdf3.o)
 .debug_loclists
                0x0000747a       0xca C:/Users/Andy/AppData/Local/xpack-riscv-none-elf-gcc/14.2.0-3/bin/../lib/gcc/riscv-none-elf/14.2.0\libgcc.a(fixdfsi.o)
 .debug_loclists
                0x00007544      0x1c6 C:/Users/Andy/AppData/Local/xpack-riscv-none-elf-gcc/14.2.0-3/bin/../lib/gcc/riscv-none-elf/14.2.0\libgcc.a(floatsidf.o)
 .debug_loclists
                0x0000770a       0xba C:/Users/Andy/AppData/Local/xpack-riscv-none-elf-gcc/14.2.0-3/bin/../lib/gcc/riscv-none-elf/14.2.0\libgcc.a(gesf2.o)
 .debug_loclists
                0x000077c4      0x277 C:/Users/Andy/AppData/Local/xpack-riscv-none-elf-gcc/14.2.0-3/bin/../lib/gcc/riscv-none-elf/14.2.0\libgcc.a(floatsisf.o)
 .debug_loclists
                0x00007a3b       0xbf C:/Users/Andy/AppData/Local/xpack-riscv-none-elf-gcc/14.2.0-3/bin/../lib/gcc/riscv-none-elf/14.2.0\libgcc.a(_clzsi2.o)

.debug_aranges  0x00000000      0x3c8
 .debug_aranges
                0x00000000      0x270 C:\Users\Andy\AppData\Local\Temp\cc7vDGUk.ltrans0.ltrans.o
 .debug_aranges
                0x00000270       0x20 C:/Users/Andy/AppData/Local/xpack-riscv-none-elf-gcc/14.2.0-3/bin/../lib/gcc/riscv-none-elf/14.2.0\libgcc.a(_divdi3.o)
 .debug_aranges
                0x00000290       0x20 C:/Users/Andy/AppData/Local/xpack-riscv-none-elf-gcc/14.2.0-3/bin/../lib/gcc/riscv-none-elf/14.2.0\libgcc.a(_moddi3.o)
 .debug_aranges
                0x000002b0       0x20 C:/Users/Andy/AppData/Local/xpack-riscv-none-elf-gcc/14.2.0-3/bin/../lib/gcc/riscv-none-elf/14.2.0\libgcc.a(adddf3.o)
 .debug_aranges
                0x000002d0       0x20 C:/Users/Andy/AppData/Local/xpack-riscv-none-elf-gcc/14.2.0-3/bin/../lib/gcc/riscv-none-elf/14.2.0\libgcc.a(muldf3.o)
 .debug_aranges
                0x000002f0       0x20 C:/Users/Andy/AppData/Local/xpack-riscv-none-elf-gcc/14.2.0-3/bin/../lib/gcc/riscv-none-elf/14.2.0\libgcc.a(subdf3.o)
 .debug_aranges
                0x00000310       0x20 C:/Users/Andy/AppData/Local/xpack-riscv-none-elf-gcc/14.2.0-3/bin/../lib/gcc/riscv-none-elf/14.2.0\libgcc.a(fixdfsi.o)
 .debug_aranges
                0x00000330       0x20 C:/Users/Andy/AppData/Local/xpack-riscv-none-elf-gcc/14.2.0-3/bin/../lib/gcc/riscv-none-elf/14.2.0\libgcc.a(floatsidf.o)
 .debug_aranges
                0x00000350       0x20 C:/Users/Andy/AppData/Local/xpack-riscv-none-elf-gcc/14.2.0-3/bin/../lib/gcc/riscv-none-elf/14.2.0\libgcc.a(gesf2.o)
 .debug_aranges
                0x00000370       0x20 C:/Users/Andy/AppData/Local/xpack-riscv-none-elf-gcc/14.2.0-3/bin/../lib/gcc/riscv-none-elf/14.2.0\libgcc.a(floatsisf.o)
 .debug_aranges
                0x00000390       0x18 C:/Users/Andy/AppData/Local/xpack-riscv-none-elf-gcc/14.2.0-3/bin/../lib/gcc/riscv-none-elf/14.2.0\libgcc.a(_clz.o)
 .debug_aranges
                0x000003a8       0x20 C:/Users/Andy/AppData/Local/xpack-riscv-none-elf-gcc/14.2.0-3/bin/../lib/gcc/riscv-none-elf/14.2.0\libgcc.a(_clzsi2.o)

.debug_rnglists
                0x00000000     0x117a
 .debug_rnglists
                0x00000000      0x53c C:\Users\Andy\AppData\Local\Temp\cc7vDGUk.ltrans0.ltrans.o
 .debug_rnglists
                0x0000053c      0x11c C:/Users/Andy/AppData/Local/xpack-riscv-none-elf-gcc/14.2.0-3/bin/../lib/gcc/riscv-none-elf/14.2.0\libgcc.a(_divdi3.o)
 .debug_rnglists
                0x00000658       0xe0 C:/Users/Andy/AppData/Local/xpack-riscv-none-elf-gcc/14.2.0-3/bin/../lib/gcc/riscv-none-elf/14.2.0\libgcc.a(_moddi3.o)
 .debug_rnglists
                0x00000738      0x36a C:/Users/Andy/AppData/Local/xpack-riscv-none-elf-gcc/14.2.0-3/bin/../lib/gcc/riscv-none-elf/14.2.0\libgcc.a(adddf3.o)
 .debug_rnglists
                0x00000aa2      0x1b4 C:/Users/Andy/AppData/Local/xpack-riscv-none-elf-gcc/14.2.0-3/bin/../lib/gcc/riscv-none-elf/14.2.0\libgcc.a(muldf3.o)
 .debug_rnglists
                0x00000c56      0x37c C:/Users/Andy/AppData/Local/xpack-riscv-none-elf-gcc/14.2.0-3/bin/../lib/gcc/riscv-none-elf/14.2.0\libgcc.a(subdf3.o)
 .debug_rnglists
                0x00000fd2       0x2b C:/Users/Andy/AppData/Local/xpack-riscv-none-elf-gcc/14.2.0-3/bin/../lib/gcc/riscv-none-elf/14.2.0\libgcc.a(fixdfsi.o)
 .debug_rnglists
                0x00000ffd       0x6d C:/Users/Andy/AppData/Local/xpack-riscv-none-elf-gcc/14.2.0-3/bin/../lib/gcc/riscv-none-elf/14.2.0\libgcc.a(floatsidf.o)
 .debug_rnglists
                0x0000106a       0x50 C:/Users/Andy/AppData/Local/xpack-riscv-none-elf-gcc/14.2.0-3/bin/../lib/gcc/riscv-none-elf/14.2.0\libgcc.a(gesf2.o)
 .debug_rnglists
                0x000010ba       0x98 C:/Users/Andy/AppData/Local/xpack-riscv-none-elf-gcc/14.2.0-3/bin/../lib/gcc/riscv-none-elf/14.2.0\libgcc.a(floatsisf.o)
 .debug_rnglists
                0x00001152       0x28 C:/Users/Andy/AppData/Local/xpack-riscv-none-elf-gcc/14.2.0-3/bin/../lib/gcc/riscv-none-elf/14.2.0\libgcc.a(_clzsi2.o)

.debug_line     0x00000000     0xe401
 .debug_line    0x00000000     0x6be1 C:\Users\Andy\AppData\Local\Temp\cc7vDGUk.ltrans0.ltrans.o
 .debug_line    0x00006be1       0x76 C:\Users\Andy\AppData\Local\Temp\cchwHGBR.debug.temp.o
 .debug_line    0x00006c57       0xad C:\Users\Andy\AppData\Local\Temp\ccArxumd.debug.temp.o
 .debug_line    0x00006d04      0xaf6 C:/Users/Andy/AppData/Local/xpack-riscv-none-elf-gcc/14.2.0-3/bin/../lib/gcc/riscv-none-elf/14.2.0\libgcc.a(_divdi3.o)
 .debug_line    0x000077fa      0xaf9 C:/Users/Andy/AppData/Local/xpack-riscv-none-elf-gcc/14.2.0-3/bin/../lib/gcc/riscv-none-elf/14.2.0\libgcc.a(_moddi3.o)
 .debug_line    0x000082f3     0x2031 C:/Users/Andy/AppData/Local/xpack-riscv-none-elf-gcc/14.2.0-3/bin/../lib/gcc/riscv-none-elf/14.2.0\libgcc.a(adddf3.o)
 .debug_line    0x0000a324     0x1244 C:/Users/Andy/AppData/Local/xpack-riscv-none-elf-gcc/14.2.0-3/bin/../lib/gcc/riscv-none-elf/14.2.0\libgcc.a(muldf3.o)
 .debug_line    0x0000b568     0x212e C:/Users/Andy/AppData/Local/xpack-riscv-none-elf-gcc/14.2.0-3/bin/../lib/gcc/riscv-none-elf/14.2.0\libgcc.a(subdf3.o)
 .debug_line    0x0000d696      0x1f0 C:/Users/Andy/AppData/Local/xpack-riscv-none-elf-gcc/14.2.0-3/bin/../lib/gcc/riscv-none-elf/14.2.0\libgcc.a(fixdfsi.o)
 .debug_line    0x0000d886      0x269 C:/Users/Andy/AppData/Local/xpack-riscv-none-elf-gcc/14.2.0-3/bin/../lib/gcc/riscv-none-elf/14.2.0\libgcc.a(floatsidf.o)
 .debug_line    0x0000daef      0x3f6 C:/Users/Andy/AppData/Local/xpack-riscv-none-elf-gcc/14.2.0-3/bin/../lib/gcc/riscv-none-elf/14.2.0\libgcc.a(gesf2.o)
 .debug_line    0x0000dee5      0x3c0 C:/Users/Andy/AppData/Local/xpack-riscv-none-elf-gcc/14.2.0-3/bin/../lib/gcc/riscv-none-elf/14.2.0\libgcc.a(floatsisf.o)
 .debug_line    0x0000e2a5       0x3f C:/Users/Andy/AppData/Local/xpack-riscv-none-elf-gcc/14.2.0-3/bin/../lib/gcc/riscv-none-elf/14.2.0\libgcc.a(_clz.o)
 .debug_line    0x0000e2e4      0x11d C:/Users/Andy/AppData/Local/xpack-riscv-none-elf-gcc/14.2.0-3/bin/../lib/gcc/riscv-none-elf/14.2.0\libgcc.a(_clzsi2.o)

.debug_str      0x00000000     0x1dfb
 .debug_str     0x00000000     0x1dfb C:\Users\Andy\AppData\Local\Temp\cc7vDGUk.ltrans0.ltrans.o
                                0x1d4 (size before relaxing)
 .debug_str     0x00001dfb      0x6ea C:\Users\Andy\AppData\Local\Temp\cchwHGBR.debug.temp.o
 .debug_str     0x00001dfb     0x1273 C:\Users\Andy\AppData\Local\Temp\ccArxumd.debug.temp.o
 .debug_str     0x00001dfb      0x284 C:/Users/Andy/AppData/Local/xpack-riscv-none-elf-gcc/14.2.0-3/bin/../lib/gcc/riscv-none-elf/14.2.0\libgcc.a(_divdi3.o)
 .debug_str     0x00001dfb      0x284 C:/Users/Andy/AppData/Local/xpack-riscv-none-elf-gcc/14.2.0-3/bin/../lib/gcc/riscv-none-elf/14.2.0\libgcc.a(_moddi3.o)
 .debug_str     0x00001dfb      0x2bf C:/Users/Andy/AppData/Local/xpack-riscv-none-elf-gcc/14.2.0-3/bin/../lib/gcc/riscv-none-elf/14.2.0\libgcc.a(adddf3.o)
 .debug_str     0x00001dfb      0x3d9 C:/Users/Andy/AppData/Local/xpack-riscv-none-elf-gcc/14.2.0-3/bin/../lib/gcc/riscv-none-elf/14.2.0\libgcc.a(muldf3.o)
 .debug_str     0x00001dfb      0x2bf C:/Users/Andy/AppData/Local/xpack-riscv-none-elf-gcc/14.2.0-3/bin/../lib/gcc/riscv-none-elf/14.2.0\libgcc.a(subdf3.o)
 .debug_str     0x00001dfb      0x1cc C:/Users/Andy/AppData/Local/xpack-riscv-none-elf-gcc/14.2.0-3/bin/../lib/gcc/riscv-none-elf/14.2.0\libgcc.a(fixdfsi.o)
 .debug_str     0x00001dfb      0x269 C:/Users/Andy/AppData/Local/xpack-riscv-none-elf-gcc/14.2.0-3/bin/../lib/gcc/riscv-none-elf/14.2.0\libgcc.a(floatsidf.o)
 .debug_str     0x00001dfb      0x1d9 C:/Users/Andy/AppData/Local/xpack-riscv-none-elf-gcc/14.2.0-3/bin/../lib/gcc/riscv-none-elf/14.2.0\libgcc.a(gesf2.o)
 .debug_str     0x00001dfb      0x24a C:/Users/Andy/AppData/Local/xpack-riscv-none-elf-gcc/14.2.0-3/bin/../lib/gcc/riscv-none-elf/14.2.0\libgcc.a(floatsisf.o)
 .debug_str     0x00001dfb      0x1d2 C:/Users/Andy/AppData/Local/xpack-riscv-none-elf-gcc/14.2.0-3/bin/../lib/gcc/riscv-none-elf/14.2.0\libgcc.a(_clz.o)
 .debug_str     0x00001dfb      0x1ef C:/Users/Andy/AppData/Local/xpack-riscv-none-elf-gcc/14.2.0-3/bin/../lib/gcc/riscv-none-elf/14.2.0\libgcc.a(_clzsi2.o)

.debug_line_str
                0x00000000      0x8ad
 .debug_line_str
                0x00000000      0x8ad C:\Users\Andy\AppData\Local\Temp\cc7vDGUk.ltrans0.ltrans.o
                                0x1a6 (size before relaxing)
 .debug_line_str
                0x000008ad      0x233 C:\Users\Andy\AppData\Local\Temp\cchwHGBR.debug.temp.o
 .debug_line_str
                0x000008ad      0x2a5 C:\Users\Andy\AppData\Local\Temp\ccArxumd.debug.temp.o
 .debug_line_str
                0x000008ad      0x24c C:/Users/Andy/AppData/Local/xpack-riscv-none-elf-gcc/14.2.0-3/bin/../lib/gcc/riscv-none-elf/14.2.0\libgcc.a(_divdi3.o)
 .debug_line_str
                0x000008ad      0x24c C:/Users/Andy/AppData/Local/xpack-riscv-none-elf-gcc/14.2.0-3/bin/../lib/gcc/riscv-none-elf/14.2.0\libgcc.a(_moddi3.o)
 .debug_line_str
                0x000008ad      0x258 C:/Users/Andy/AppData/Local/xpack-riscv-none-elf-gcc/14.2.0-3/bin/../lib/gcc/riscv-none-elf/14.2.0\libgcc.a(adddf3.o)
 .debug_line_str
                0x000008ad      0x262 C:/Users/Andy/AppData/Local/xpack-riscv-none-elf-gcc/14.2.0-3/bin/../lib/gcc/riscv-none-elf/14.2.0\libgcc.a(muldf3.o)
 .debug_line_str
                0x000008ad      0x258 C:/Users/Andy/AppData/Local/xpack-riscv-none-elf-gcc/14.2.0-3/bin/../lib/gcc/riscv-none-elf/14.2.0\libgcc.a(subdf3.o)
 .debug_line_str
                0x000008ad      0x265 C:/Users/Andy/AppData/Local/xpack-riscv-none-elf-gcc/14.2.0-3/bin/../lib/gcc/riscv-none-elf/14.2.0\libgcc.a(fixdfsi.o)
 .debug_line_str
                0x000008ad      0x26b C:/Users/Andy/AppData/Local/xpack-riscv-none-elf-gcc/14.2.0-3/bin/../lib/gcc/riscv-none-elf/14.2.0\libgcc.a(floatsidf.o)
 .debug_line_str
                0x000008ad      0x265 C:/Users/Andy/AppData/Local/xpack-riscv-none-elf-gcc/14.2.0-3/bin/../lib/gcc/riscv-none-elf/14.2.0\libgcc.a(gesf2.o)
 .debug_line_str
                0x000008ad      0x26b C:/Users/Andy/AppData/Local/xpack-riscv-none-elf-gcc/14.2.0-3/bin/../lib/gcc/riscv-none-elf/14.2.0\libgcc.a(floatsisf.o)
 .debug_line_str
                0x000008ad      0x24c C:/Users/Andy/AppData/Local/xpack-riscv-none-elf-gcc/14.2.0-3/bin/../lib/gcc/riscv-none-elf/14.2.0\libgcc.a(_clz.o)
 .debug_line_str
                0x000008ad      0x24c C:/Users/Andy/AppData/Local/xpack-riscv-none-elf-gcc/14.2.0-3/bin/../lib/gcc/riscv-none-elf/14.2.0\libgcc.a(_clzsi2.o)

.debug_frame    0x00000000      0xb30
 .debug_frame   0x00000000      0x964 C:\Users\Andy\AppData\Local\Temp\cc7vDGUk.ltrans0.ltrans.o
 .debug_frame   0x00000964       0x4c C:/Users/Andy/AppData/Local/xpack-riscv-none-elf-gcc/14.2.0-3/bin/../lib/gcc/riscv-none-elf/14.2.0\libgcc.a(adddf3.o)
 .debug_frame   0x000009b0       0x60 C:/Users/Andy/AppData/Local/xpack-riscv-none-elf-gcc/14.2.0-3/bin/../lib/gcc/riscv-none-elf/14.2.0\libgcc.a(muldf3.o)
 .debug_frame   0x00000a10       0x48 C:/Users/Andy/AppData/Local/xpack-riscv-none-elf-gcc/14.2.0-3/bin/../lib/gcc/riscv-none-elf/14.2.0\libgcc.a(subdf3.o)
 .debug_frame   0x00000a58       0x20 C:/Users/Andy/AppData/Local/xpack-riscv-none-elf-gcc/14.2.0-3/bin/../lib/gcc/riscv-none-elf/14.2.0\libgcc.a(fixdfsi.o)
 .debug_frame   0x00000a78       0x40 C:/Users/Andy/AppData/Local/xpack-riscv-none-elf-gcc/14.2.0-3/bin/../lib/gcc/riscv-none-elf/14.2.0\libgcc.a(floatsidf.o)
 .debug_frame   0x00000ab8       0x20 C:/Users/Andy/AppData/Local/xpack-riscv-none-elf-gcc/14.2.0-3/bin/../lib/gcc/riscv-none-elf/14.2.0\libgcc.a(gesf2.o)
 .debug_frame   0x00000ad8       0x38 C:/Users/Andy/AppData/Local/xpack-riscv-none-elf-gcc/14.2.0-3/bin/../lib/gcc/riscv-none-elf/14.2.0\libgcc.a(floatsisf.o)
 .debug_frame   0x00000b10       0x20 C:/Users/Andy/AppData/Local/xpack-riscv-none-elf-gcc/14.2.0-3/bin/../lib/gcc/riscv-none-elf/14.2.0\libgcc.a(_clzsi2.o)
