Archive member included to satisfy reference by file (symbol)

C:/Users/Andy/AppData/Local/xpack-riscv-none-elf-gcc/14.2.0-3/bin/../lib/gcc/riscv-none-elf/14.2.0\libgcc.a(_udivdi3.o)
                              C:\Users\Andy\AppData\Local\Temp\ccSwYOrC.ltrans0.ltrans.o (__udivdi3)
C:/Users/Andy/AppData/Local/xpack-riscv-none-elf-gcc/14.2.0-3/bin/../lib/gcc/riscv-none-elf/14.2.0\libgcc.a(_clz.o)
                              C:/Users/Andy/AppData/Local/xpack-riscv-none-elf-gcc/14.2.0-3/bin/../lib/gcc/riscv-none-elf/14.2.0\libgcc.a(_udivdi3.o) (__clz_tab)

Discarded input sections

 .text          0x00000000        0x0 C:\Users\Andy\AppData\Local\Temp\ccSwYOrC.ltrans0.ltrans.o
 .data          0x00000000        0x0 C:\Users\Andy\AppData\Local\Temp\ccSwYOrC.ltrans0.ltrans.o
 .bss           0x00000000        0x0 C:\Users\Andy\AppData\Local\Temp\ccSwYOrC.ltrans0.ltrans.o
 .text.vprintf  0x00000000       0x16 C:\Users\Andy\AppData\Local\Temp\ccSwYOrC.ltrans0.ltrans.o
 .text.snprintf
                0x00000000       0x20 C:\Users\Andy\AppData\Local\Temp\ccSwYOrC.ltrans0.ltrans.o
 .text.strcpy   0x00000000       0x14 C:\Users\Andy\AppData\Local\Temp\ccSwYOrC.ltrans0.ltrans.o
 .text.strncpy  0x00000000       0x1c C:\Users\Andy\AppData\Local\Temp\ccSwYOrC.ltrans0.ltrans.o
 .text.strcmp   0x00000000       0x1a C:\Users\Andy\AppData\Local\Temp\ccSwYOrC.ltrans0.ltrans.o
 .text.strncmp  0x00000000       0x2e C:\Users\Andy\AppData\Local\Temp\ccSwYOrC.ltrans0.ltrans.o
 .text.strchr   0x00000000       0x16 C:\Users\Andy\AppData\Local\Temp\ccSwYOrC.ltrans0.ltrans.o
 .text.strrchr  0x00000000       0x3c C:\Users\Andy\AppData\Local\Temp\ccSwYOrC.ltrans0.ltrans.o
 .text.memcmp   0x00000000       0x20 C:\Users\Andy\AppData\Local\Temp\ccSwYOrC.ltrans0.ltrans.o
 .text.memmove  0x00000000       0x5e C:\Users\Andy\AppData\Local\Temp\ccSwYOrC.ltrans0.ltrans.o
 .text.memchr   0x00000000       0x1a C:\Users\Andy\AppData\Local\Temp\ccSwYOrC.ltrans0.ltrans.o
 .text.strnlen  0x00000000       0x2a C:\Users\Andy\AppData\Local\Temp\ccSwYOrC.ltrans0.ltrans.o
 .text.twoway_strstr
                0x00000000      0x256 C:\Users\Andy\AppData\Local\Temp\ccSwYOrC.ltrans0.ltrans.o
 .text.strstr   0x00000000      0x118 C:\Users\Andy\AppData\Local\Temp\ccSwYOrC.ltrans0.ltrans.o
 .rodata.puts.str1.4
                0x00000000        0x2 C:\Users\Andy\AppData\Local\Temp\ccSwYOrC.ltrans0.ltrans.o
 .text.puts     0x00000000       0x40 C:\Users\Andy\AppData\Local\Temp\ccSwYOrC.ltrans0.ltrans.o
 .text.setjmp   0x00000000       0x38 C:\Users\Andy\AppData\Local\Temp\ccSwYOrC.ltrans0.ltrans.o
 .text.longjmp  0x00000000       0x3c C:\Users\Andy\AppData\Local\Temp\ccSwYOrC.ltrans0.ltrans.o
 .comment       0x00000000       0x34 C:\Users\Andy\AppData\Local\Temp\ccSwYOrC.ltrans0.ltrans.o
 .note.GNU-stack
                0x00000000        0x0 C:\Users\Andy\AppData\Local\Temp\ccSwYOrC.ltrans0.ltrans.o
 .comment       0x00000000       0x34 C:\Users\Andy\AppData\Local\Temp\ccicFJiN.debug.temp.o
 .note.GNU-stack
                0x00000000        0x0 C:\Users\Andy\AppData\Local\Temp\ccicFJiN.debug.temp.o
 .comment       0x00000000       0x34 C:\Users\Andy\AppData\Local\Temp\ccyOESAv.debug.temp.o
 .note.GNU-stack
                0x00000000        0x0 C:\Users\Andy\AppData\Local\Temp\ccyOESAv.debug.temp.o
 .text          0x00000000        0x0 C:/Users/Andy/AppData/Local/xpack-riscv-none-elf-gcc/14.2.0-3/bin/../lib/gcc/riscv-none-elf/14.2.0\libgcc.a(_udivdi3.o)
 .data          0x00000000        0x0 C:/Users/Andy/AppData/Local/xpack-riscv-none-elf-gcc/14.2.0-3/bin/../lib/gcc/riscv-none-elf/14.2.0\libgcc.a(_udivdi3.o)
 .bss           0x00000000        0x0 C:/Users/Andy/AppData/Local/xpack-riscv-none-elf-gcc/14.2.0-3/bin/../lib/gcc/riscv-none-elf/14.2.0\libgcc.a(_udivdi3.o)
 .comment       0x00000000       0x34 C:/Users/Andy/AppData/Local/xpack-riscv-none-elf-gcc/14.2.0-3/bin/../lib/gcc/riscv-none-elf/14.2.0\libgcc.a(_udivdi3.o)
 .note.GNU-stack
                0x00000000        0x0 C:/Users/Andy/AppData/Local/xpack-riscv-none-elf-gcc/14.2.0-3/bin/../lib/gcc/riscv-none-elf/14.2.0\libgcc.a(_udivdi3.o)
 .eh_frame      0x00000000       0x28 C:/Users/Andy/AppData/Local/xpack-riscv-none-elf-gcc/14.2.0-3/bin/../lib/gcc/riscv-none-elf/14.2.0\libgcc.a(_udivdi3.o)
 .text          0x00000000        0x0 C:/Users/Andy/AppData/Local/xpack-riscv-none-elf-gcc/14.2.0-3/bin/../lib/gcc/riscv-none-elf/14.2.0\libgcc.a(_clz.o)
 .data          0x00000000        0x0 C:/Users/Andy/AppData/Local/xpack-riscv-none-elf-gcc/14.2.0-3/bin/../lib/gcc/riscv-none-elf/14.2.0\libgcc.a(_clz.o)
 .bss           0x00000000        0x0 C:/Users/Andy/AppData/Local/xpack-riscv-none-elf-gcc/14.2.0-3/bin/../lib/gcc/riscv-none-elf/14.2.0\libgcc.a(_clz.o)
 .comment       0x00000000       0x34 C:/Users/Andy/AppData/Local/xpack-riscv-none-elf-gcc/14.2.0-3/bin/../lib/gcc/riscv-none-elf/14.2.0\libgcc.a(_clz.o)
 .note.GNU-stack
                0x00000000        0x0 C:/Users/Andy/AppData/Local/xpack-riscv-none-elf-gcc/14.2.0-3/bin/../lib/gcc/riscv-none-elf/14.2.0\libgcc.a(_clz.o)

Memory Configuration

Name             Origin             Length             Attributes
FLASH            0x00000000         0x0003c000         xr
RAM              0x20000000         0x00003000         xrw
*default*        0x00000000         0xffffffff

Linker script and memory map

LOAD C:\Users\Andy\AppData\Local\Temp\cclgEfye.o
LOAD C:\Users\Andy\AppData\Local\Temp\ccSwYOrC.ltrans0.ltrans.o
LOAD C:\Users\Andy\AppData\Local\Temp\ccicFJiN.debug.temp.o
LOAD C:\Users\Andy\AppData\Local\Temp\ccyOESAv.debug.temp.o
LOAD C:\Users\Andy\AppData\Local\Temp\ccl0InZz.o
LOAD C:/Users/Andy/AppData/Local/xpack-riscv-none-elf-gcc/14.2.0-3/bin/../lib/gcc/riscv-none-elf/14.2.0\libgcc.a

.init           0x00000000       0x90
                0x00000000                        _sinit = .
                0x00000000                        . = ALIGN (0x4)
 *(SORT_NONE(.init))
 .init          0x00000000       0x90 C:\Users\Andy\AppData\Local\Temp\ccSwYOrC.ltrans0.ltrans.o
                0x00000000                InterruptVector
                0x00000000                InterruptVectorDefault
                0x00000090                        . = ALIGN (0x4)
                0x00000090                        _einit = .

.highcodelalign
                0x00000090        0x0
                0x00000090                        . = ALIGN (0x4)
                0x00000090                        PROVIDE (_highcode_lma = .)

.highcode       0x20000000      0x9b0 load address 0x00000090
                0x20000000                        . = ALIGN (0x4)
                0x20000000                        PROVIDE (_highcode_vma_start = .)
 *(.highcode*)
 .highcode      0x20000000      0x9b0 C:\Users\Andy\AppData\Local\Temp\ccSwYOrC.ltrans0.ltrans.o
                0x2000001c                iSLERRSSI
                0x20000034                iSLERCRCOK
                0x20000054                iSLERTX
                0x2000018c                iSLERRX
                0x20000342                ConfigI2C
                0x2000035a                SendStart
                0x200003c6                SendStop
                0x20000446                SendByte
                0x20000518                SendByteNoAck
                0x200005e6                GetByte
                0x200006ce                ProcessLSM6DS3
                0x20000812                CoreLoop
                0x200009b0                        . = ALIGN (0x4)
                0x200009b0                        PROVIDE (_highcode_vma_end = .)

.text           0x00000a40     0x2dcc
                0x00000a40                        . = ALIGN (0x4)
 *(.text)
 *(.text.*)
 .text.mini_pad
                0x00000a40       0x8a C:\Users\Andy\AppData\Local\Temp\ccSwYOrC.ltrans0.ltrans.o
 .text._puts    0x00000aca       0x42 C:\Users\Andy\AppData\Local\Temp\ccSwYOrC.ltrans0.ltrans.o
 .text.DelaySysTick
                0x00000b0c       0x12 C:\Users\Andy\AppData\Local\Temp\ccSwYOrC.ltrans0.ltrans.o
 .text.mini_itoa.part.0
                0x00000b1e       0x90 C:\Users\Andy\AppData\Local\Temp\ccSwYOrC.ltrans0.ltrans.o
 .text.ssd1306_drawPixel
                0x00000bae       0x3c C:\Users\Andy\AppData\Local\Temp\ccSwYOrC.ltrans0.ltrans.o
 .text.DevSetMode
                0x00000bea       0x4e C:\Users\Andy\AppData\Local\Temp\ccSwYOrC.ltrans0.ltrans.o
 .text.RFEND_TXCTune
                0x00000c38       0x7e C:\Users\Andy\AppData\Local\Temp\ccSwYOrC.ltrans0.ltrans.o
 .text.DevSetChannel
                0x00000cb6       0x22 C:\Users\Andy\AppData\Local\Temp\ccSwYOrC.ltrans0.ltrans.o
 .text.RenderBSprite
                0x00000cd8       0xd8 C:\Users\Andy\AppData\Local\Temp\ccSwYOrC.ltrans0.ltrans.o
 .text._rand_gen_32b
                0x00000db0       0x3c C:\Users\Andy\AppData\Local\Temp\ccSwYOrC.ltrans0.ltrans.o
 .text.ModePufferWirelessRX
                0x00000dec        0x2 C:\Users\Andy\AppData\Local\Temp\ccSwYOrC.ltrans0.ltrans.o
 .text.badSin   0x00000dee       0x24 C:\Users\Andy\AppData\Local\Temp\ccSwYOrC.ltrans0.ltrans.o
 .text.rollDice
                0x00000e12       0x22 C:\Users\Andy\AppData\Local\Temp\ccSwYOrC.ltrans0.ltrans.o
 .text.ModeShutWirelessRX
                0x00000e34        0x2 C:\Users\Andy\AppData\Local\Temp\ccSwYOrC.ltrans0.ltrans.o
 .text.funPinMode.part.0
                0x00000e36       0x30 C:\Users\Andy\AppData\Local\Temp\ccSwYOrC.ltrans0.ltrans.o
 .text.ssd1306_drawstr_sz.constprop.0
                0x00000e66       0xd6 C:\Users\Andy\AppData\Local\Temp\ccSwYOrC.ltrans0.ltrans.o
 .text.ssd1306_drawFastHLine.constprop.0
                0x00000f3c       0x4a C:\Users\Andy\AppData\Local\Temp\ccSwYOrC.ltrans0.ltrans.o
 .text.ssd1306_drawFastVLine.constprop.0
                0x00000f86       0x48 C:\Users\Andy\AppData\Local\Temp\ccSwYOrC.ltrans0.ltrans.o
 .text.ssd1306_drawRect.constprop.0
                0x00000fce       0x36 C:\Users\Andy\AppData\Local\Temp\ccSwYOrC.ltrans0.ltrans.o
 .text.internal_handle_input.constprop.0
                0x00001004        0xa C:\Users\Andy\AppData\Local\Temp\ccSwYOrC.ltrans0.ltrans.o
 .text._write.constprop.0
                0x0000100e       0xec C:\Users\Andy\AppData\Local\Temp\ccSwYOrC.ltrans0.ltrans.o
 .text.__puts_uart
                0x000010fa       0x14 C:\Users\Andy\AppData\Local\Temp\ccSwYOrC.ltrans0.ltrans.o
 .text.ssd1306_pkt_send.isra.0
                0x0000110e       0x62 C:\Users\Andy\AppData\Local\Temp\ccSwYOrC.ltrans0.ltrans.o
 .text.ssd1306_cmd.isra.0
                0x00001170       0x18 C:\Users\Andy\AppData\Local\Temp\ccSwYOrC.ltrans0.ltrans.o
 .text.ssd1306_refresh
                0x00001188       0x76 C:\Users\Andy\AppData\Local\Temp\ccSwYOrC.ltrans0.ltrans.o
 .text.funPinMode.constprop.0
                0x000011fe       0x1e C:\Users\Andy\AppData\Local\Temp\ccSwYOrC.ltrans0.ltrans.o
 .text.handle_reset
                0x0000121c       0xb8 C:\Users\Andy\AppData\Local\Temp\ccSwYOrC.ltrans0.ltrans.o
                0x0000121c                handle_reset
 .text.vector_handler
                0x000012d4        0x2 C:\Users\Andy\AppData\Local\Temp\ccSwYOrC.ltrans0.ltrans.o
                0x000012d4                EXTI2_IRQHandler
                0x000012d4                TIM8_TRG_COM_IRQHandler
                0x000012d4                TIM8_CC_IRQHandler
                0x000012d4                USART_WKUP_IRQHandler
                0x000012d4                UART8_IRQHandler
                0x000012d4                SPI4_IRQHandler
                0x000012d4                NFC_IRQHandler
                0x000012d4                DFSDM0_IRQHandler
                0x000012d4                TIM1_CC_IRQHandler
                0x000012d4                HardFault_Handler
                0x000012d4                TIM10_IRQHandler
                0x000012d4                GPIOB_IRQHandler
                0x000012d4                IPC_CH2_Handler
                0x000012d4                USBPD_IRQHandler
                0x000012d4                TIM6_IRQHandler
                0x000012d4                GPIOA_IRQHandler
                0x000012d4                SysTick_Handler
                0x000012d4                CAN3_RX1_IRQHandler
                0x000012d4                I3C_ER_IRQHandler
                0x000012d4                PVD_IRQHandler
                0x000012d4                SDIO_IRQHandler
                0x000012d4                TIM9_BRK_IRQHandler
                0x000012d4                DMA2_Channel8_IRQHandler
                0x000012d4                NMI_Handler
                0x000012d4                CAN2_RX1_IRQHandler
                0x000012d4                EXTI3_IRQHandler
                0x000012d4                HSEM_Handler
                0x000012d4                UART1_IRQHandler
                0x000012d4                USBHS_IRQHandler
                0x000012d4                LPTIM2_IRQHandler
                0x000012d4                DMA2_Channel9_IRQHandler
                0x000012d4                TIM10_CC_IRQHandler
                0x000012d4                EXTI25_16_IRQHandler
                0x000012d4                I2C3_ER_IRQHandler
                0x000012d4                USBFS_IRQHandler
                0x000012d4                UART0_IRQHandler
                0x000012d4                USART8_IRQHandler
                0x000012d4                EXTI0_IRQHandler
                0x000012d4                I2C2_EV_IRQHandler
                0x000012d4                TIM10_TRG_COM_IRQHandler
                0x000012d4                LPTIM_IRQHandler
                0x000012d4                CAN1_RX0_IRQHandler
                0x000012d4                CAN3_SCE_IRQHandler
                0x000012d4                CAN2_SCE_IRQHandler
                0x000012d4                ADC1_2_IRQHandler
                0x000012d4                BB_IRQHandler
                0x000012d4                Break_Point_Handler
                0x000012d4                IPC_CH0_Handler
                0x000012d4                TIM2_CC_IRQHandler
                0x000012d4                SPI1_IRQHandler
                0x000012d4                USART5_IRQHandler
                0x000012d4                TAMPER_IRQHandler
                0x000012d4                TMR0_IRQHandler
                0x000012d4                AWU_IRQHandler
                0x000012d4                EXTI7_0_IRQHandler
                0x000012d4                CAN2_RX0_IRQHandler
                0x000012d4                OSCWakeUp_IRQHandler
                0x000012d4                TIM8_UP_IRQHandler
                0x000012d4                Ecall_M_Mode_Handler
                0x000012d4                ECDC_IRQHandler
                0x000012d4                SDMMC_IRQHandler
                0x000012d4                USART7_IRQHandler
                0x000012d4                DMA2_Channel2_IRQHandler
                0x000012d4                DMA1_Channel4_IRQHandler
                0x000012d4                ADC1_IRQHandler
                0x000012d4                TIM2_BRK_IRQHandler
                0x000012d4                USART6_IRQHandler
                0x000012d4                CAN3_RX0_IRQHandler
                0x000012d4                HSADC_IRQHandler
                0x000012d4                TIM9_UP_IRQHandler
                0x000012d4                USART3_IRQHandler
                0x000012d4                RTC_IRQHandler
                0x000012d4                DMA1_Channel7_IRQHandler
                0x000012d4                LED_IRQHandler
                0x000012d4                CAN1_RX1_IRQHandler
                0x000012d4                DVP_IRQHandler
                0x000012d4                UART5_IRQHandler
                0x000012d4                USBSS_IRQHandler
                0x000012d4                SWPMI_IRQHandler
                0x000012d4                USBPDWakeUp_IRQHandler
                0x000012d4                EXTI15_8_IRQHandler
                0x000012d4                TIM4_IRQHandler
                0x000012d4                DMA2_Channel1_IRQHandler
                0x000012d4                SWPMI_WKUP_IRQHandler
                0x000012d4                USBPD_WKUP_IRQHandler
                0x000012d4                I2C1_EV_IRQHandler
                0x000012d4                USBSSWakeup_IRQHandler
                0x000012d4                UART2_IRQHandler
                0x000012d4                USART4_IRQHandler
                0x000012d4                PWMX_IRQHandler
                0x000012d4                DMA1_Channel6_IRQHandler
                0x000012d4                UART4_IRQHandler
                0x000012d4                DMA2_Channel4_IRQHandler
                0x000012d4                TIM3_IRQHandler
                0x000012d4                RCC_IRQHandler
                0x000012d4                TIM1_TRG_COM_IRQHandler
                0x000012d4                DMA1_Channel1_IRQHandler
                0x000012d4                DMA2_Channel7_IRQHandler
                0x000012d4                QSPI1_IRQHandler
                0x000012d4                EXTI15_10_IRQHandler
                0x000012d4                ADC_IRQHandler
                0x000012d4                IPC_CH3_Handler
                0x000012d4                DMA1_Channel8_IRQHandler
                0x000012d4                I3C_EV_IRQHandler
                0x000012d4                TMR2_IRQHandler
                0x000012d4                I3C_WKUP_IRQHandler
                0x000012d4                DefaultIRQHandler
                0x000012d4                TIM12_IRQHandler
                0x000012d4                TIM7_IRQHandler
                0x000012d4                CAN2_TX_IRQHandler
                0x000012d4                TIM5_IRQHandler
                0x000012d4                I2C3_EV_IRQHandler
                0x000012d4                USB_IRQHandler
                0x000012d4                EXTI9_5_IRQHandler
                0x000012d4                PIOC_IRQHandler
                0x000012d4                TIM9_IRQHandler
                0x000012d4                LTDC_IRQHandler
                0x000012d4                SAI_IRQHandler
                0x000012d4                SPI2_IRQHandler
                0x000012d4                OSC32KCal_IRQHandler
                0x000012d4                IPC_CH1_Handler
                0x000012d4                I2C_IRQHandler
                0x000012d4                LPTIM1_WKUP_IRQHandler
                0x000012d4                TIM10_BRK_IRQHandler
                0x000012d4                TIM9_CC_IRQHandler
                0x000012d4                CAN1_TX_IRQHandler
                0x000012d4                DMA2_Channel5_IRQHandler
                0x000012d4                USB2_IRQHandler
                0x000012d4                USBHSWakeUp_IRQHandler
                0x000012d4                DMA1_Channel5_IRQHandler
                0x000012d4                EXTI4_IRQHandler
                0x000012d4                USB_LP_CAN1_RX0_IRQHandler
                0x000012d4                QSPI2_IRQHandler
                0x000012d4                RNG_IRQHandler
                0x000012d4                USB_HP_CAN1_TX_IRQHandler
                0x000012d4                CMPWakeUp_IRQHandler
                0x000012d4                DMA1_Channel3_IRQHandler
                0x000012d4                FSMC_IRQHandler
                0x000012d4                ETH_IRQHandler
                0x000012d4                TIM1_UP_IRQHandler
                0x000012d4                LPTIMWakeUp_IRQHandler
                0x000012d4                WWDG_IRQHandler
                0x000012d4                USBHSWakeup_IRQHandler
                0x000012d4                DMA2_Channel11_IRQHandler
                0x000012d4                WDOG_BAT_IRQHandler
                0x000012d4                Ecall_U_Mode_Handler
                0x000012d4                I2C4_EV_IRQHandler
                0x000012d4                CAN3_TX_IRQHandler
                0x000012d4                TMR3_IRQHandler
                0x000012d4                DMA2_Channel6_IRQHandler
                0x000012d4                TIM2_IRQHandler
                0x000012d4                SW_Handler
                0x000012d4                TIM1_BRK_IRQHandler
                0x000012d4                GPHA_IRQHandler
                0x000012d4                OPA_IRQHandler
                0x000012d4                DMA2_Channel10_IRQHandler
                0x000012d4                EXTI1_IRQHandler
                0x000012d4                SPI0_IRQHandler
                0x000012d4                USB2_HOST_IRQHandler
                0x000012d4                LPTIM2_WKUP_IRQHandler
                0x000012d4                RTCAlarm_IRQHandler
                0x000012d4                TIM11_IRQHandler
                0x000012d4                TIM10_UP_IRQHandler
                0x000012d4                TIM9_TRG_COM_IRQHandler
                0x000012d4                UART7_IRQHandler
                0x000012d4                USART2_IRQHandler
                0x000012d4                UART6_IRQHandler
                0x000012d4                UHSIF_IRQHandler
                0x000012d4                ETHWakeUp_IRQHandler
                0x000012d4                I2C2_ER_IRQHandler
                0x000012d4                DMA1_Channel2_IRQHandler
                0x000012d4                TIM8_BRK_IRQHandler
                0x000012d4                TIM2_TRG_IRQHandler
                0x000012d4                CAN1_SCE_IRQHandler
                0x000012d4                FLASH_IRQHandler
                0x000012d4                USBFSWakeUp_IRQHandler
                0x000012d4                USART1_IRQHandler
                0x000012d4                OTG_FS_IRQHandler
                0x000012d4                SPI3_IRQHandler
                0x000012d4                USBFS_WakeUp_IRQHandler
                0x000012d4                UART3_IRQHandler
                0x000012d4                I2C1_ER_IRQHandler
                0x000012d4                FMC_IRQHandler
                0x000012d4                USB2_DEVICE_IRQHandler
                0x000012d4                LPTIM1_IRQHandler
                0x000012d4                DFSDM1_IRQHandler
                0x000012d4                I2C4_ER_IRQHandler
                0x000012d4                SERDES_IRQHandler
                0x000012d4                USBSS_LINK_IRQHandler
                0x000012d4                USBWakeUp_IRQHandler
                0x000012d4                DMA2_Channel3_IRQHandler
 .text.strlen   0x000012d6       0x12 C:\Users\Andy\AppData\Local\Temp\ccSwYOrC.ltrans0.ltrans.o
                0x000012d6                strlen
 .text.mini_vpprintf
                0x000012e8      0x1d6 C:\Users\Andy\AppData\Local\Temp\ccSwYOrC.ltrans0.ltrans.o
 .text.printf   0x000014be       0x28 C:\Users\Andy\AppData\Local\Temp\ccSwYOrC.ltrans0.ltrans.o
                0x000014be                printf
 .text.mini_vsnprintf
                0x000014e6       0x3a C:\Users\Andy\AppData\Local\Temp\ccSwYOrC.ltrans0.ltrans.o
 .text.sprintf  0x00001520       0x24 C:\Users\Andy\AppData\Local\Temp\ccSwYOrC.ltrans0.ltrans.o
                0x00001520                sprintf
 .text.memset   0x00001544       0x12 C:\Users\Andy\AppData\Local\Temp\ccSwYOrC.ltrans0.ltrans.o
                0x00001544                memset
 .text.EnterMenuMode.constprop.0
                0x00001556       0x1e C:\Users\Andy\AppData\Local\Temp\ccSwYOrC.ltrans0.ltrans.o
 .text.ssd1306_setbuf.constprop.0
                0x00001574       0x12 C:\Users\Andy\AppData\Local\Temp\ccSwYOrC.ltrans0.ltrans.o
 .text.ModePufferLoop
                0x00001586      0x234 C:\Users\Andy\AppData\Local\Temp\ccSwYOrC.ltrans0.ltrans.o
 .text.ModeShutLoop
                0x000017ba      0x3c2 C:\Users\Andy\AppData\Local\Temp\ccSwYOrC.ltrans0.ltrans.o
 .text.ModeMenuLoop
                0x00001b7c      0x21c C:\Users\Andy\AppData\Local\Temp\ccSwYOrC.ltrans0.ltrans.o
 .text.memcpy   0x00001d98       0x1c C:\Users\Andy\AppData\Local\Temp\ccSwYOrC.ltrans0.ltrans.o
                0x00001d98                memcpy
 .text.putchar  0x00001db4       0x64 C:\Users\Andy\AppData\Local\Temp\ccSwYOrC.ltrans0.ltrans.o
                0x00001db4                putchar
 .text.ModeTestWirelessRX
                0x00001e18       0x62 C:\Users\Andy\AppData\Local\Temp\ccSwYOrC.ltrans0.ltrans.o
 .text.ModeExampleWirelessRX
                0x00001e7a        0x2 C:\Users\Andy\AppData\Local\Temp\ccSwYOrC.ltrans0.ltrans.o
 .text.SystemInit
                0x00001e7c       0x7c C:\Users\Andy\AppData\Local\Temp\ccSwYOrC.ltrans0.ltrans.o
                0x00001e7c                SystemInit
 .text.ISLER_BEANBOY_INTERNAL_CALLBACK
                0x00001ef8       0x52 C:\Users\Andy\AppData\Local\Temp\ccSwYOrC.ltrans0.ltrans.o
 .text.LLE_IRQHandler
                0x00001f4a       0x90 C:\Users\Andy\AppData\Local\Temp\ccSwYOrC.ltrans0.ltrans.o
 .text.ModeExampleLoop
                0x00001fda      0x1dc C:\Users\Andy\AppData\Local\Temp\ccSwYOrC.ltrans0.ltrans.o
 .text.SetupRegisterMap.isra.0
                0x000021b6       0x84 C:\Users\Andy\AppData\Local\Temp\ccSwYOrC.ltrans0.ltrans.o
 .text.startup.main
                0x0000223a      0x6ca C:\Users\Andy\AppData\Local\Temp\ccSwYOrC.ltrans0.ltrans.o
                0x0000223a                main
 .text.ModeTestLoop
                0x00002904        0xc C:\Users\Andy\AppData\Local\Temp\ccSwYOrC.ltrans0.ltrans.o
 .text.__udivdi3
                0x00002910      0x3a6 C:/Users/Andy/AppData/Local/xpack-riscv-none-elf-gcc/14.2.0-3/bin/../lib/gcc/riscv-none-elf/14.2.0\libgcc.a(_udivdi3.o)
                0x00002910                __udivdi3
 *(.rodata)
 *(.rodata*)
 *fill*         0x00002cb6        0x2 
 .rodata.ModePufferLoop.str1.4
                0x00002cb8      0x1d4 C:\Users\Andy\AppData\Local\Temp\ccSwYOrC.ltrans0.ltrans.o
                                 0x73 (size before relaxing)
 .rodata.ModeShutLoop.str1.4
                0x00002e8c       0x56 C:\Users\Andy\AppData\Local\Temp\ccSwYOrC.ltrans0.ltrans.o
 .rodata.ModeMenuLoop.str1.4
                0x00002e8c        0x5 C:\Users\Andy\AppData\Local\Temp\ccSwYOrC.ltrans0.ltrans.o
 .rodata.ModeTestWirelessRX.str1.4
                0x00002e8c       0x2e C:\Users\Andy\AppData\Local\Temp\ccSwYOrC.ltrans0.ltrans.o
 .rodata.ModeExampleLoop.str1.4
                0x00002e8c       0x17 C:\Users\Andy\AppData\Local\Temp\ccSwYOrC.ltrans0.ltrans.o
 .rodata.SetupRegisterMap.isra.0.str1.4
                0x00002e8c       0x1a C:\Users\Andy\AppData\Local\Temp\ccSwYOrC.ltrans0.ltrans.o
 .rodata.main.str1.4
                0x00002e8c       0x30 C:\Users\Andy\AppData\Local\Temp\ccSwYOrC.ltrans0.ltrans.o
 .rodata.str1.4
                0x00002e8c       0x70 C:\Users\Andy\AppData\Local\Temp\ccSwYOrC.ltrans0.ltrans.o
 .rodata.fontdata
                0x00002e8c      0x800 C:\Users\Andy\AppData\Local\Temp\ccSwYOrC.ltrans0.ltrans.o
 .rodata.LSM6DS3Regmap.1
                0x0000368c       0x1e C:\Users\Andy\AppData\Local\Temp\ccSwYOrC.ltrans0.ltrans.o
 *fill*         0x000036aa        0x2 
 .rodata.ssd1306_init_array
                0x000036ac       0x23 C:\Users\Andy\AppData\Local\Temp\ccSwYOrC.ltrans0.ltrans.o
 *fill*         0x000036cf        0x1 
 .rodata.gameModes
                0x000036d0       0x14 C:\Users\Andy\AppData\Local\Temp\ccSwYOrC.ltrans0.ltrans.o
 .rodata.channel_map
                0x000036e4       0x28 C:\Users\Andy\AppData\Local\Temp\ccSwYOrC.ltrans0.ltrans.o
 .rodata.__clz_tab
                0x0000370c      0x100 C:/Users/Andy/AppData/Local/xpack-riscv-none-elf-gcc/14.2.0-3/bin/../lib/gcc/riscv-none-elf/14.2.0\libgcc.a(_clz.o)
                0x0000370c                __clz_tab
 *(.gnu.linkonce.t.*)
                0x0000380c                        . = ALIGN (0x4)

.rela.dyn       0x0000380c        0x0
 .rela.text.handle_reset
                0x0000380c        0x0 C:\Users\Andy\AppData\Local\Temp\ccSwYOrC.ltrans0.ltrans.o

.fini           0x0000380c        0x0
 *(SORT_NONE(.fini))
                0x0000380c                        . = ALIGN (0x4)
                [!provide]                        PROVIDE (_etext = .)
                [!provide]                        PROVIDE (_eitcm = .)

.preinit_array  0x0000380c        0x0
                [!provide]                        PROVIDE (__preinit_array_start = .)
 *(.preinit_array)
                [!provide]                        PROVIDE (__preinit_array_end = .)

.init_array     0x0000380c        0x0
                0x0000380c                        PROVIDE (__init_array_start = .)
 *(SORT_BY_INIT_PRIORITY(.init_array.*) SORT_BY_INIT_PRIORITY(.ctors.*))
 *(.init_array EXCLUDE_FILE(*crtend?.o *crtend.o *crtbegin?.o *crtbegin.o) .ctors)
                0x0000380c                        PROVIDE (__init_array_end = .)

.fini_array     0x0000380c        0x0
                [!provide]                        PROVIDE (__fini_array_start = .)
 *(SORT_BY_INIT_PRIORITY(.fini_array.*) SORT_BY_INIT_PRIORITY(.dtors.*))
 *(.fini_array EXCLUDE_FILE(*crtend?.o *crtend.o *crtbegin?.o *crtbegin.o) .dtors)
                [!provide]                        PROVIDE (__fini_array_end = .)

.ctors
 *crtbegin.o(.ctors)
 *crtbegin?.o(.ctors)
 *(EXCLUDE_FILE(*crtend?.o *crtend.o) .ctors)
 *(SORT_BY_NAME(.ctors.*))
 *(.ctors)

.dtors
 *crtbegin.o(.dtors)
 *crtbegin?.o(.dtors)
 *(EXCLUDE_FILE(*crtend?.o *crtend.o) .dtors)
 *(SORT_BY_NAME(.dtors.*))
 *(.dtors)

.dalign         0x200009b0        0x0 load address 0x0000380c
                0x200009b0                        . = ALIGN (0x4)
                0x200009b0                        PROVIDE (_data_vma = .)

.dlalign        0x0000380c        0x0
                0x0000380c                        . = ALIGN (0x4)
                0x0000380c                        PROVIDE (_data_lma = .)

.data           0x200009b0     0x122c load address 0x0000380c
                0x200009b0                        . = ALIGN (0x4)
                0x20000dac                        __global_pointer$ = (. + 0x3fc)
 *(.gnu.linkonce.r.*)
 *(.data .data.*)
 *(.gnu.linkonce.d.*)
                0x200009b0                        . = ALIGN (0x8)
 *fill*         0x200009b0        0x0 
 *(.sdata .sdata.*)
 .sdata._rand_lfsr
                0x200009b0        0x4 C:\Users\Andy\AppData\Local\Temp\ccSwYOrC.ltrans0.ltrans.o
 *(.sdata2*)
 *(.gnu.linkonce.s.*)
                0x200009b8                        . = ALIGN (0x8)
 *fill*         0x200009b4        0x4 
 *(.srodata.cst16)
 *(.srodata.cst8)
 *(.srodata.cst4)
 *(.srodata.cst2)
 *(.srodata .srodata.*)
 .srodata.QMC6309Regmap.0
                0x200009b8        0x4 C:\Users\Andy\AppData\Local\Temp\ccSwYOrC.ltrans0.ltrans.o
 .srodata.closed_box
                0x200009bc      0x784 C:\Users\Andy\AppData\Local\Temp\ccSwYOrC.ltrans0.ltrans.o
 .srodata.finger
                0x20001140       0x88 C:\Users\Andy\AppData\Local\Temp\ccSwYOrC.ltrans0.ltrans.o
 .srodata.fish0
                0x200011c8      0x1e4 C:\Users\Andy\AppData\Local\Temp\ccSwYOrC.ltrans0.ltrans.o
 .srodata.fish1
                0x200013ac      0x2c4 C:\Users\Andy\AppData\Local\Temp\ccSwYOrC.ltrans0.ltrans.o
 .srodata.fish2
                0x20001670      0x364 C:\Users\Andy\AppData\Local\Temp\ccSwYOrC.ltrans0.ltrans.o
 .srodata.bubblemirror
                0x200019d4      0x104 C:\Users\Andy\AppData\Local\Temp\ccSwYOrC.ltrans0.ltrans.o
 .srodata.bubble
                0x20001ad8      0x104 C:\Users\Andy\AppData\Local\Temp\ccSwYOrC.ltrans0.ltrans.o
                0x20001bdc                        . = ALIGN (0x4)
                0x20001bdc                        PROVIDE (_edata = .)

.bss            0x20001be0      0xca0 load address 0x00004a38
                0x20001be0                        . = ALIGN (0x4)
                0x20001be0                        PROVIDE (_sbss = .)
 *(.sbss*)
 .sbss.frameentropy
                0x20001be0        0x4 C:\Users\Andy\AppData\Local\Temp\ccSwYOrC.ltrans0.ltrans.o
 .sbss.iSLERChannel
                0x20001be4        0x1 C:\Users\Andy\AppData\Local\Temp\ccSwYOrC.ltrans0.ltrans.o
 *fill*         0x20001be5        0x3 
 .sbss.lastfifo
                0x20001be8        0x4 C:\Users\Andy\AppData\Local\Temp\ccSwYOrC.ltrans0.ltrans.o
 .sbss.tuneFilter
                0x20001bec        0x4 C:\Users\Andy\AppData\Local\Temp\ccSwYOrC.ltrans0.ltrans.o
 .sbss.tuneFilter2M
                0x20001bf0        0x4 C:\Users\Andy\AppData\Local\Temp\ccSwYOrC.ltrans0.ltrans.o
 *(.gnu.linkonce.sb.*)
 *(.bss*)
 *fill*         0x20001bf4        0x4 
 .bss.gameUnion
                0x20001bf8       0x48 C:\Users\Andy\AppData\Local\Temp\ccSwYOrC.ltrans0.ltrans.o
 .bss.LLE_BUF   0x20001c40      0x440 C:\Users\Andy\AppData\Local\Temp\ccSwYOrC.ltrans0.ltrans.o
 .bss.ssd1306_buffer
                0x20002080      0x800 C:\Users\Andy\AppData\Local\Temp\ccSwYOrC.ltrans0.ltrans.o
 *(.gnu.linkonce.b.*)
 *(COMMON*)
                0x20002880                        . = ALIGN (0x4)
                0x20002880                        PROVIDE (_ebss = .)
                [!provide]                        PROVIDE (_end = _ebss)
                [!provide]                        PROVIDE (end = .)
                0x20003000                        PROVIDE (_eusrstack = (ORIGIN (RAM) + LENGTH (RAM)))

/DISCARD/
 *(.note .note.*)
 *(.eh_frame .eh_frame.*)
 *(.comment .comment.*)
 *(.ARM.extab* .gnu.linkonce.armextab.*)
 *(.ARM.exidx*)
OUTPUT(firmware.elf elf32-littleriscv)

.riscv.attributes
                0x00000000       0x4b
 .riscv.attributes
                0x00000000       0x4b C:\Users\Andy\AppData\Local\Temp\ccSwYOrC.ltrans0.ltrans.o
 .riscv.attributes
                0x0000004b       0x47 C:/Users/Andy/AppData/Local/xpack-riscv-none-elf-gcc/14.2.0-3/bin/../lib/gcc/riscv-none-elf/14.2.0\libgcc.a(_udivdi3.o)
 .riscv.attributes
                0x00000092       0x47 C:/Users/Andy/AppData/Local/xpack-riscv-none-elf-gcc/14.2.0-3/bin/../lib/gcc/riscv-none-elf/14.2.0\libgcc.a(_clz.o)

.debug_info     0x00000000     0x77fa
 .debug_info    0x00000000     0x39b1 C:\Users\Andy\AppData\Local\Temp\ccSwYOrC.ltrans0.ltrans.o
 .debug_info    0x000039b1      0xe6d C:\Users\Andy\AppData\Local\Temp\ccicFJiN.debug.temp.o
                0x000039b1                ch32fun.c.87fb9ac7
 .debug_info    0x0000481e     0x2781 C:\Users\Andy\AppData\Local\Temp\ccyOESAv.debug.temp.o
                0x0000481e                firmware.c.57502c15
 .debug_info    0x00006f9f      0x76e C:/Users/Andy/AppData/Local/xpack-riscv-none-elf-gcc/14.2.0-3/bin/../lib/gcc/riscv-none-elf/14.2.0\libgcc.a(_udivdi3.o)
 .debug_info    0x0000770d       0xed C:/Users/Andy/AppData/Local/xpack-riscv-none-elf-gcc/14.2.0-3/bin/../lib/gcc/riscv-none-elf/14.2.0\libgcc.a(_clz.o)

.debug_abbrev   0x00000000      0xba9
 .debug_abbrev  0x00000000      0x24e C:\Users\Andy\AppData\Local\Temp\ccSwYOrC.ltrans0.ltrans.o
 .debug_abbrev  0x0000024e      0x2c6 C:\Users\Andy\AppData\Local\Temp\ccicFJiN.debug.temp.o
 .debug_abbrev  0x00000514      0x48c C:\Users\Andy\AppData\Local\Temp\ccyOESAv.debug.temp.o
 .debug_abbrev  0x000009a0      0x199 C:/Users/Andy/AppData/Local/xpack-riscv-none-elf-gcc/14.2.0-3/bin/../lib/gcc/riscv-none-elf/14.2.0\libgcc.a(_udivdi3.o)
 .debug_abbrev  0x00000b39       0x70 C:/Users/Andy/AppData/Local/xpack-riscv-none-elf-gcc/14.2.0-3/bin/../lib/gcc/riscv-none-elf/14.2.0\libgcc.a(_clz.o)

.debug_loclists
                0x00000000     0x3720
 .debug_loclists
                0x00000000     0x2d47 C:\Users\Andy\AppData\Local\Temp\ccSwYOrC.ltrans0.ltrans.o
 .debug_loclists
                0x00002d47      0x9d9 C:/Users/Andy/AppData/Local/xpack-riscv-none-elf-gcc/14.2.0-3/bin/../lib/gcc/riscv-none-elf/14.2.0\libgcc.a(_udivdi3.o)

.debug_aranges  0x00000000      0x2e0
 .debug_aranges
                0x00000000      0x2a8 C:\Users\Andy\AppData\Local\Temp\ccSwYOrC.ltrans0.ltrans.o
 .debug_aranges
                0x000002a8       0x20 C:/Users/Andy/AppData/Local/xpack-riscv-none-elf-gcc/14.2.0-3/bin/../lib/gcc/riscv-none-elf/14.2.0\libgcc.a(_udivdi3.o)
 .debug_aranges
                0x000002c8       0x18 C:/Users/Andy/AppData/Local/xpack-riscv-none-elf-gcc/14.2.0-3/bin/../lib/gcc/riscv-none-elf/14.2.0\libgcc.a(_clz.o)

.debug_rnglists
                0x00000000      0x6c8
 .debug_rnglists
                0x00000000      0x5b6 C:\Users\Andy\AppData\Local\Temp\ccSwYOrC.ltrans0.ltrans.o
 .debug_rnglists
                0x000005b6      0x112 C:/Users/Andy/AppData/Local/xpack-riscv-none-elf-gcc/14.2.0-3/bin/../lib/gcc/riscv-none-elf/14.2.0\libgcc.a(_udivdi3.o)

.debug_line     0x00000000     0x7f25
 .debug_line    0x00000000     0x737b C:\Users\Andy\AppData\Local\Temp\ccSwYOrC.ltrans0.ltrans.o
 .debug_line    0x0000737b       0x76 C:\Users\Andy\AppData\Local\Temp\ccicFJiN.debug.temp.o
 .debug_line    0x000073f1       0xb2 C:\Users\Andy\AppData\Local\Temp\ccyOESAv.debug.temp.o
 .debug_line    0x000074a3      0xa43 C:/Users/Andy/AppData/Local/xpack-riscv-none-elf-gcc/14.2.0-3/bin/../lib/gcc/riscv-none-elf/14.2.0\libgcc.a(_udivdi3.o)
 .debug_line    0x00007ee6       0x3f C:/Users/Andy/AppData/Local/xpack-riscv-none-elf-gcc/14.2.0-3/bin/../lib/gcc/riscv-none-elf/14.2.0\libgcc.a(_clz.o)

.debug_str      0x00000000     0x1b18
 .debug_str     0x00000000     0x1b18 C:\Users\Andy\AppData\Local\Temp\ccSwYOrC.ltrans0.ltrans.o
                                0x179 (size before relaxing)
 .debug_str     0x00001b18      0x6ea C:\Users\Andy\AppData\Local\Temp\ccicFJiN.debug.temp.o
 .debug_str     0x00001b18     0x13ec C:\Users\Andy\AppData\Local\Temp\ccyOESAv.debug.temp.o
 .debug_str     0x00001b18      0x285 C:/Users/Andy/AppData/Local/xpack-riscv-none-elf-gcc/14.2.0-3/bin/../lib/gcc/riscv-none-elf/14.2.0\libgcc.a(_udivdi3.o)
 .debug_str     0x00001b18      0x1d2 C:/Users/Andy/AppData/Local/xpack-riscv-none-elf-gcc/14.2.0-3/bin/../lib/gcc/riscv-none-elf/14.2.0\libgcc.a(_clz.o)

.debug_line_str
                0x00000000      0x49b
 .debug_line_str
                0x00000000      0x49b C:\Users\Andy\AppData\Local\Temp\ccSwYOrC.ltrans0.ltrans.o
                                0x1b5 (size before relaxing)
 .debug_line_str
                0x0000049b      0x233 C:\Users\Andy\AppData\Local\Temp\ccicFJiN.debug.temp.o
 .debug_line_str
                0x0000049b      0x2b4 C:\Users\Andy\AppData\Local\Temp\ccyOESAv.debug.temp.o
 .debug_line_str
                0x0000049b      0x24c C:/Users/Andy/AppData/Local/xpack-riscv-none-elf-gcc/14.2.0-3/bin/../lib/gcc/riscv-none-elf/14.2.0\libgcc.a(_udivdi3.o)
 .debug_line_str
                0x0000049b      0x24c C:/Users/Andy/AppData/Local/xpack-riscv-none-elf-gcc/14.2.0-3/bin/../lib/gcc/riscv-none-elf/14.2.0\libgcc.a(_clz.o)

.debug_frame    0x00000000      0xa38
 .debug_frame   0x00000000      0xa38 C:\Users\Andy\AppData\Local\Temp\ccSwYOrC.ltrans0.ltrans.o
