
Discarded input sections

 .text          0x00000000        0x0 C:\Users\Andy\AppData\Local\Temp\ccIjebUb.ltrans0.ltrans.o
 .data          0x00000000        0x0 C:\Users\Andy\AppData\Local\Temp\ccIjebUb.ltrans0.ltrans.o
 .bss           0x00000000        0x0 C:\Users\Andy\AppData\Local\Temp\ccIjebUb.ltrans0.ltrans.o
 .text.vprintf  0x00000000       0x16 C:\Users\Andy\AppData\Local\Temp\ccIjebUb.ltrans0.ltrans.o
 .text.snprintf
                0x00000000       0x20 C:\Users\Andy\AppData\Local\Temp\ccIjebUb.ltrans0.ltrans.o
 .text.strcpy   0x00000000       0x14 C:\Users\Andy\AppData\Local\Temp\ccIjebUb.ltrans0.ltrans.o
 .text.strncpy  0x00000000       0x1c C:\Users\Andy\AppData\Local\Temp\ccIjebUb.ltrans0.ltrans.o
 .text.strcmp   0x00000000       0x1a C:\Users\Andy\AppData\Local\Temp\ccIjebUb.ltrans0.ltrans.o
 .text.strncmp  0x00000000       0x2e C:\Users\Andy\AppData\Local\Temp\ccIjebUb.ltrans0.ltrans.o
 .text.strchr   0x00000000       0x16 C:\Users\Andy\AppData\Local\Temp\ccIjebUb.ltrans0.ltrans.o
 .text.strrchr  0x00000000       0x3c C:\Users\Andy\AppData\Local\Temp\ccIjebUb.ltrans0.ltrans.o
 .text.memcmp   0x00000000       0x20 C:\Users\Andy\AppData\Local\Temp\ccIjebUb.ltrans0.ltrans.o
 .text.memmove  0x00000000       0x5e C:\Users\Andy\AppData\Local\Temp\ccIjebUb.ltrans0.ltrans.o
 .text.memchr   0x00000000       0x1a C:\Users\Andy\AppData\Local\Temp\ccIjebUb.ltrans0.ltrans.o
 .text.strnlen  0x00000000       0x2a C:\Users\Andy\AppData\Local\Temp\ccIjebUb.ltrans0.ltrans.o
 .text.twoway_strstr
                0x00000000      0x256 C:\Users\Andy\AppData\Local\Temp\ccIjebUb.ltrans0.ltrans.o
 .text.strstr   0x00000000      0x118 C:\Users\Andy\AppData\Local\Temp\ccIjebUb.ltrans0.ltrans.o
 .rodata.puts.str1.4
                0x00000000        0x2 C:\Users\Andy\AppData\Local\Temp\ccIjebUb.ltrans0.ltrans.o
 .text.puts     0x00000000       0x40 C:\Users\Andy\AppData\Local\Temp\ccIjebUb.ltrans0.ltrans.o
 .text.setjmp   0x00000000       0x38 C:\Users\Andy\AppData\Local\Temp\ccIjebUb.ltrans0.ltrans.o
 .text.longjmp  0x00000000       0x3c C:\Users\Andy\AppData\Local\Temp\ccIjebUb.ltrans0.ltrans.o
 .comment       0x00000000       0x34 C:\Users\Andy\AppData\Local\Temp\ccIjebUb.ltrans0.ltrans.o
 .note.GNU-stack
                0x00000000        0x0 C:\Users\Andy\AppData\Local\Temp\ccIjebUb.ltrans0.ltrans.o
 .comment       0x00000000       0x34 C:\Users\Andy\AppData\Local\Temp\cc1g4i2j.debug.temp.o
 .note.GNU-stack
                0x00000000        0x0 C:\Users\Andy\AppData\Local\Temp\cc1g4i2j.debug.temp.o
 .comment       0x00000000       0x34 C:\Users\Andy\AppData\Local\Temp\ccMSN1sq.debug.temp.o
 .note.GNU-stack
                0x00000000        0x0 C:\Users\Andy\AppData\Local\Temp\ccMSN1sq.debug.temp.o

Memory Configuration

Name             Origin             Length             Attributes
FLASH            0x00000000         0x0003c000         xr
RAM              0x20000000         0x00003000         xrw
*default*        0x00000000         0xffffffff

Linker script and memory map

LOAD C:\Users\Andy\AppData\Local\Temp\ccYz2e1c.o
LOAD C:\Users\Andy\AppData\Local\Temp\ccIjebUb.ltrans0.ltrans.o
LOAD C:\Users\Andy\AppData\Local\Temp\cc1g4i2j.debug.temp.o
LOAD C:\Users\Andy\AppData\Local\Temp\ccMSN1sq.debug.temp.o
LOAD C:\Users\Andy\AppData\Local\Temp\ccWCHmFb.o
LOAD C:/Users/Andy/AppData/Local/xpack-riscv-none-elf-gcc/14.2.0-3/bin/../lib/gcc/riscv-none-elf/14.2.0\libgcc.a

.init           0x00000000       0x90
                0x00000000                        _sinit = .
                0x00000000                        . = ALIGN (0x4)
 *(SORT_NONE(.init))
 .init          0x00000000       0x90 C:\Users\Andy\AppData\Local\Temp\ccIjebUb.ltrans0.ltrans.o
                0x00000000                InterruptVector
                0x00000000                InterruptVectorDefault
                0x00000090                        . = ALIGN (0x4)
                0x00000090                        _einit = .

.highcodelalign
                0x00000090        0x0
                0x00000090                        . = ALIGN (0x4)
                0x00000090                        PROVIDE (_highcode_lma = .)

.highcode       0x20000000      0x2a0 load address 0x00000090
                0x20000000                        . = ALIGN (0x4)
                0x20000000                        PROVIDE (_highcode_vma_start = .)
 *(.highcode*)
 .highcode      0x20000000      0x29e C:\Users\Andy\AppData\Local\Temp\ccIjebUb.ltrans0.ltrans.o
                0x20000000                iSLERRSSI
                0x20000018                iSLERCRCOK
                0x20000038                iSLERTX
                0x20000164                iSLERRX
                0x200002a0                        . = ALIGN (0x4)
 *fill*         0x2000029e        0x2 
                0x200002a0                        PROVIDE (_highcode_vma_end = .)

.text           0x00000330     0x2158
                0x00000330                        . = ALIGN (0x4)
 *(.text)
 *(.text.*)
 .text.mini_pad
                0x00000330       0x8a C:\Users\Andy\AppData\Local\Temp\ccIjebUb.ltrans0.ltrans.o
 .text._puts    0x000003ba       0x42 C:\Users\Andy\AppData\Local\Temp\ccIjebUb.ltrans0.ltrans.o
 .text.mini_itoa.part.0
                0x000003fc       0x90 C:\Users\Andy\AppData\Local\Temp\ccIjebUb.ltrans0.ltrans.o
 .text.ssd1306_drawPixel
                0x0000048c       0x3c C:\Users\Andy\AppData\Local\Temp\ccIjebUb.ltrans0.ltrans.o
 .text.DevSetMode
                0x000004c8       0x4e C:\Users\Andy\AppData\Local\Temp\ccIjebUb.ltrans0.ltrans.o
 .text.RFEND_TXCTune
                0x00000516       0x7e C:\Users\Andy\AppData\Local\Temp\ccIjebUb.ltrans0.ltrans.o
 .text.DevSetChannel
                0x00000594       0x22 C:\Users\Andy\AppData\Local\Temp\ccIjebUb.ltrans0.ltrans.o
 .text.RenderBSprite
                0x000005b6       0xd8 C:\Users\Andy\AppData\Local\Temp\ccIjebUb.ltrans0.ltrans.o
 .text._rand_gen_32b
                0x0000068e       0x3c C:\Users\Andy\AppData\Local\Temp\ccIjebUb.ltrans0.ltrans.o
 .text.ModePufferWirelessRX
                0x000006ca        0x2 C:\Users\Andy\AppData\Local\Temp\ccIjebUb.ltrans0.ltrans.o
 .text.funPinMode.part.0
                0x000006cc       0x30 C:\Users\Andy\AppData\Local\Temp\ccIjebUb.ltrans0.ltrans.o
 .text.funPinMode
                0x000006fc       0x5a C:\Users\Andy\AppData\Local\Temp\ccIjebUb.ltrans0.ltrans.o
 .text.SendByte
                0x00000756       0xc6 C:\Users\Andy\AppData\Local\Temp\ccIjebUb.ltrans0.ltrans.o
 .text.ssd1306_drawstr_sz.constprop.0
                0x0000081c       0xb0 C:\Users\Andy\AppData\Local\Temp\ccIjebUb.ltrans0.ltrans.o
 .text.internal_handle_input.constprop.0
                0x000008cc        0xa C:\Users\Andy\AppData\Local\Temp\ccIjebUb.ltrans0.ltrans.o
 .text._write.constprop.0
                0x000008d6       0xec C:\Users\Andy\AppData\Local\Temp\ccIjebUb.ltrans0.ltrans.o
 .text.__puts_uart
                0x000009c2       0x14 C:\Users\Andy\AppData\Local\Temp\ccIjebUb.ltrans0.ltrans.o
 .text.ssd1306_pkt_send.isra.0
                0x000009d6       0x62 C:\Users\Andy\AppData\Local\Temp\ccIjebUb.ltrans0.ltrans.o
 .text.ssd1306_cmd.isra.0
                0x00000a38       0x18 C:\Users\Andy\AppData\Local\Temp\ccIjebUb.ltrans0.ltrans.o
 .text.ssd1306_refresh
                0x00000a50       0x76 C:\Users\Andy\AppData\Local\Temp\ccIjebUb.ltrans0.ltrans.o
 .text.ModeTestLoop
                0x00000ac6        0x2 C:\Users\Andy\AppData\Local\Temp\ccIjebUb.ltrans0.ltrans.o
 .text.handle_reset
                0x00000ac8       0xb4 C:\Users\Andy\AppData\Local\Temp\ccIjebUb.ltrans0.ltrans.o
                0x00000ac8                handle_reset
 .text.vector_handler
                0x00000b7c        0x2 C:\Users\Andy\AppData\Local\Temp\ccIjebUb.ltrans0.ltrans.o
                0x00000b7c                EXTI2_IRQHandler
                0x00000b7c                TIM8_TRG_COM_IRQHandler
                0x00000b7c                TIM8_CC_IRQHandler
                0x00000b7c                USART_WKUP_IRQHandler
                0x00000b7c                UART8_IRQHandler
                0x00000b7c                SPI4_IRQHandler
                0x00000b7c                NFC_IRQHandler
                0x00000b7c                DFSDM0_IRQHandler
                0x00000b7c                TIM1_CC_IRQHandler
                0x00000b7c                HardFault_Handler
                0x00000b7c                TIM10_IRQHandler
                0x00000b7c                GPIOB_IRQHandler
                0x00000b7c                IPC_CH2_Handler
                0x00000b7c                USBPD_IRQHandler
                0x00000b7c                TIM6_IRQHandler
                0x00000b7c                GPIOA_IRQHandler
                0x00000b7c                SysTick_Handler
                0x00000b7c                CAN3_RX1_IRQHandler
                0x00000b7c                I3C_ER_IRQHandler
                0x00000b7c                PVD_IRQHandler
                0x00000b7c                SDIO_IRQHandler
                0x00000b7c                TIM9_BRK_IRQHandler
                0x00000b7c                DMA2_Channel8_IRQHandler
                0x00000b7c                NMI_Handler
                0x00000b7c                CAN2_RX1_IRQHandler
                0x00000b7c                EXTI3_IRQHandler
                0x00000b7c                HSEM_Handler
                0x00000b7c                UART1_IRQHandler
                0x00000b7c                USBHS_IRQHandler
                0x00000b7c                LPTIM2_IRQHandler
                0x00000b7c                DMA2_Channel9_IRQHandler
                0x00000b7c                TIM10_CC_IRQHandler
                0x00000b7c                EXTI25_16_IRQHandler
                0x00000b7c                I2C3_ER_IRQHandler
                0x00000b7c                USBFS_IRQHandler
                0x00000b7c                UART0_IRQHandler
                0x00000b7c                USART8_IRQHandler
                0x00000b7c                EXTI0_IRQHandler
                0x00000b7c                I2C2_EV_IRQHandler
                0x00000b7c                TIM10_TRG_COM_IRQHandler
                0x00000b7c                LPTIM_IRQHandler
                0x00000b7c                CAN1_RX0_IRQHandler
                0x00000b7c                CAN3_SCE_IRQHandler
                0x00000b7c                CAN2_SCE_IRQHandler
                0x00000b7c                ADC1_2_IRQHandler
                0x00000b7c                BB_IRQHandler
                0x00000b7c                Break_Point_Handler
                0x00000b7c                IPC_CH0_Handler
                0x00000b7c                TIM2_CC_IRQHandler
                0x00000b7c                SPI1_IRQHandler
                0x00000b7c                USART5_IRQHandler
                0x00000b7c                TAMPER_IRQHandler
                0x00000b7c                TMR0_IRQHandler
                0x00000b7c                AWU_IRQHandler
                0x00000b7c                EXTI7_0_IRQHandler
                0x00000b7c                CAN2_RX0_IRQHandler
                0x00000b7c                OSCWakeUp_IRQHandler
                0x00000b7c                TIM8_UP_IRQHandler
                0x00000b7c                Ecall_M_Mode_Handler
                0x00000b7c                ECDC_IRQHandler
                0x00000b7c                SDMMC_IRQHandler
                0x00000b7c                USART7_IRQHandler
                0x00000b7c                DMA2_Channel2_IRQHandler
                0x00000b7c                DMA1_Channel4_IRQHandler
                0x00000b7c                ADC1_IRQHandler
                0x00000b7c                TIM2_BRK_IRQHandler
                0x00000b7c                USART6_IRQHandler
                0x00000b7c                CAN3_RX0_IRQHandler
                0x00000b7c                HSADC_IRQHandler
                0x00000b7c                TIM9_UP_IRQHandler
                0x00000b7c                USART3_IRQHandler
                0x00000b7c                RTC_IRQHandler
                0x00000b7c                DMA1_Channel7_IRQHandler
                0x00000b7c                LED_IRQHandler
                0x00000b7c                CAN1_RX1_IRQHandler
                0x00000b7c                DVP_IRQHandler
                0x00000b7c                UART5_IRQHandler
                0x00000b7c                USBSS_IRQHandler
                0x00000b7c                SWPMI_IRQHandler
                0x00000b7c                USBPDWakeUp_IRQHandler
                0x00000b7c                EXTI15_8_IRQHandler
                0x00000b7c                TIM4_IRQHandler
                0x00000b7c                DMA2_Channel1_IRQHandler
                0x00000b7c                SWPMI_WKUP_IRQHandler
                0x00000b7c                USBPD_WKUP_IRQHandler
                0x00000b7c                I2C1_EV_IRQHandler
                0x00000b7c                USBSSWakeup_IRQHandler
                0x00000b7c                UART2_IRQHandler
                0x00000b7c                USART4_IRQHandler
                0x00000b7c                PWMX_IRQHandler
                0x00000b7c                DMA1_Channel6_IRQHandler
                0x00000b7c                UART4_IRQHandler
                0x00000b7c                DMA2_Channel4_IRQHandler
                0x00000b7c                TIM3_IRQHandler
                0x00000b7c                RCC_IRQHandler
                0x00000b7c                TIM1_TRG_COM_IRQHandler
                0x00000b7c                DMA1_Channel1_IRQHandler
                0x00000b7c                DMA2_Channel7_IRQHandler
                0x00000b7c                QSPI1_IRQHandler
                0x00000b7c                EXTI15_10_IRQHandler
                0x00000b7c                ADC_IRQHandler
                0x00000b7c                IPC_CH3_Handler
                0x00000b7c                DMA1_Channel8_IRQHandler
                0x00000b7c                I3C_EV_IRQHandler
                0x00000b7c                TMR2_IRQHandler
                0x00000b7c                I3C_WKUP_IRQHandler
                0x00000b7c                DefaultIRQHandler
                0x00000b7c                TIM12_IRQHandler
                0x00000b7c                TIM7_IRQHandler
                0x00000b7c                CAN2_TX_IRQHandler
                0x00000b7c                TIM5_IRQHandler
                0x00000b7c                I2C3_EV_IRQHandler
                0x00000b7c                USB_IRQHandler
                0x00000b7c                EXTI9_5_IRQHandler
                0x00000b7c                PIOC_IRQHandler
                0x00000b7c                TIM9_IRQHandler
                0x00000b7c                LTDC_IRQHandler
                0x00000b7c                SAI_IRQHandler
                0x00000b7c                SPI2_IRQHandler
                0x00000b7c                OSC32KCal_IRQHandler
                0x00000b7c                IPC_CH1_Handler
                0x00000b7c                I2C_IRQHandler
                0x00000b7c                LPTIM1_WKUP_IRQHandler
                0x00000b7c                TIM10_BRK_IRQHandler
                0x00000b7c                TIM9_CC_IRQHandler
                0x00000b7c                CAN1_TX_IRQHandler
                0x00000b7c                DMA2_Channel5_IRQHandler
                0x00000b7c                USB2_IRQHandler
                0x00000b7c                USBHSWakeUp_IRQHandler
                0x00000b7c                DMA1_Channel5_IRQHandler
                0x00000b7c                EXTI4_IRQHandler
                0x00000b7c                USB_LP_CAN1_RX0_IRQHandler
                0x00000b7c                QSPI2_IRQHandler
                0x00000b7c                RNG_IRQHandler
                0x00000b7c                USB_HP_CAN1_TX_IRQHandler
                0x00000b7c                CMPWakeUp_IRQHandler
                0x00000b7c                DMA1_Channel3_IRQHandler
                0x00000b7c                FSMC_IRQHandler
                0x00000b7c                ETH_IRQHandler
                0x00000b7c                TIM1_UP_IRQHandler
                0x00000b7c                LPTIMWakeUp_IRQHandler
                0x00000b7c                WWDG_IRQHandler
                0x00000b7c                USBHSWakeup_IRQHandler
                0x00000b7c                DMA2_Channel11_IRQHandler
                0x00000b7c                WDOG_BAT_IRQHandler
                0x00000b7c                Ecall_U_Mode_Handler
                0x00000b7c                I2C4_EV_IRQHandler
                0x00000b7c                CAN3_TX_IRQHandler
                0x00000b7c                TMR3_IRQHandler
                0x00000b7c                DMA2_Channel6_IRQHandler
                0x00000b7c                TIM2_IRQHandler
                0x00000b7c                SW_Handler
                0x00000b7c                TIM1_BRK_IRQHandler
                0x00000b7c                GPHA_IRQHandler
                0x00000b7c                OPA_IRQHandler
                0x00000b7c                DMA2_Channel10_IRQHandler
                0x00000b7c                EXTI1_IRQHandler
                0x00000b7c                SPI0_IRQHandler
                0x00000b7c                USB2_HOST_IRQHandler
                0x00000b7c                LPTIM2_WKUP_IRQHandler
                0x00000b7c                RTCAlarm_IRQHandler
                0x00000b7c                TIM11_IRQHandler
                0x00000b7c                TIM10_UP_IRQHandler
                0x00000b7c                TIM9_TRG_COM_IRQHandler
                0x00000b7c                UART7_IRQHandler
                0x00000b7c                USART2_IRQHandler
                0x00000b7c                UART6_IRQHandler
                0x00000b7c                UHSIF_IRQHandler
                0x00000b7c                ETHWakeUp_IRQHandler
                0x00000b7c                I2C2_ER_IRQHandler
                0x00000b7c                DMA1_Channel2_IRQHandler
                0x00000b7c                TIM8_BRK_IRQHandler
                0x00000b7c                TIM2_TRG_IRQHandler
                0x00000b7c                CAN1_SCE_IRQHandler
                0x00000b7c                FLASH_IRQHandler
                0x00000b7c                USBFSWakeUp_IRQHandler
                0x00000b7c                USART1_IRQHandler
                0x00000b7c                OTG_FS_IRQHandler
                0x00000b7c                SPI3_IRQHandler
                0x00000b7c                USBFS_WakeUp_IRQHandler
                0x00000b7c                UART3_IRQHandler
                0x00000b7c                I2C1_ER_IRQHandler
                0x00000b7c                FMC_IRQHandler
                0x00000b7c                USB2_DEVICE_IRQHandler
                0x00000b7c                LPTIM1_IRQHandler
                0x00000b7c                DFSDM1_IRQHandler
                0x00000b7c                I2C4_ER_IRQHandler
                0x00000b7c                SERDES_IRQHandler
                0x00000b7c                USBSS_LINK_IRQHandler
                0x00000b7c                USBWakeUp_IRQHandler
                0x00000b7c                DMA2_Channel3_IRQHandler
 .text.strlen   0x00000b7e       0x12 C:\Users\Andy\AppData\Local\Temp\ccIjebUb.ltrans0.ltrans.o
                0x00000b7e                strlen
 .text.mini_vpprintf
                0x00000b90      0x1d4 C:\Users\Andy\AppData\Local\Temp\ccIjebUb.ltrans0.ltrans.o
 .text.printf   0x00000d64       0x28 C:\Users\Andy\AppData\Local\Temp\ccIjebUb.ltrans0.ltrans.o
                0x00000d64                printf
 .text.SetupRegisterMap.isra.0
                0x00000d8c      0x102 C:\Users\Andy\AppData\Local\Temp\ccIjebUb.ltrans0.ltrans.o
 .text.mini_vsnprintf
                0x00000e8e       0x38 C:\Users\Andy\AppData\Local\Temp\ccIjebUb.ltrans0.ltrans.o
 .text.sprintf  0x00000ec6       0x24 C:\Users\Andy\AppData\Local\Temp\ccIjebUb.ltrans0.ltrans.o
                0x00000ec6                sprintf
 .text.memset   0x00000eea       0x12 C:\Users\Andy\AppData\Local\Temp\ccIjebUb.ltrans0.ltrans.o
                0x00000eea                memset
 .text.ssd1306_setbuf.constprop.0
                0x00000efc       0x12 C:\Users\Andy\AppData\Local\Temp\ccIjebUb.ltrans0.ltrans.o
 .text.ModePufferLoop
                0x00000f0e       0x62 C:\Users\Andy\AppData\Local\Temp\ccIjebUb.ltrans0.ltrans.o
 .text.ModeMenuLoop
                0x00000f70      0x116 C:\Users\Andy\AppData\Local\Temp\ccIjebUb.ltrans0.ltrans.o
 .text.memcpy   0x00001086       0x1c C:\Users\Andy\AppData\Local\Temp\ccIjebUb.ltrans0.ltrans.o
                0x00001086                memcpy
 .text.putchar  0x000010a2       0x64 C:\Users\Andy\AppData\Local\Temp\ccIjebUb.ltrans0.ltrans.o
                0x000010a2                putchar
 .text.ModeTestWirelessRX
                0x00001106       0x5e C:\Users\Andy\AppData\Local\Temp\ccIjebUb.ltrans0.ltrans.o
 .text.ModeExampleWirelessRX
                0x00001164        0x2 C:\Users\Andy\AppData\Local\Temp\ccIjebUb.ltrans0.ltrans.o
 .text.SystemInit
                0x00001166       0x7c C:\Users\Andy\AppData\Local\Temp\ccIjebUb.ltrans0.ltrans.o
                0x00001166                SystemInit
 .text.LLE_IRQHandler
                0x000011e2       0xc6 C:\Users\Andy\AppData\Local\Temp\ccIjebUb.ltrans0.ltrans.o
 .text.ModeExampleLoop
                0x000012a8      0x1ae C:\Users\Andy\AppData\Local\Temp\ccIjebUb.ltrans0.ltrans.o
 .text.startup.main
                0x00001456      0x6e2 C:\Users\Andy\AppData\Local\Temp\ccIjebUb.ltrans0.ltrans.o
                0x00001456                main
 *(.rodata)
 *(.rodata*)
 .rodata.SetupRegisterMap.isra.0.str1.4
                0x00001b38       0xd8 C:\Users\Andy\AppData\Local\Temp\ccIjebUb.ltrans0.ltrans.o
                                 0x3e (size before relaxing)
 .rodata.ModeMenuLoop.str1.4
                0x00001c10        0x5 C:\Users\Andy\AppData\Local\Temp\ccIjebUb.ltrans0.ltrans.o
 .rodata.ModeTestWirelessRX.str1.4
                0x00001c10       0x2e C:\Users\Andy\AppData\Local\Temp\ccIjebUb.ltrans0.ltrans.o
 .rodata.ModeExampleLoop.str1.4
                0x00001c10       0x17 C:\Users\Andy\AppData\Local\Temp\ccIjebUb.ltrans0.ltrans.o
 .rodata.main.str1.4
                0x00001c10       0x20 C:\Users\Andy\AppData\Local\Temp\ccIjebUb.ltrans0.ltrans.o
 .rodata.fontdata
                0x00001c10      0x800 C:\Users\Andy\AppData\Local\Temp\ccIjebUb.ltrans0.ltrans.o
 .rodata.LSM6DS3Regmap.1
                0x00002410       0x1a C:\Users\Andy\AppData\Local\Temp\ccIjebUb.ltrans0.ltrans.o
 *fill*         0x0000242a        0x2 
 .rodata.ssd1306_init_array
                0x0000242c       0x23 C:\Users\Andy\AppData\Local\Temp\ccIjebUb.ltrans0.ltrans.o
 .rodata.str1.4
                0x0000244f       0x28 C:\Users\Andy\AppData\Local\Temp\ccIjebUb.ltrans0.ltrans.o
 *fill*         0x0000244f        0x1 
 .rodata.gameModes
                0x00002450       0x10 C:\Users\Andy\AppData\Local\Temp\ccIjebUb.ltrans0.ltrans.o
 .rodata.channel_map
                0x00002460       0x28 C:\Users\Andy\AppData\Local\Temp\ccIjebUb.ltrans0.ltrans.o
 *(.gnu.linkonce.t.*)
                0x00002488                        . = ALIGN (0x4)

.rela.dyn       0x00002488        0x0
 .rela.text.handle_reset
                0x00002488        0x0 C:\Users\Andy\AppData\Local\Temp\ccIjebUb.ltrans0.ltrans.o

.fini           0x00002488        0x0
 *(SORT_NONE(.fini))
                0x00002488                        . = ALIGN (0x4)
                [!provide]                        PROVIDE (_etext = .)
                [!provide]                        PROVIDE (_eitcm = .)

.preinit_array  0x00002488        0x0
                [!provide]                        PROVIDE (__preinit_array_start = .)
 *(.preinit_array)
                [!provide]                        PROVIDE (__preinit_array_end = .)

.init_array     0x00002488        0x0
                0x00002488                        PROVIDE (__init_array_start = .)
 *(SORT_BY_INIT_PRIORITY(.init_array.*) SORT_BY_INIT_PRIORITY(.ctors.*))
 *(.init_array EXCLUDE_FILE(*crtend?.o *crtend.o *crtbegin?.o *crtbegin.o) .ctors)
                0x00002488                        PROVIDE (__init_array_end = .)

.fini_array     0x00002488        0x0
                [!provide]                        PROVIDE (__fini_array_start = .)
 *(SORT_BY_INIT_PRIORITY(.fini_array.*) SORT_BY_INIT_PRIORITY(.dtors.*))
 *(.fini_array EXCLUDE_FILE(*crtend?.o *crtend.o *crtbegin?.o *crtbegin.o) .dtors)
                [!provide]                        PROVIDE (__fini_array_end = .)

.ctors
 *crtbegin.o(.ctors)
 *crtbegin?.o(.ctors)
 *(EXCLUDE_FILE(*crtend?.o *crtend.o) .ctors)
 *(SORT_BY_NAME(.ctors.*))
 *(.ctors)

.dtors
 *crtbegin.o(.dtors)
 *crtbegin?.o(.dtors)
 *(EXCLUDE_FILE(*crtend?.o *crtend.o) .dtors)
 *(SORT_BY_NAME(.dtors.*))
 *(.dtors)

.dalign         0x200002a0        0x0 load address 0x00002488
                0x200002a0                        . = ALIGN (0x4)
                0x200002a0                        PROVIDE (_data_vma = .)

.dlalign        0x00002488        0x0
                0x00002488                        . = ALIGN (0x4)
                0x00002488                        PROVIDE (_data_lma = .)

.data           0x200002a0      0xb04 load address 0x00002488
                0x200002a0                        . = ALIGN (0x4)
                0x2000069c                        __global_pointer$ = (. + 0x3fc)
 *(.gnu.linkonce.r.*)
 *(.data .data.*)
 *(.gnu.linkonce.d.*)
                0x200002a0                        . = ALIGN (0x8)
 *(.sdata .sdata.*)
 .sdata._rand_lfsr
                0x200002a0        0x4 C:\Users\Andy\AppData\Local\Temp\ccIjebUb.ltrans0.ltrans.o
 *(.sdata2*)
 *(.gnu.linkonce.s.*)
                0x200002a8                        . = ALIGN (0x8)
 *fill*         0x200002a4        0x4 
 *(.srodata.cst16)
 *(.srodata.cst8)
 *(.srodata.cst4)
 *(.srodata.cst2)
 *(.srodata .srodata.*)
 .srodata       0x200002a8       0x7a C:\Users\Andy\AppData\Local\Temp\ccIjebUb.ltrans0.ltrans.o
 *fill*         0x20000322        0x2 
 .srodata.QMC6309Regmap.0
                0x20000324        0x4 C:\Users\Andy\AppData\Local\Temp\ccIjebUb.ltrans0.ltrans.o
 .srodata.fish1
                0x20000328      0x874 C:\Users\Andy\AppData\Local\Temp\ccIjebUb.ltrans0.ltrans.o
 .srodata.bubblemirror
                0x20000b9c      0x104 C:\Users\Andy\AppData\Local\Temp\ccIjebUb.ltrans0.ltrans.o
 .srodata.bubble
                0x20000ca0      0x104 C:\Users\Andy\AppData\Local\Temp\ccIjebUb.ltrans0.ltrans.o
                0x20000da4                        . = ALIGN (0x4)
                0x20000da4                        PROVIDE (_edata = .)

.bss            0x20000da4      0xc5c load address 0x00002f8c
                0x20000da4                        . = ALIGN (0x4)
                0x20000da4                        PROVIDE (_sbss = .)
 *(.sbss*)
 .sbss.iSLERChannel
                0x20000da4        0x1 C:\Users\Andy\AppData\Local\Temp\ccIjebUb.ltrans0.ltrans.o
 *fill*         0x20000da5        0x3 
 .sbss.lastfifo
                0x20000da8        0x4 C:\Users\Andy\AppData\Local\Temp\ccIjebUb.ltrans0.ltrans.o
 .sbss.tuneFilter
                0x20000dac        0x4 C:\Users\Andy\AppData\Local\Temp\ccIjebUb.ltrans0.ltrans.o
 .sbss.tuneFilter2M
                0x20000db0        0x4 C:\Users\Andy\AppData\Local\Temp\ccIjebUb.ltrans0.ltrans.o
 *(.gnu.linkonce.sb.*)
 *(.bss*)
 .bss.gameUnion
                0x20000db4        0xc C:\Users\Andy\AppData\Local\Temp\ccIjebUb.ltrans0.ltrans.o
 .bss.LLE_BUF   0x20000dc0      0x440 C:\Users\Andy\AppData\Local\Temp\ccIjebUb.ltrans0.ltrans.o
 .bss.ssd1306_buffer
                0x20001200      0x800 C:\Users\Andy\AppData\Local\Temp\ccIjebUb.ltrans0.ltrans.o
 *(.gnu.linkonce.b.*)
 *(COMMON*)
                0x20001a00                        . = ALIGN (0x4)
                0x20001a00                        PROVIDE (_ebss = .)
                [!provide]                        PROVIDE (_end = _ebss)
                [!provide]                        PROVIDE (end = .)
                0x20003000                        PROVIDE (_eusrstack = (ORIGIN (RAM) + LENGTH (RAM)))

/DISCARD/
 *(.note .note.*)
 *(.eh_frame .eh_frame.*)
 *(.comment .comment.*)
 *(.ARM.extab* .gnu.linkonce.armextab.*)
 *(.ARM.exidx*)
OUTPUT(firmware.elf elf32-littleriscv)

.riscv.attributes
                0x00000000       0x4b
 .riscv.attributes
                0x00000000       0x4b C:\Users\Andy\AppData\Local\Temp\ccIjebUb.ltrans0.ltrans.o

.debug_info     0x00000000     0x59d8
 .debug_info    0x00000000     0x28ff C:\Users\Andy\AppData\Local\Temp\ccIjebUb.ltrans0.ltrans.o
 .debug_info    0x000028ff      0xe6d C:\Users\Andy\AppData\Local\Temp\cc1g4i2j.debug.temp.o
                0x000028ff                ch32fun.c.87fb9ac7
 .debug_info    0x0000376c     0x226c C:\Users\Andy\AppData\Local\Temp\ccMSN1sq.debug.temp.o
                0x0000376c                firmware.c.f7f03c61

.debug_abbrev   0x00000000      0x961
 .debug_abbrev  0x00000000      0x240 C:\Users\Andy\AppData\Local\Temp\ccIjebUb.ltrans0.ltrans.o
 .debug_abbrev  0x00000240      0x2c6 C:\Users\Andy\AppData\Local\Temp\cc1g4i2j.debug.temp.o
 .debug_abbrev  0x00000506      0x45b C:\Users\Andy\AppData\Local\Temp\ccMSN1sq.debug.temp.o

.debug_loclists
                0x00000000     0x2490
 .debug_loclists
                0x00000000     0x2490 C:\Users\Andy\AppData\Local\Temp\ccIjebUb.ltrans0.ltrans.o

.debug_aranges  0x00000000      0x220
 .debug_aranges
                0x00000000      0x220 C:\Users\Andy\AppData\Local\Temp\ccIjebUb.ltrans0.ltrans.o

.debug_rnglists
                0x00000000      0x49d
 .debug_rnglists
                0x00000000      0x49d C:\Users\Andy\AppData\Local\Temp\ccIjebUb.ltrans0.ltrans.o

.debug_line     0x00000000     0x588f
 .debug_line    0x00000000     0x576c C:\Users\Andy\AppData\Local\Temp\ccIjebUb.ltrans0.ltrans.o
 .debug_line    0x0000576c       0x76 C:\Users\Andy\AppData\Local\Temp\cc1g4i2j.debug.temp.o
 .debug_line    0x000057e2       0xad C:\Users\Andy\AppData\Local\Temp\ccMSN1sq.debug.temp.o

.debug_str      0x00000000     0x1513
 .debug_str     0x00000000     0x1513 C:\Users\Andy\AppData\Local\Temp\ccIjebUb.ltrans0.ltrans.o
                                0x16f (size before relaxing)
 .debug_str     0x00001513      0x6ea C:\Users\Andy\AppData\Local\Temp\cc1g4i2j.debug.temp.o
 .debug_str     0x00001513     0x106f C:\Users\Andy\AppData\Local\Temp\ccMSN1sq.debug.temp.o

.debug_line_str
                0x00000000      0x2f8
 .debug_line_str
                0x00000000      0x2f8 C:\Users\Andy\AppData\Local\Temp\ccIjebUb.ltrans0.ltrans.o
                                0x1a6 (size before relaxing)
 .debug_line_str
                0x000002f8      0x233 C:\Users\Andy\AppData\Local\Temp\cc1g4i2j.debug.temp.o
 .debug_line_str
                0x000002f8      0x2a5 C:\Users\Andy\AppData\Local\Temp\ccMSN1sq.debug.temp.o

.debug_frame    0x00000000      0x82c
 .debug_frame   0x00000000      0x82c C:\Users\Andy\AppData\Local\Temp\ccIjebUb.ltrans0.ltrans.o
