Archive member included to satisfy reference by file (symbol)

C:/Users/Andy/AppData/Local/xpack-riscv-none-elf-gcc/14.2.0-3/bin/../lib/gcc/riscv-none-elf/14.2.0\libgcc.a(_divdi3.o)
                              C:\Users\Andy\AppData\Local\Temp\ccyWLEef.ltrans0.ltrans.o (__divdi3)
C:/Users/Andy/AppData/Local/xpack-riscv-none-elf-gcc/14.2.0-3/bin/../lib/gcc/riscv-none-elf/14.2.0\libgcc.a(_moddi3.o)
                              C:\Users\Andy\AppData\Local\Temp\ccyWLEef.ltrans0.ltrans.o (__moddi3)
C:/Users/Andy/AppData/Local/xpack-riscv-none-elf-gcc/14.2.0-3/bin/../lib/gcc/riscv-none-elf/14.2.0\libgcc.a(gesf2.o)
                              C:\Users\Andy\AppData\Local\Temp\ccyWLEef.ltrans0.ltrans.o (__gtsf2)
C:/Users/Andy/AppData/Local/xpack-riscv-none-elf-gcc/14.2.0-3/bin/../lib/gcc/riscv-none-elf/14.2.0\libgcc.a(floatsisf.o)
                              C:\Users\Andy\AppData\Local\Temp\ccyWLEef.ltrans0.ltrans.o (__floatsisf)
C:/Users/Andy/AppData/Local/xpack-riscv-none-elf-gcc/14.2.0-3/bin/../lib/gcc/riscv-none-elf/14.2.0\libgcc.a(_clz.o)
                              C:/Users/Andy/AppData/Local/xpack-riscv-none-elf-gcc/14.2.0-3/bin/../lib/gcc/riscv-none-elf/14.2.0\libgcc.a(_divdi3.o) (__clz_tab)
C:/Users/Andy/AppData/Local/xpack-riscv-none-elf-gcc/14.2.0-3/bin/../lib/gcc/riscv-none-elf/14.2.0\libgcc.a(_clzsi2.o)
                              C:/Users/Andy/AppData/Local/xpack-riscv-none-elf-gcc/14.2.0-3/bin/../lib/gcc/riscv-none-elf/14.2.0\libgcc.a(floatsisf.o) (__clzsi2)

Discarded input sections

 .text          0x00000000        0x0 C:\Users\Andy\AppData\Local\Temp\ccyWLEef.ltrans0.ltrans.o
 .data          0x00000000        0x0 C:\Users\Andy\AppData\Local\Temp\ccyWLEef.ltrans0.ltrans.o
 .bss           0x00000000        0x0 C:\Users\Andy\AppData\Local\Temp\ccyWLEef.ltrans0.ltrans.o
 .text.vprintf  0x00000000       0x16 C:\Users\Andy\AppData\Local\Temp\ccyWLEef.ltrans0.ltrans.o
 .text.snprintf
                0x00000000       0x20 C:\Users\Andy\AppData\Local\Temp\ccyWLEef.ltrans0.ltrans.o
 .text.strcpy   0x00000000       0x14 C:\Users\Andy\AppData\Local\Temp\ccyWLEef.ltrans0.ltrans.o
 .text.strncpy  0x00000000       0x1c C:\Users\Andy\AppData\Local\Temp\ccyWLEef.ltrans0.ltrans.o
 .text.strcmp   0x00000000       0x1a C:\Users\Andy\AppData\Local\Temp\ccyWLEef.ltrans0.ltrans.o
 .text.strncmp  0x00000000       0x2e C:\Users\Andy\AppData\Local\Temp\ccyWLEef.ltrans0.ltrans.o
 .text.strchr   0x00000000       0x16 C:\Users\Andy\AppData\Local\Temp\ccyWLEef.ltrans0.ltrans.o
 .text.strrchr  0x00000000       0x3c C:\Users\Andy\AppData\Local\Temp\ccyWLEef.ltrans0.ltrans.o
 .text.memcmp   0x00000000       0x20 C:\Users\Andy\AppData\Local\Temp\ccyWLEef.ltrans0.ltrans.o
 .text.memmove  0x00000000       0x5e C:\Users\Andy\AppData\Local\Temp\ccyWLEef.ltrans0.ltrans.o
 .text.memchr   0x00000000       0x1a C:\Users\Andy\AppData\Local\Temp\ccyWLEef.ltrans0.ltrans.o
 .text.strnlen  0x00000000       0x2a C:\Users\Andy\AppData\Local\Temp\ccyWLEef.ltrans0.ltrans.o
 .text.twoway_strstr
                0x00000000      0x256 C:\Users\Andy\AppData\Local\Temp\ccyWLEef.ltrans0.ltrans.o
 .text.strstr   0x00000000      0x118 C:\Users\Andy\AppData\Local\Temp\ccyWLEef.ltrans0.ltrans.o
 .rodata.puts.str1.4
                0x00000000        0x2 C:\Users\Andy\AppData\Local\Temp\ccyWLEef.ltrans0.ltrans.o
 .text.puts     0x00000000       0x40 C:\Users\Andy\AppData\Local\Temp\ccyWLEef.ltrans0.ltrans.o
 .text.setjmp   0x00000000       0x38 C:\Users\Andy\AppData\Local\Temp\ccyWLEef.ltrans0.ltrans.o
 .text.longjmp  0x00000000       0x3c C:\Users\Andy\AppData\Local\Temp\ccyWLEef.ltrans0.ltrans.o
 .comment       0x00000000       0x34 C:\Users\Andy\AppData\Local\Temp\ccyWLEef.ltrans0.ltrans.o
 .note.GNU-stack
                0x00000000        0x0 C:\Users\Andy\AppData\Local\Temp\ccyWLEef.ltrans0.ltrans.o
 .comment       0x00000000       0x34 C:\Users\Andy\AppData\Local\Temp\ccCSKecB.debug.temp.o
 .note.GNU-stack
                0x00000000        0x0 C:\Users\Andy\AppData\Local\Temp\ccCSKecB.debug.temp.o
 .comment       0x00000000       0x34 C:\Users\Andy\AppData\Local\Temp\ccwhmdVV.debug.temp.o
 .note.GNU-stack
                0x00000000        0x0 C:\Users\Andy\AppData\Local\Temp\ccwhmdVV.debug.temp.o
 .text          0x00000000        0x0 C:/Users/Andy/AppData/Local/xpack-riscv-none-elf-gcc/14.2.0-3/bin/../lib/gcc/riscv-none-elf/14.2.0\libgcc.a(_divdi3.o)
 .data          0x00000000        0x0 C:/Users/Andy/AppData/Local/xpack-riscv-none-elf-gcc/14.2.0-3/bin/../lib/gcc/riscv-none-elf/14.2.0\libgcc.a(_divdi3.o)
 .bss           0x00000000        0x0 C:/Users/Andy/AppData/Local/xpack-riscv-none-elf-gcc/14.2.0-3/bin/../lib/gcc/riscv-none-elf/14.2.0\libgcc.a(_divdi3.o)
 .comment       0x00000000       0x34 C:/Users/Andy/AppData/Local/xpack-riscv-none-elf-gcc/14.2.0-3/bin/../lib/gcc/riscv-none-elf/14.2.0\libgcc.a(_divdi3.o)
 .note.GNU-stack
                0x00000000        0x0 C:/Users/Andy/AppData/Local/xpack-riscv-none-elf-gcc/14.2.0-3/bin/../lib/gcc/riscv-none-elf/14.2.0\libgcc.a(_divdi3.o)
 .eh_frame      0x00000000       0x28 C:/Users/Andy/AppData/Local/xpack-riscv-none-elf-gcc/14.2.0-3/bin/../lib/gcc/riscv-none-elf/14.2.0\libgcc.a(_divdi3.o)
 .text          0x00000000        0x0 C:/Users/Andy/AppData/Local/xpack-riscv-none-elf-gcc/14.2.0-3/bin/../lib/gcc/riscv-none-elf/14.2.0\libgcc.a(_moddi3.o)
 .data          0x00000000        0x0 C:/Users/Andy/AppData/Local/xpack-riscv-none-elf-gcc/14.2.0-3/bin/../lib/gcc/riscv-none-elf/14.2.0\libgcc.a(_moddi3.o)
 .bss           0x00000000        0x0 C:/Users/Andy/AppData/Local/xpack-riscv-none-elf-gcc/14.2.0-3/bin/../lib/gcc/riscv-none-elf/14.2.0\libgcc.a(_moddi3.o)
 .comment       0x00000000       0x34 C:/Users/Andy/AppData/Local/xpack-riscv-none-elf-gcc/14.2.0-3/bin/../lib/gcc/riscv-none-elf/14.2.0\libgcc.a(_moddi3.o)
 .note.GNU-stack
                0x00000000        0x0 C:/Users/Andy/AppData/Local/xpack-riscv-none-elf-gcc/14.2.0-3/bin/../lib/gcc/riscv-none-elf/14.2.0\libgcc.a(_moddi3.o)
 .eh_frame      0x00000000       0x28 C:/Users/Andy/AppData/Local/xpack-riscv-none-elf-gcc/14.2.0-3/bin/../lib/gcc/riscv-none-elf/14.2.0\libgcc.a(_moddi3.o)
 .text          0x00000000        0x0 C:/Users/Andy/AppData/Local/xpack-riscv-none-elf-gcc/14.2.0-3/bin/../lib/gcc/riscv-none-elf/14.2.0\libgcc.a(gesf2.o)
 .data          0x00000000        0x0 C:/Users/Andy/AppData/Local/xpack-riscv-none-elf-gcc/14.2.0-3/bin/../lib/gcc/riscv-none-elf/14.2.0\libgcc.a(gesf2.o)
 .bss           0x00000000        0x0 C:/Users/Andy/AppData/Local/xpack-riscv-none-elf-gcc/14.2.0-3/bin/../lib/gcc/riscv-none-elf/14.2.0\libgcc.a(gesf2.o)
 .comment       0x00000000       0x34 C:/Users/Andy/AppData/Local/xpack-riscv-none-elf-gcc/14.2.0-3/bin/../lib/gcc/riscv-none-elf/14.2.0\libgcc.a(gesf2.o)
 .note.GNU-stack
                0x00000000        0x0 C:/Users/Andy/AppData/Local/xpack-riscv-none-elf-gcc/14.2.0-3/bin/../lib/gcc/riscv-none-elf/14.2.0\libgcc.a(gesf2.o)
 .text          0x00000000        0x0 C:/Users/Andy/AppData/Local/xpack-riscv-none-elf-gcc/14.2.0-3/bin/../lib/gcc/riscv-none-elf/14.2.0\libgcc.a(floatsisf.o)
 .data          0x00000000        0x0 C:/Users/Andy/AppData/Local/xpack-riscv-none-elf-gcc/14.2.0-3/bin/../lib/gcc/riscv-none-elf/14.2.0\libgcc.a(floatsisf.o)
 .bss           0x00000000        0x0 C:/Users/Andy/AppData/Local/xpack-riscv-none-elf-gcc/14.2.0-3/bin/../lib/gcc/riscv-none-elf/14.2.0\libgcc.a(floatsisf.o)
 .comment       0x00000000       0x34 C:/Users/Andy/AppData/Local/xpack-riscv-none-elf-gcc/14.2.0-3/bin/../lib/gcc/riscv-none-elf/14.2.0\libgcc.a(floatsisf.o)
 .note.GNU-stack
                0x00000000        0x0 C:/Users/Andy/AppData/Local/xpack-riscv-none-elf-gcc/14.2.0-3/bin/../lib/gcc/riscv-none-elf/14.2.0\libgcc.a(floatsisf.o)
 .text          0x00000000        0x0 C:/Users/Andy/AppData/Local/xpack-riscv-none-elf-gcc/14.2.0-3/bin/../lib/gcc/riscv-none-elf/14.2.0\libgcc.a(_clz.o)
 .data          0x00000000        0x0 C:/Users/Andy/AppData/Local/xpack-riscv-none-elf-gcc/14.2.0-3/bin/../lib/gcc/riscv-none-elf/14.2.0\libgcc.a(_clz.o)
 .bss           0x00000000        0x0 C:/Users/Andy/AppData/Local/xpack-riscv-none-elf-gcc/14.2.0-3/bin/../lib/gcc/riscv-none-elf/14.2.0\libgcc.a(_clz.o)
 .comment       0x00000000       0x34 C:/Users/Andy/AppData/Local/xpack-riscv-none-elf-gcc/14.2.0-3/bin/../lib/gcc/riscv-none-elf/14.2.0\libgcc.a(_clz.o)
 .note.GNU-stack
                0x00000000        0x0 C:/Users/Andy/AppData/Local/xpack-riscv-none-elf-gcc/14.2.0-3/bin/../lib/gcc/riscv-none-elf/14.2.0\libgcc.a(_clz.o)
 .text          0x00000000        0x0 C:/Users/Andy/AppData/Local/xpack-riscv-none-elf-gcc/14.2.0-3/bin/../lib/gcc/riscv-none-elf/14.2.0\libgcc.a(_clzsi2.o)
 .data          0x00000000        0x0 C:/Users/Andy/AppData/Local/xpack-riscv-none-elf-gcc/14.2.0-3/bin/../lib/gcc/riscv-none-elf/14.2.0\libgcc.a(_clzsi2.o)
 .bss           0x00000000        0x0 C:/Users/Andy/AppData/Local/xpack-riscv-none-elf-gcc/14.2.0-3/bin/../lib/gcc/riscv-none-elf/14.2.0\libgcc.a(_clzsi2.o)
 .comment       0x00000000       0x34 C:/Users/Andy/AppData/Local/xpack-riscv-none-elf-gcc/14.2.0-3/bin/../lib/gcc/riscv-none-elf/14.2.0\libgcc.a(_clzsi2.o)
 .note.GNU-stack
                0x00000000        0x0 C:/Users/Andy/AppData/Local/xpack-riscv-none-elf-gcc/14.2.0-3/bin/../lib/gcc/riscv-none-elf/14.2.0\libgcc.a(_clzsi2.o)

Memory Configuration

Name             Origin             Length             Attributes
FLASH            0x00000000         0x0003c000         xr
RAM              0x20000000         0x00003000         xrw
*default*        0x00000000         0xffffffff

Linker script and memory map

LOAD C:\Users\Andy\AppData\Local\Temp\ccWVfLzt.o
LOAD C:\Users\Andy\AppData\Local\Temp\ccyWLEef.ltrans0.ltrans.o
LOAD C:\Users\Andy\AppData\Local\Temp\ccCSKecB.debug.temp.o
LOAD C:\Users\Andy\AppData\Local\Temp\ccwhmdVV.debug.temp.o
LOAD C:\Users\Andy\AppData\Local\Temp\ccKJuxov.o
LOAD C:/Users/Andy/AppData/Local/xpack-riscv-none-elf-gcc/14.2.0-3/bin/../lib/gcc/riscv-none-elf/14.2.0\libgcc.a

.init           0x00000000       0x90
                0x00000000                        _sinit = .
                0x00000000                        . = ALIGN (0x4)
 *(SORT_NONE(.init))
 .init          0x00000000       0x90 C:\Users\Andy\AppData\Local\Temp\ccyWLEef.ltrans0.ltrans.o
                0x00000000                InterruptVector
                0x00000000                InterruptVectorDefault
                0x00000090                        . = ALIGN (0x4)
                0x00000090                        _einit = .

.highcodelalign
                0x00000090        0x0
                0x00000090                        . = ALIGN (0x4)
                0x00000090                        PROVIDE (_highcode_lma = .)

.highcode       0x20000000      0x9b0 load address 0x00000090
                0x20000000                        . = ALIGN (0x4)
                0x20000000                        PROVIDE (_highcode_vma_start = .)
 *(.highcode*)
 .highcode      0x20000000      0x9ae C:\Users\Andy\AppData\Local\Temp\ccyWLEef.ltrans0.ltrans.o
                0x2000001c                iSLERRSSI
                0x20000034                iSLERCRCOK
                0x20000054                iSLERTX
                0x2000018c                iSLERRX
                0x20000336                ConfigI2C
                0x2000034e                SendStart
                0x200003ba                SendStop
                0x2000043a                SendByte
                0x2000050c                SendByteNoAck
                0x200005da                GetByte
                0x200006c2                ProcessLSM6DS3
                0x20000806                CoreLoop
                0x200009b0                        . = ALIGN (0x4)
 *fill*         0x200009ae        0x2 
                0x200009b0                        PROVIDE (_highcode_vma_end = .)

.text           0x00000a40     0x2c4c
                0x00000a40                        . = ALIGN (0x4)
 *(.text)
 *(.text.*)
 .text.mini_pad
                0x00000a40       0x8a C:\Users\Andy\AppData\Local\Temp\ccyWLEef.ltrans0.ltrans.o
 .text._puts    0x00000aca       0x42 C:\Users\Andy\AppData\Local\Temp\ccyWLEef.ltrans0.ltrans.o
 .text.DelaySysTick
                0x00000b0c       0x12 C:\Users\Andy\AppData\Local\Temp\ccyWLEef.ltrans0.ltrans.o
 .text.mini_itoa.part.0
                0x00000b1e       0x90 C:\Users\Andy\AppData\Local\Temp\ccyWLEef.ltrans0.ltrans.o
 .text.ssd1306_drawPixel
                0x00000bae       0x3c C:\Users\Andy\AppData\Local\Temp\ccyWLEef.ltrans0.ltrans.o
 .text.DevSetMode
                0x00000bea       0x4e C:\Users\Andy\AppData\Local\Temp\ccyWLEef.ltrans0.ltrans.o
 .text.RFEND_TXCTune
                0x00000c38       0x7e C:\Users\Andy\AppData\Local\Temp\ccyWLEef.ltrans0.ltrans.o
 .text.DevSetChannel
                0x00000cb6       0x22 C:\Users\Andy\AppData\Local\Temp\ccyWLEef.ltrans0.ltrans.o
 .text.RenderBSprite
                0x00000cd8       0xd8 C:\Users\Andy\AppData\Local\Temp\ccyWLEef.ltrans0.ltrans.o
 .text._rand_gen_32b
                0x00000db0       0x3c C:\Users\Andy\AppData\Local\Temp\ccyWLEef.ltrans0.ltrans.o
 .text.ModePufferWirelessRX
                0x00000dec        0x2 C:\Users\Andy\AppData\Local\Temp\ccyWLEef.ltrans0.ltrans.o
 .text.funPinMode.part.0
                0x00000dee       0x30 C:\Users\Andy\AppData\Local\Temp\ccyWLEef.ltrans0.ltrans.o
 .text.ssd1306_drawstr_sz.constprop.0
                0x00000e1e       0xe0 C:\Users\Andy\AppData\Local\Temp\ccyWLEef.ltrans0.ltrans.o
 .text.internal_handle_input.constprop.0
                0x00000efe        0xa C:\Users\Andy\AppData\Local\Temp\ccyWLEef.ltrans0.ltrans.o
 .text._write.constprop.0
                0x00000f08       0xec C:\Users\Andy\AppData\Local\Temp\ccyWLEef.ltrans0.ltrans.o
 .text.__puts_uart
                0x00000ff4       0x14 C:\Users\Andy\AppData\Local\Temp\ccyWLEef.ltrans0.ltrans.o
 .text.ssd1306_pkt_send.isra.0
                0x00001008       0x62 C:\Users\Andy\AppData\Local\Temp\ccyWLEef.ltrans0.ltrans.o
 .text.ssd1306_cmd.isra.0
                0x0000106a       0x18 C:\Users\Andy\AppData\Local\Temp\ccyWLEef.ltrans0.ltrans.o
 .text.ssd1306_refresh
                0x00001082       0x76 C:\Users\Andy\AppData\Local\Temp\ccyWLEef.ltrans0.ltrans.o
 .text.funPinMode.constprop.0
                0x000010f8       0x1e C:\Users\Andy\AppData\Local\Temp\ccyWLEef.ltrans0.ltrans.o
 .text.handle_reset
                0x00001116       0xb0 C:\Users\Andy\AppData\Local\Temp\ccyWLEef.ltrans0.ltrans.o
                0x00001116                handle_reset
 .text.vector_handler
                0x000011c6        0x2 C:\Users\Andy\AppData\Local\Temp\ccyWLEef.ltrans0.ltrans.o
                0x000011c6                EXTI2_IRQHandler
                0x000011c6                TIM8_TRG_COM_IRQHandler
                0x000011c6                TIM8_CC_IRQHandler
                0x000011c6                USART_WKUP_IRQHandler
                0x000011c6                UART8_IRQHandler
                0x000011c6                SPI4_IRQHandler
                0x000011c6                NFC_IRQHandler
                0x000011c6                DFSDM0_IRQHandler
                0x000011c6                TIM1_CC_IRQHandler
                0x000011c6                HardFault_Handler
                0x000011c6                TIM10_IRQHandler
                0x000011c6                GPIOB_IRQHandler
                0x000011c6                IPC_CH2_Handler
                0x000011c6                USBPD_IRQHandler
                0x000011c6                TIM6_IRQHandler
                0x000011c6                GPIOA_IRQHandler
                0x000011c6                SysTick_Handler
                0x000011c6                CAN3_RX1_IRQHandler
                0x000011c6                I3C_ER_IRQHandler
                0x000011c6                PVD_IRQHandler
                0x000011c6                SDIO_IRQHandler
                0x000011c6                TIM9_BRK_IRQHandler
                0x000011c6                DMA2_Channel8_IRQHandler
                0x000011c6                NMI_Handler
                0x000011c6                CAN2_RX1_IRQHandler
                0x000011c6                EXTI3_IRQHandler
                0x000011c6                HSEM_Handler
                0x000011c6                UART1_IRQHandler
                0x000011c6                USBHS_IRQHandler
                0x000011c6                LPTIM2_IRQHandler
                0x000011c6                DMA2_Channel9_IRQHandler
                0x000011c6                TIM10_CC_IRQHandler
                0x000011c6                EXTI25_16_IRQHandler
                0x000011c6                I2C3_ER_IRQHandler
                0x000011c6                USBFS_IRQHandler
                0x000011c6                UART0_IRQHandler
                0x000011c6                USART8_IRQHandler
                0x000011c6                EXTI0_IRQHandler
                0x000011c6                I2C2_EV_IRQHandler
                0x000011c6                TIM10_TRG_COM_IRQHandler
                0x000011c6                LPTIM_IRQHandler
                0x000011c6                CAN1_RX0_IRQHandler
                0x000011c6                CAN3_SCE_IRQHandler
                0x000011c6                CAN2_SCE_IRQHandler
                0x000011c6                ADC1_2_IRQHandler
                0x000011c6                BB_IRQHandler
                0x000011c6                Break_Point_Handler
                0x000011c6                IPC_CH0_Handler
                0x000011c6                TIM2_CC_IRQHandler
                0x000011c6                SPI1_IRQHandler
                0x000011c6                USART5_IRQHandler
                0x000011c6                TAMPER_IRQHandler
                0x000011c6                TMR0_IRQHandler
                0x000011c6                AWU_IRQHandler
                0x000011c6                EXTI7_0_IRQHandler
                0x000011c6                CAN2_RX0_IRQHandler
                0x000011c6                OSCWakeUp_IRQHandler
                0x000011c6                TIM8_UP_IRQHandler
                0x000011c6                Ecall_M_Mode_Handler
                0x000011c6                ECDC_IRQHandler
                0x000011c6                SDMMC_IRQHandler
                0x000011c6                USART7_IRQHandler
                0x000011c6                DMA2_Channel2_IRQHandler
                0x000011c6                DMA1_Channel4_IRQHandler
                0x000011c6                ADC1_IRQHandler
                0x000011c6                TIM2_BRK_IRQHandler
                0x000011c6                USART6_IRQHandler
                0x000011c6                CAN3_RX0_IRQHandler
                0x000011c6                HSADC_IRQHandler
                0x000011c6                TIM9_UP_IRQHandler
                0x000011c6                USART3_IRQHandler
                0x000011c6                RTC_IRQHandler
                0x000011c6                DMA1_Channel7_IRQHandler
                0x000011c6                LED_IRQHandler
                0x000011c6                CAN1_RX1_IRQHandler
                0x000011c6                DVP_IRQHandler
                0x000011c6                UART5_IRQHandler
                0x000011c6                USBSS_IRQHandler
                0x000011c6                SWPMI_IRQHandler
                0x000011c6                USBPDWakeUp_IRQHandler
                0x000011c6                EXTI15_8_IRQHandler
                0x000011c6                TIM4_IRQHandler
                0x000011c6                DMA2_Channel1_IRQHandler
                0x000011c6                SWPMI_WKUP_IRQHandler
                0x000011c6                USBPD_WKUP_IRQHandler
                0x000011c6                I2C1_EV_IRQHandler
                0x000011c6                USBSSWakeup_IRQHandler
                0x000011c6                UART2_IRQHandler
                0x000011c6                USART4_IRQHandler
                0x000011c6                PWMX_IRQHandler
                0x000011c6                DMA1_Channel6_IRQHandler
                0x000011c6                UART4_IRQHandler
                0x000011c6                DMA2_Channel4_IRQHandler
                0x000011c6                TIM3_IRQHandler
                0x000011c6                RCC_IRQHandler
                0x000011c6                TIM1_TRG_COM_IRQHandler
                0x000011c6                DMA1_Channel1_IRQHandler
                0x000011c6                DMA2_Channel7_IRQHandler
                0x000011c6                QSPI1_IRQHandler
                0x000011c6                EXTI15_10_IRQHandler
                0x000011c6                ADC_IRQHandler
                0x000011c6                IPC_CH3_Handler
                0x000011c6                DMA1_Channel8_IRQHandler
                0x000011c6                I3C_EV_IRQHandler
                0x000011c6                TMR2_IRQHandler
                0x000011c6                I3C_WKUP_IRQHandler
                0x000011c6                DefaultIRQHandler
                0x000011c6                TIM12_IRQHandler
                0x000011c6                TIM7_IRQHandler
                0x000011c6                CAN2_TX_IRQHandler
                0x000011c6                TIM5_IRQHandler
                0x000011c6                I2C3_EV_IRQHandler
                0x000011c6                USB_IRQHandler
                0x000011c6                EXTI9_5_IRQHandler
                0x000011c6                PIOC_IRQHandler
                0x000011c6                TIM9_IRQHandler
                0x000011c6                LTDC_IRQHandler
                0x000011c6                SAI_IRQHandler
                0x000011c6                SPI2_IRQHandler
                0x000011c6                OSC32KCal_IRQHandler
                0x000011c6                IPC_CH1_Handler
                0x000011c6                I2C_IRQHandler
                0x000011c6                LPTIM1_WKUP_IRQHandler
                0x000011c6                TIM10_BRK_IRQHandler
                0x000011c6                TIM9_CC_IRQHandler
                0x000011c6                CAN1_TX_IRQHandler
                0x000011c6                DMA2_Channel5_IRQHandler
                0x000011c6                USB2_IRQHandler
                0x000011c6                USBHSWakeUp_IRQHandler
                0x000011c6                DMA1_Channel5_IRQHandler
                0x000011c6                EXTI4_IRQHandler
                0x000011c6                USB_LP_CAN1_RX0_IRQHandler
                0x000011c6                QSPI2_IRQHandler
                0x000011c6                RNG_IRQHandler
                0x000011c6                USB_HP_CAN1_TX_IRQHandler
                0x000011c6                CMPWakeUp_IRQHandler
                0x000011c6                DMA1_Channel3_IRQHandler
                0x000011c6                FSMC_IRQHandler
                0x000011c6                ETH_IRQHandler
                0x000011c6                TIM1_UP_IRQHandler
                0x000011c6                LPTIMWakeUp_IRQHandler
                0x000011c6                WWDG_IRQHandler
                0x000011c6                USBHSWakeup_IRQHandler
                0x000011c6                DMA2_Channel11_IRQHandler
                0x000011c6                WDOG_BAT_IRQHandler
                0x000011c6                Ecall_U_Mode_Handler
                0x000011c6                I2C4_EV_IRQHandler
                0x000011c6                CAN3_TX_IRQHandler
                0x000011c6                TMR3_IRQHandler
                0x000011c6                DMA2_Channel6_IRQHandler
                0x000011c6                TIM2_IRQHandler
                0x000011c6                SW_Handler
                0x000011c6                TIM1_BRK_IRQHandler
                0x000011c6                GPHA_IRQHandler
                0x000011c6                OPA_IRQHandler
                0x000011c6                DMA2_Channel10_IRQHandler
                0x000011c6                EXTI1_IRQHandler
                0x000011c6                SPI0_IRQHandler
                0x000011c6                USB2_HOST_IRQHandler
                0x000011c6                LPTIM2_WKUP_IRQHandler
                0x000011c6                RTCAlarm_IRQHandler
                0x000011c6                TIM11_IRQHandler
                0x000011c6                TIM10_UP_IRQHandler
                0x000011c6                TIM9_TRG_COM_IRQHandler
                0x000011c6                UART7_IRQHandler
                0x000011c6                USART2_IRQHandler
                0x000011c6                UART6_IRQHandler
                0x000011c6                UHSIF_IRQHandler
                0x000011c6                ETHWakeUp_IRQHandler
                0x000011c6                I2C2_ER_IRQHandler
                0x000011c6                DMA1_Channel2_IRQHandler
                0x000011c6                TIM8_BRK_IRQHandler
                0x000011c6                TIM2_TRG_IRQHandler
                0x000011c6                CAN1_SCE_IRQHandler
                0x000011c6                FLASH_IRQHandler
                0x000011c6                USBFSWakeUp_IRQHandler
                0x000011c6                USART1_IRQHandler
                0x000011c6                OTG_FS_IRQHandler
                0x000011c6                SPI3_IRQHandler
                0x000011c6                USBFS_WakeUp_IRQHandler
                0x000011c6                UART3_IRQHandler
                0x000011c6                I2C1_ER_IRQHandler
                0x000011c6                FMC_IRQHandler
                0x000011c6                USB2_DEVICE_IRQHandler
                0x000011c6                LPTIM1_IRQHandler
                0x000011c6                DFSDM1_IRQHandler
                0x000011c6                I2C4_ER_IRQHandler
                0x000011c6                SERDES_IRQHandler
                0x000011c6                USBSS_LINK_IRQHandler
                0x000011c6                USBWakeUp_IRQHandler
                0x000011c6                DMA2_Channel3_IRQHandler
 .text.strlen   0x000011c8       0x12 C:\Users\Andy\AppData\Local\Temp\ccyWLEef.ltrans0.ltrans.o
                0x000011c8                strlen
 .text.mini_vpprintf
                0x000011da      0x1d6 C:\Users\Andy\AppData\Local\Temp\ccyWLEef.ltrans0.ltrans.o
 .text.printf   0x000013b0       0x28 C:\Users\Andy\AppData\Local\Temp\ccyWLEef.ltrans0.ltrans.o
                0x000013b0                printf
 .text.mini_vsnprintf
                0x000013d8       0x3a C:\Users\Andy\AppData\Local\Temp\ccyWLEef.ltrans0.ltrans.o
 .text.sprintf  0x00001412       0x24 C:\Users\Andy\AppData\Local\Temp\ccyWLEef.ltrans0.ltrans.o
                0x00001412                sprintf
 .text.memset   0x00001436       0x12 C:\Users\Andy\AppData\Local\Temp\ccyWLEef.ltrans0.ltrans.o
                0x00001436                memset
 .text.ssd1306_setbuf.constprop.0
                0x00001448       0x12 C:\Users\Andy\AppData\Local\Temp\ccyWLEef.ltrans0.ltrans.o
 .text.ModePufferLoop
                0x0000145a      0x19c C:\Users\Andy\AppData\Local\Temp\ccyWLEef.ltrans0.ltrans.o
 .text.ModeMenuLoop
                0x000015f6      0x176 C:\Users\Andy\AppData\Local\Temp\ccyWLEef.ltrans0.ltrans.o
 .text.memcpy   0x0000176c       0x1c C:\Users\Andy\AppData\Local\Temp\ccyWLEef.ltrans0.ltrans.o
                0x0000176c                memcpy
 .text.putchar  0x00001788       0x64 C:\Users\Andy\AppData\Local\Temp\ccyWLEef.ltrans0.ltrans.o
                0x00001788                putchar
 .text.ModeTestWirelessRX
                0x000017ec       0x5e C:\Users\Andy\AppData\Local\Temp\ccyWLEef.ltrans0.ltrans.o
 .text.ModeExampleWirelessRX
                0x0000184a        0x2 C:\Users\Andy\AppData\Local\Temp\ccyWLEef.ltrans0.ltrans.o
 .text.SystemInit
                0x0000184c       0x7c C:\Users\Andy\AppData\Local\Temp\ccyWLEef.ltrans0.ltrans.o
                0x0000184c                SystemInit
 .text.LLE_IRQHandler
                0x000018c8       0xc6 C:\Users\Andy\AppData\Local\Temp\ccyWLEef.ltrans0.ltrans.o
 .text.ModeExampleLoop
                0x0000198e      0x1a8 C:\Users\Andy\AppData\Local\Temp\ccyWLEef.ltrans0.ltrans.o
 .text.SetupRegisterMap.isra.0
                0x00001b36       0x84 C:\Users\Andy\AppData\Local\Temp\ccyWLEef.ltrans0.ltrans.o
 .text.startup.main
                0x00001bba      0x692 C:\Users\Andy\AppData\Local\Temp\ccyWLEef.ltrans0.ltrans.o
                0x00001bba                main
 .text.ModeTestLoop
                0x0000224c        0xc C:\Users\Andy\AppData\Local\Temp\ccyWLEef.ltrans0.ltrans.o
 .text.__divdi3
                0x00002258      0x3e2 C:/Users/Andy/AppData/Local/xpack-riscv-none-elf-gcc/14.2.0-3/bin/../lib/gcc/riscv-none-elf/14.2.0\libgcc.a(_divdi3.o)
                0x00002258                __divdi3
 .text.__moddi3
                0x0000263a      0x3be C:/Users/Andy/AppData/Local/xpack-riscv-none-elf-gcc/14.2.0-3/bin/../lib/gcc/riscv-none-elf/14.2.0\libgcc.a(_moddi3.o)
                0x0000263a                __moddi3
 .text.__gesf2  0x000029f8       0x9a C:/Users/Andy/AppData/Local/xpack-riscv-none-elf-gcc/14.2.0-3/bin/../lib/gcc/riscv-none-elf/14.2.0\libgcc.a(gesf2.o)
                0x000029f8                __gesf2
                0x000029f8                __gtsf2
 .text.__floatsisf
                0x00002a92       0xda C:/Users/Andy/AppData/Local/xpack-riscv-none-elf-gcc/14.2.0-3/bin/../lib/gcc/riscv-none-elf/14.2.0\libgcc.a(floatsisf.o)
                0x00002a92                __floatsisf
 .text.__clzsi2
                0x00002b6c       0x6e C:/Users/Andy/AppData/Local/xpack-riscv-none-elf-gcc/14.2.0-3/bin/../lib/gcc/riscv-none-elf/14.2.0\libgcc.a(_clzsi2.o)
                0x00002b6c                __clzsi2
 *(.rodata)
 *(.rodata*)
 *fill*         0x00002bda        0x2 
 .rodata.ModePufferLoop.str1.4
                0x00002bdc      0x134 C:\Users\Andy\AppData\Local\Temp\ccyWLEef.ltrans0.ltrans.o
                                 0x2b (size before relaxing)
 .rodata.ModeMenuLoop.str1.4
                0x00002d10        0x5 C:\Users\Andy\AppData\Local\Temp\ccyWLEef.ltrans0.ltrans.o
 .rodata.ModeTestWirelessRX.str1.4
                0x00002d10       0x2e C:\Users\Andy\AppData\Local\Temp\ccyWLEef.ltrans0.ltrans.o
 .rodata.ModeExampleLoop.str1.4
                0x00002d10       0x17 C:\Users\Andy\AppData\Local\Temp\ccyWLEef.ltrans0.ltrans.o
 .rodata.SetupRegisterMap.isra.0.str1.4
                0x00002d10       0x1a C:\Users\Andy\AppData\Local\Temp\ccyWLEef.ltrans0.ltrans.o
 .rodata.main.str1.4
                0x00002d10       0x30 C:\Users\Andy\AppData\Local\Temp\ccyWLEef.ltrans0.ltrans.o
 .rodata.str1.4
                0x00002d10       0x70 C:\Users\Andy\AppData\Local\Temp\ccyWLEef.ltrans0.ltrans.o
 .rodata.fontdata
                0x00002d10      0x800 C:\Users\Andy\AppData\Local\Temp\ccyWLEef.ltrans0.ltrans.o
 .rodata.LSM6DS3Regmap.1
                0x00003510       0x1e C:\Users\Andy\AppData\Local\Temp\ccyWLEef.ltrans0.ltrans.o
 *fill*         0x0000352e        0x2 
 .rodata.ssd1306_init_array
                0x00003530       0x23 C:\Users\Andy\AppData\Local\Temp\ccyWLEef.ltrans0.ltrans.o
 *fill*         0x00003553        0x1 
 .rodata.gameModes
                0x00003554       0x10 C:\Users\Andy\AppData\Local\Temp\ccyWLEef.ltrans0.ltrans.o
 .rodata.channel_map
                0x00003564       0x28 C:\Users\Andy\AppData\Local\Temp\ccyWLEef.ltrans0.ltrans.o
 .rodata.__clz_tab
                0x0000358c      0x100 C:/Users/Andy/AppData/Local/xpack-riscv-none-elf-gcc/14.2.0-3/bin/../lib/gcc/riscv-none-elf/14.2.0\libgcc.a(_clz.o)
                0x0000358c                __clz_tab
 *(.gnu.linkonce.t.*)
                0x0000368c                        . = ALIGN (0x4)

.rela.dyn       0x0000368c        0x0
 .rela.text.handle_reset
                0x0000368c        0x0 C:\Users\Andy\AppData\Local\Temp\ccyWLEef.ltrans0.ltrans.o

.fini           0x0000368c        0x0
 *(SORT_NONE(.fini))
                0x0000368c                        . = ALIGN (0x4)
                [!provide]                        PROVIDE (_etext = .)
                [!provide]                        PROVIDE (_eitcm = .)

.preinit_array  0x0000368c        0x0
                [!provide]                        PROVIDE (__preinit_array_start = .)
 *(.preinit_array)
                [!provide]                        PROVIDE (__preinit_array_end = .)

.init_array     0x0000368c        0x0
                0x0000368c                        PROVIDE (__init_array_start = .)
 *(SORT_BY_INIT_PRIORITY(.init_array.*) SORT_BY_INIT_PRIORITY(.ctors.*))
 *(.init_array EXCLUDE_FILE(*crtend?.o *crtend.o *crtbegin?.o *crtbegin.o) .ctors)
                0x0000368c                        PROVIDE (__init_array_end = .)

.fini_array     0x0000368c        0x0
                [!provide]                        PROVIDE (__fini_array_start = .)
 *(SORT_BY_INIT_PRIORITY(.fini_array.*) SORT_BY_INIT_PRIORITY(.dtors.*))
 *(.fini_array EXCLUDE_FILE(*crtend?.o *crtend.o *crtbegin?.o *crtbegin.o) .dtors)
                [!provide]                        PROVIDE (__fini_array_end = .)

.ctors
 *crtbegin.o(.ctors)
 *crtbegin?.o(.ctors)
 *(EXCLUDE_FILE(*crtend?.o *crtend.o) .ctors)
 *(SORT_BY_NAME(.ctors.*))
 *(.ctors)

.dtors
 *crtbegin.o(.dtors)
 *crtbegin?.o(.dtors)
 *(EXCLUDE_FILE(*crtend?.o *crtend.o) .dtors)
 *(SORT_BY_NAME(.dtors.*))
 *(.dtors)

.dalign         0x200009b0        0x0 load address 0x0000368c
                0x200009b0                        . = ALIGN (0x4)
                0x200009b0                        PROVIDE (_data_vma = .)

.dlalign        0x0000368c        0x0
                0x0000368c                        . = ALIGN (0x4)
                0x0000368c                        PROVIDE (_data_lma = .)

.data           0x200009b0      0xa8c load address 0x0000368c
                0x200009b0                        . = ALIGN (0x4)
                0x20000dac                        __global_pointer$ = (. + 0x3fc)
 *(.gnu.linkonce.r.*)
 *(.data .data.*)
 *(.gnu.linkonce.d.*)
                0x200009b0                        . = ALIGN (0x8)
 *(.sdata .sdata.*)
 .sdata._rand_lfsr
                0x200009b0        0x4 C:\Users\Andy\AppData\Local\Temp\ccyWLEef.ltrans0.ltrans.o
 *(.sdata2*)
 *(.gnu.linkonce.s.*)
                0x200009b8                        . = ALIGN (0x8)
 *fill*         0x200009b4        0x4 
 *(.srodata.cst16)
 *(.srodata.cst8)
 *(.srodata.cst4)
 .srodata.cst4  0x200009b8        0x4 C:\Users\Andy\AppData\Local\Temp\ccyWLEef.ltrans0.ltrans.o
 *(.srodata.cst2)
 *(.srodata .srodata.*)
 .srodata.QMC6309Regmap.0
                0x200009bc        0x4 C:\Users\Andy\AppData\Local\Temp\ccyWLEef.ltrans0.ltrans.o
 .srodata.fish1
                0x200009c0      0x874 C:\Users\Andy\AppData\Local\Temp\ccyWLEef.ltrans0.ltrans.o
 .srodata.bubblemirror
                0x20001234      0x104 C:\Users\Andy\AppData\Local\Temp\ccyWLEef.ltrans0.ltrans.o
 .srodata.bubble
                0x20001338      0x104 C:\Users\Andy\AppData\Local\Temp\ccyWLEef.ltrans0.ltrans.o
                0x2000143c                        . = ALIGN (0x4)
                0x2000143c                        PROVIDE (_edata = .)

.bss            0x20001440      0xc70 load address 0x00004118
                0x20001440                        . = ALIGN (0x4)
                0x20001440                        PROVIDE (_sbss = .)
 *(.sbss*)
 .sbss.iSLERChannel
                0x20001440        0x1 C:\Users\Andy\AppData\Local\Temp\ccyWLEef.ltrans0.ltrans.o
 *fill*         0x20001441        0x3 
 .sbss.lastfifo
                0x20001444        0x4 C:\Users\Andy\AppData\Local\Temp\ccyWLEef.ltrans0.ltrans.o
 .sbss.tuneFilter
                0x20001448        0x4 C:\Users\Andy\AppData\Local\Temp\ccyWLEef.ltrans0.ltrans.o
 .sbss.tuneFilter2M
                0x2000144c        0x4 C:\Users\Andy\AppData\Local\Temp\ccyWLEef.ltrans0.ltrans.o
 *(.gnu.linkonce.sb.*)
 *(.bss*)
 .bss.gameUnion
                0x20001450       0x20 C:\Users\Andy\AppData\Local\Temp\ccyWLEef.ltrans0.ltrans.o
 .bss.LLE_BUF   0x20001470      0x440 C:\Users\Andy\AppData\Local\Temp\ccyWLEef.ltrans0.ltrans.o
 .bss.ssd1306_buffer
                0x200018b0      0x800 C:\Users\Andy\AppData\Local\Temp\ccyWLEef.ltrans0.ltrans.o
 *(.gnu.linkonce.b.*)
 *(COMMON*)
                0x200020b0                        . = ALIGN (0x4)
                0x200020b0                        PROVIDE (_ebss = .)
                [!provide]                        PROVIDE (_end = _ebss)
                [!provide]                        PROVIDE (end = .)
                0x20003000                        PROVIDE (_eusrstack = (ORIGIN (RAM) + LENGTH (RAM)))

/DISCARD/
 *(.note .note.*)
 *(.eh_frame .eh_frame.*)
 *(.comment .comment.*)
 *(.ARM.extab* .gnu.linkonce.armextab.*)
 *(.ARM.exidx*)
OUTPUT(firmware.elf elf32-littleriscv)

.riscv.attributes
                0x00000000       0x4b
 .riscv.attributes
                0x00000000       0x4b C:\Users\Andy\AppData\Local\Temp\ccyWLEef.ltrans0.ltrans.o
 .riscv.attributes
                0x0000004b       0x47 C:/Users/Andy/AppData/Local/xpack-riscv-none-elf-gcc/14.2.0-3/bin/../lib/gcc/riscv-none-elf/14.2.0\libgcc.a(_divdi3.o)
 .riscv.attributes
                0x00000092       0x47 C:/Users/Andy/AppData/Local/xpack-riscv-none-elf-gcc/14.2.0-3/bin/../lib/gcc/riscv-none-elf/14.2.0\libgcc.a(_moddi3.o)
 .riscv.attributes
                0x000000d9       0x47 C:/Users/Andy/AppData/Local/xpack-riscv-none-elf-gcc/14.2.0-3/bin/../lib/gcc/riscv-none-elf/14.2.0\libgcc.a(gesf2.o)
 .riscv.attributes
                0x00000120       0x47 C:/Users/Andy/AppData/Local/xpack-riscv-none-elf-gcc/14.2.0-3/bin/../lib/gcc/riscv-none-elf/14.2.0\libgcc.a(floatsisf.o)
 .riscv.attributes
                0x00000167       0x47 C:/Users/Andy/AppData/Local/xpack-riscv-none-elf-gcc/14.2.0-3/bin/../lib/gcc/riscv-none-elf/14.2.0\libgcc.a(_clz.o)
 .riscv.attributes
                0x000001ae       0x47 C:/Users/Andy/AppData/Local/xpack-riscv-none-elf-gcc/14.2.0-3/bin/../lib/gcc/riscv-none-elf/14.2.0\libgcc.a(_clzsi2.o)

.debug_info     0x00000000     0x77b3
 .debug_info    0x00000000     0x2f7a C:\Users\Andy\AppData\Local\Temp\ccyWLEef.ltrans0.ltrans.o
 .debug_info    0x00002f7a      0xe6d C:\Users\Andy\AppData\Local\Temp\ccCSKecB.debug.temp.o
                0x00002f7a                ch32fun.c.87fb9ac7
 .debug_info    0x00003de7     0x23f3 C:\Users\Andy\AppData\Local\Temp\ccwhmdVV.debug.temp.o
                0x00003de7                firmware.c.e6ea786d
 .debug_info    0x000061da      0x7a0 C:/Users/Andy/AppData/Local/xpack-riscv-none-elf-gcc/14.2.0-3/bin/../lib/gcc/riscv-none-elf/14.2.0\libgcc.a(_divdi3.o)
 .debug_info    0x0000697a      0x7eb C:/Users/Andy/AppData/Local/xpack-riscv-none-elf-gcc/14.2.0-3/bin/../lib/gcc/riscv-none-elf/14.2.0\libgcc.a(_moddi3.o)
 .debug_info    0x00007165      0x1f7 C:/Users/Andy/AppData/Local/xpack-riscv-none-elf-gcc/14.2.0-3/bin/../lib/gcc/riscv-none-elf/14.2.0\libgcc.a(gesf2.o)
 .debug_info    0x0000735c      0x213 C:/Users/Andy/AppData/Local/xpack-riscv-none-elf-gcc/14.2.0-3/bin/../lib/gcc/riscv-none-elf/14.2.0\libgcc.a(floatsisf.o)
 .debug_info    0x0000756f       0xed C:/Users/Andy/AppData/Local/xpack-riscv-none-elf-gcc/14.2.0-3/bin/../lib/gcc/riscv-none-elf/14.2.0\libgcc.a(_clz.o)
 .debug_info    0x0000765c      0x157 C:/Users/Andy/AppData/Local/xpack-riscv-none-elf-gcc/14.2.0-3/bin/../lib/gcc/riscv-none-elf/14.2.0\libgcc.a(_clzsi2.o)

.debug_abbrev   0x00000000     0x1117
 .debug_abbrev  0x00000000      0x254 C:\Users\Andy\AppData\Local\Temp\ccyWLEef.ltrans0.ltrans.o
 .debug_abbrev  0x00000254      0x2c6 C:\Users\Andy\AppData\Local\Temp\ccCSKecB.debug.temp.o
 .debug_abbrev  0x0000051a      0x47b C:\Users\Andy\AppData\Local\Temp\ccwhmdVV.debug.temp.o
 .debug_abbrev  0x00000995      0x1b2 C:/Users/Andy/AppData/Local/xpack-riscv-none-elf-gcc/14.2.0-3/bin/../lib/gcc/riscv-none-elf/14.2.0\libgcc.a(_divdi3.o)
 .debug_abbrev  0x00000b47      0x1d3 C:/Users/Andy/AppData/Local/xpack-riscv-none-elf-gcc/14.2.0-3/bin/../lib/gcc/riscv-none-elf/14.2.0\libgcc.a(_moddi3.o)
 .debug_abbrev  0x00000d1a      0x156 C:/Users/Andy/AppData/Local/xpack-riscv-none-elf-gcc/14.2.0-3/bin/../lib/gcc/riscv-none-elf/14.2.0\libgcc.a(gesf2.o)
 .debug_abbrev  0x00000e70      0x16d C:/Users/Andy/AppData/Local/xpack-riscv-none-elf-gcc/14.2.0-3/bin/../lib/gcc/riscv-none-elf/14.2.0\libgcc.a(floatsisf.o)
 .debug_abbrev  0x00000fdd       0x70 C:/Users/Andy/AppData/Local/xpack-riscv-none-elf-gcc/14.2.0-3/bin/../lib/gcc/riscv-none-elf/14.2.0\libgcc.a(_clz.o)
 .debug_abbrev  0x0000104d       0xca C:/Users/Andy/AppData/Local/xpack-riscv-none-elf-gcc/14.2.0-3/bin/../lib/gcc/riscv-none-elf/14.2.0\libgcc.a(_clzsi2.o)

.debug_loclists
                0x00000000     0x3a37
 .debug_loclists
                0x00000000     0x275c C:\Users\Andy\AppData\Local\Temp\ccyWLEef.ltrans0.ltrans.o
 .debug_loclists
                0x0000275c      0x81f C:/Users/Andy/AppData/Local/xpack-riscv-none-elf-gcc/14.2.0-3/bin/../lib/gcc/riscv-none-elf/14.2.0\libgcc.a(_divdi3.o)
 .debug_loclists
                0x00002f7b      0x6cc C:/Users/Andy/AppData/Local/xpack-riscv-none-elf-gcc/14.2.0-3/bin/../lib/gcc/riscv-none-elf/14.2.0\libgcc.a(_moddi3.o)
 .debug_loclists
                0x00003647       0xba C:/Users/Andy/AppData/Local/xpack-riscv-none-elf-gcc/14.2.0-3/bin/../lib/gcc/riscv-none-elf/14.2.0\libgcc.a(gesf2.o)
 .debug_loclists
                0x00003701      0x277 C:/Users/Andy/AppData/Local/xpack-riscv-none-elf-gcc/14.2.0-3/bin/../lib/gcc/riscv-none-elf/14.2.0\libgcc.a(floatsisf.o)
 .debug_loclists
                0x00003978       0xbf C:/Users/Andy/AppData/Local/xpack-riscv-none-elf-gcc/14.2.0-3/bin/../lib/gcc/riscv-none-elf/14.2.0\libgcc.a(_clzsi2.o)

.debug_aranges  0x00000000      0x318
 .debug_aranges
                0x00000000      0x260 C:\Users\Andy\AppData\Local\Temp\ccyWLEef.ltrans0.ltrans.o
 .debug_aranges
                0x00000260       0x20 C:/Users/Andy/AppData/Local/xpack-riscv-none-elf-gcc/14.2.0-3/bin/../lib/gcc/riscv-none-elf/14.2.0\libgcc.a(_divdi3.o)
 .debug_aranges
                0x00000280       0x20 C:/Users/Andy/AppData/Local/xpack-riscv-none-elf-gcc/14.2.0-3/bin/../lib/gcc/riscv-none-elf/14.2.0\libgcc.a(_moddi3.o)
 .debug_aranges
                0x000002a0       0x20 C:/Users/Andy/AppData/Local/xpack-riscv-none-elf-gcc/14.2.0-3/bin/../lib/gcc/riscv-none-elf/14.2.0\libgcc.a(gesf2.o)
 .debug_aranges
                0x000002c0       0x20 C:/Users/Andy/AppData/Local/xpack-riscv-none-elf-gcc/14.2.0-3/bin/../lib/gcc/riscv-none-elf/14.2.0\libgcc.a(floatsisf.o)
 .debug_aranges
                0x000002e0       0x18 C:/Users/Andy/AppData/Local/xpack-riscv-none-elf-gcc/14.2.0-3/bin/../lib/gcc/riscv-none-elf/14.2.0\libgcc.a(_clz.o)
 .debug_aranges
                0x000002f8       0x20 C:/Users/Andy/AppData/Local/xpack-riscv-none-elf-gcc/14.2.0-3/bin/../lib/gcc/riscv-none-elf/14.2.0\libgcc.a(_clzsi2.o)

.debug_rnglists
                0x00000000      0x7f6
 .debug_rnglists
                0x00000000      0x4ea C:\Users\Andy\AppData\Local\Temp\ccyWLEef.ltrans0.ltrans.o
 .debug_rnglists
                0x000004ea      0x11c C:/Users/Andy/AppData/Local/xpack-riscv-none-elf-gcc/14.2.0-3/bin/../lib/gcc/riscv-none-elf/14.2.0\libgcc.a(_divdi3.o)
 .debug_rnglists
                0x00000606       0xe0 C:/Users/Andy/AppData/Local/xpack-riscv-none-elf-gcc/14.2.0-3/bin/../lib/gcc/riscv-none-elf/14.2.0\libgcc.a(_moddi3.o)
 .debug_rnglists
                0x000006e6       0x50 C:/Users/Andy/AppData/Local/xpack-riscv-none-elf-gcc/14.2.0-3/bin/../lib/gcc/riscv-none-elf/14.2.0\libgcc.a(gesf2.o)
 .debug_rnglists
                0x00000736       0x98 C:/Users/Andy/AppData/Local/xpack-riscv-none-elf-gcc/14.2.0-3/bin/../lib/gcc/riscv-none-elf/14.2.0\libgcc.a(floatsisf.o)
 .debug_rnglists
                0x000007ce       0x28 C:/Users/Andy/AppData/Local/xpack-riscv-none-elf-gcc/14.2.0-3/bin/../lib/gcc/riscv-none-elf/14.2.0\libgcc.a(_clzsi2.o)

.debug_line     0x00000000     0x8731
 .debug_line    0x00000000     0x670d C:\Users\Andy\AppData\Local\Temp\ccyWLEef.ltrans0.ltrans.o
 .debug_line    0x0000670d       0x76 C:\Users\Andy\AppData\Local\Temp\ccCSKecB.debug.temp.o
 .debug_line    0x00006783       0xad C:\Users\Andy\AppData\Local\Temp\ccwhmdVV.debug.temp.o
 .debug_line    0x00006830      0xaf6 C:/Users/Andy/AppData/Local/xpack-riscv-none-elf-gcc/14.2.0-3/bin/../lib/gcc/riscv-none-elf/14.2.0\libgcc.a(_divdi3.o)
 .debug_line    0x00007326      0xaf9 C:/Users/Andy/AppData/Local/xpack-riscv-none-elf-gcc/14.2.0-3/bin/../lib/gcc/riscv-none-elf/14.2.0\libgcc.a(_moddi3.o)
 .debug_line    0x00007e1f      0x3f6 C:/Users/Andy/AppData/Local/xpack-riscv-none-elf-gcc/14.2.0-3/bin/../lib/gcc/riscv-none-elf/14.2.0\libgcc.a(gesf2.o)
 .debug_line    0x00008215      0x3c0 C:/Users/Andy/AppData/Local/xpack-riscv-none-elf-gcc/14.2.0-3/bin/../lib/gcc/riscv-none-elf/14.2.0\libgcc.a(floatsisf.o)
 .debug_line    0x000085d5       0x3f C:/Users/Andy/AppData/Local/xpack-riscv-none-elf-gcc/14.2.0-3/bin/../lib/gcc/riscv-none-elf/14.2.0\libgcc.a(_clz.o)
 .debug_line    0x00008614      0x11d C:/Users/Andy/AppData/Local/xpack-riscv-none-elf-gcc/14.2.0-3/bin/../lib/gcc/riscv-none-elf/14.2.0\libgcc.a(_clzsi2.o)

.debug_str      0x00000000     0x1a43
 .debug_str     0x00000000     0x1a43 C:\Users\Andy\AppData\Local\Temp\ccyWLEef.ltrans0.ltrans.o
                                0x195 (size before relaxing)
 .debug_str     0x00001a43      0x6ea C:\Users\Andy\AppData\Local\Temp\ccCSKecB.debug.temp.o
 .debug_str     0x00001a43     0x11bd C:\Users\Andy\AppData\Local\Temp\ccwhmdVV.debug.temp.o
 .debug_str     0x00001a43      0x284 C:/Users/Andy/AppData/Local/xpack-riscv-none-elf-gcc/14.2.0-3/bin/../lib/gcc/riscv-none-elf/14.2.0\libgcc.a(_divdi3.o)
 .debug_str     0x00001a43      0x284 C:/Users/Andy/AppData/Local/xpack-riscv-none-elf-gcc/14.2.0-3/bin/../lib/gcc/riscv-none-elf/14.2.0\libgcc.a(_moddi3.o)
 .debug_str     0x00001a43      0x1d9 C:/Users/Andy/AppData/Local/xpack-riscv-none-elf-gcc/14.2.0-3/bin/../lib/gcc/riscv-none-elf/14.2.0\libgcc.a(gesf2.o)
 .debug_str     0x00001a43      0x24a C:/Users/Andy/AppData/Local/xpack-riscv-none-elf-gcc/14.2.0-3/bin/../lib/gcc/riscv-none-elf/14.2.0\libgcc.a(floatsisf.o)
 .debug_str     0x00001a43      0x1d2 C:/Users/Andy/AppData/Local/xpack-riscv-none-elf-gcc/14.2.0-3/bin/../lib/gcc/riscv-none-elf/14.2.0\libgcc.a(_clz.o)
 .debug_str     0x00001a43      0x1ef C:/Users/Andy/AppData/Local/xpack-riscv-none-elf-gcc/14.2.0-3/bin/../lib/gcc/riscv-none-elf/14.2.0\libgcc.a(_clzsi2.o)

.debug_line_str
                0x00000000      0x625
 .debug_line_str
                0x00000000      0x625 C:\Users\Andy\AppData\Local\Temp\ccyWLEef.ltrans0.ltrans.o
                                0x1a6 (size before relaxing)
 .debug_line_str
                0x00000625      0x233 C:\Users\Andy\AppData\Local\Temp\ccCSKecB.debug.temp.o
 .debug_line_str
                0x00000625      0x2a5 C:\Users\Andy\AppData\Local\Temp\ccwhmdVV.debug.temp.o
 .debug_line_str
                0x00000625      0x24c C:/Users/Andy/AppData/Local/xpack-riscv-none-elf-gcc/14.2.0-3/bin/../lib/gcc/riscv-none-elf/14.2.0\libgcc.a(_divdi3.o)
 .debug_line_str
                0x00000625      0x24c C:/Users/Andy/AppData/Local/xpack-riscv-none-elf-gcc/14.2.0-3/bin/../lib/gcc/riscv-none-elf/14.2.0\libgcc.a(_moddi3.o)
 .debug_line_str
                0x00000625      0x265 C:/Users/Andy/AppData/Local/xpack-riscv-none-elf-gcc/14.2.0-3/bin/../lib/gcc/riscv-none-elf/14.2.0\libgcc.a(gesf2.o)
 .debug_line_str
                0x00000625      0x26b C:/Users/Andy/AppData/Local/xpack-riscv-none-elf-gcc/14.2.0-3/bin/../lib/gcc/riscv-none-elf/14.2.0\libgcc.a(floatsisf.o)
 .debug_line_str
                0x00000625      0x24c C:/Users/Andy/AppData/Local/xpack-riscv-none-elf-gcc/14.2.0-3/bin/../lib/gcc/riscv-none-elf/14.2.0\libgcc.a(_clz.o)
 .debug_line_str
                0x00000625      0x24c C:/Users/Andy/AppData/Local/xpack-riscv-none-elf-gcc/14.2.0-3/bin/../lib/gcc/riscv-none-elf/14.2.0\libgcc.a(_clzsi2.o)

.debug_frame    0x00000000      0x970
 .debug_frame   0x00000000      0x8f8 C:\Users\Andy\AppData\Local\Temp\ccyWLEef.ltrans0.ltrans.o
 .debug_frame   0x000008f8       0x20 C:/Users/Andy/AppData/Local/xpack-riscv-none-elf-gcc/14.2.0-3/bin/../lib/gcc/riscv-none-elf/14.2.0\libgcc.a(gesf2.o)
 .debug_frame   0x00000918       0x38 C:/Users/Andy/AppData/Local/xpack-riscv-none-elf-gcc/14.2.0-3/bin/../lib/gcc/riscv-none-elf/14.2.0\libgcc.a(floatsisf.o)
 .debug_frame   0x00000950       0x20 C:/Users/Andy/AppData/Local/xpack-riscv-none-elf-gcc/14.2.0-3/bin/../lib/gcc/riscv-none-elf/14.2.0\libgcc.a(_clzsi2.o)
