
Discarded input sections

 .text          0x00000000        0x0 C:\Users\Andy\AppData\Local\Temp\cc710a7n.ltrans0.ltrans.o
 .data          0x00000000        0x0 C:\Users\Andy\AppData\Local\Temp\cc710a7n.ltrans0.ltrans.o
 .bss           0x00000000        0x0 C:\Users\Andy\AppData\Local\Temp\cc710a7n.ltrans0.ltrans.o
 .text.vprintf  0x00000000       0x16 C:\Users\Andy\AppData\Local\Temp\cc710a7n.ltrans0.ltrans.o
 .text.snprintf
                0x00000000       0x20 C:\Users\Andy\AppData\Local\Temp\cc710a7n.ltrans0.ltrans.o
 .text.strcpy   0x00000000       0x14 C:\Users\Andy\AppData\Local\Temp\cc710a7n.ltrans0.ltrans.o
 .text.strncpy  0x00000000       0x1c C:\Users\Andy\AppData\Local\Temp\cc710a7n.ltrans0.ltrans.o
 .text.strcmp   0x00000000       0x1a C:\Users\Andy\AppData\Local\Temp\cc710a7n.ltrans0.ltrans.o
 .text.strncmp  0x00000000       0x2e C:\Users\Andy\AppData\Local\Temp\cc710a7n.ltrans0.ltrans.o
 .text.strchr   0x00000000       0x16 C:\Users\Andy\AppData\Local\Temp\cc710a7n.ltrans0.ltrans.o
 .text.strrchr  0x00000000       0x3c C:\Users\Andy\AppData\Local\Temp\cc710a7n.ltrans0.ltrans.o
 .text.memcmp   0x00000000       0x20 C:\Users\Andy\AppData\Local\Temp\cc710a7n.ltrans0.ltrans.o
 .text.memmove  0x00000000       0x5e C:\Users\Andy\AppData\Local\Temp\cc710a7n.ltrans0.ltrans.o
 .text.memchr   0x00000000       0x1a C:\Users\Andy\AppData\Local\Temp\cc710a7n.ltrans0.ltrans.o
 .text.strnlen  0x00000000       0x2a C:\Users\Andy\AppData\Local\Temp\cc710a7n.ltrans0.ltrans.o
 .text.twoway_strstr
                0x00000000      0x256 C:\Users\Andy\AppData\Local\Temp\cc710a7n.ltrans0.ltrans.o
 .text.strstr   0x00000000      0x118 C:\Users\Andy\AppData\Local\Temp\cc710a7n.ltrans0.ltrans.o
 .rodata.puts.str1.4
                0x00000000        0x2 C:\Users\Andy\AppData\Local\Temp\cc710a7n.ltrans0.ltrans.o
 .text.puts     0x00000000       0x40 C:\Users\Andy\AppData\Local\Temp\cc710a7n.ltrans0.ltrans.o
 .text.setjmp   0x00000000       0x38 C:\Users\Andy\AppData\Local\Temp\cc710a7n.ltrans0.ltrans.o
 .text.longjmp  0x00000000       0x3c C:\Users\Andy\AppData\Local\Temp\cc710a7n.ltrans0.ltrans.o
 .comment       0x00000000       0x34 C:\Users\Andy\AppData\Local\Temp\cc710a7n.ltrans0.ltrans.o
 .note.GNU-stack
                0x00000000        0x0 C:\Users\Andy\AppData\Local\Temp\cc710a7n.ltrans0.ltrans.o
 .comment       0x00000000       0x34 C:\Users\Andy\AppData\Local\Temp\cczharH0.debug.temp.o
 .note.GNU-stack
                0x00000000        0x0 C:\Users\Andy\AppData\Local\Temp\cczharH0.debug.temp.o
 .comment       0x00000000       0x34 C:\Users\Andy\AppData\Local\Temp\cc0eWrqp.debug.temp.o
 .note.GNU-stack
                0x00000000        0x0 C:\Users\Andy\AppData\Local\Temp\cc0eWrqp.debug.temp.o

Memory Configuration

Name             Origin             Length             Attributes
FLASH            0x00000000         0x0003c000         xr
RAM              0x20000000         0x00003000         xrw
*default*        0x00000000         0xffffffff

Linker script and memory map

LOAD C:\Users\Andy\AppData\Local\Temp\ccu85weI.o
LOAD C:\Users\Andy\AppData\Local\Temp\cc710a7n.ltrans0.ltrans.o
LOAD C:\Users\Andy\AppData\Local\Temp\cczharH0.debug.temp.o
LOAD C:\Users\Andy\AppData\Local\Temp\cc0eWrqp.debug.temp.o
LOAD C:\Users\Andy\AppData\Local\Temp\cchXVL2O.o
LOAD C:/Users/Andy/AppData/Local/xpack-riscv-none-elf-gcc/14.2.0-3/bin/../lib/gcc/riscv-none-elf/14.2.0\libgcc.a

.init           0x00000000       0x90
                0x00000000                        _sinit = .
                0x00000000                        . = ALIGN (0x4)
 *(SORT_NONE(.init))
 .init          0x00000000       0x90 C:\Users\Andy\AppData\Local\Temp\cc710a7n.ltrans0.ltrans.o
                0x00000000                InterruptVector
                0x00000000                InterruptVectorDefault
                0x00000090                        . = ALIGN (0x4)
                0x00000090                        _einit = .

.highcodelalign
                0x00000090        0x0
                0x00000090                        . = ALIGN (0x4)
                0x00000090                        PROVIDE (_highcode_lma = .)

.highcode       0x20000000      0x9a4 load address 0x00000090
                0x20000000                        . = ALIGN (0x4)
                0x20000000                        PROVIDE (_highcode_vma_start = .)
 *(.highcode*)
 .highcode      0x20000000      0x9a4 C:\Users\Andy\AppData\Local\Temp\cc710a7n.ltrans0.ltrans.o
                0x2000001c                iSLERRSSI
                0x20000034                iSLERCRCOK
                0x20000054                iSLERTX
                0x2000018c                iSLERRX
                0x20000336                ConfigI2C
                0x2000034e                SendStart
                0x200003ba                SendStop
                0x2000043a                SendByte
                0x2000050c                SendByteNoAck
                0x200005da                GetByte
                0x200006c2                ProcessLSM6DS3
                0x20000806                CoreLoop
                0x200009a4                        . = ALIGN (0x4)
                0x200009a4                        PROVIDE (_highcode_vma_end = .)

.text           0x00000a34     0x270c
                0x00000a34                        . = ALIGN (0x4)
 *(.text)
 *(.text.*)
 .text.mini_pad
                0x00000a34       0x8a C:\Users\Andy\AppData\Local\Temp\cc710a7n.ltrans0.ltrans.o
 .text._puts    0x00000abe       0x42 C:\Users\Andy\AppData\Local\Temp\cc710a7n.ltrans0.ltrans.o
 .text.DelaySysTick
                0x00000b00       0x12 C:\Users\Andy\AppData\Local\Temp\cc710a7n.ltrans0.ltrans.o
 .text.mini_itoa.part.0
                0x00000b12       0x90 C:\Users\Andy\AppData\Local\Temp\cc710a7n.ltrans0.ltrans.o
 .text.ssd1306_drawPixel
                0x00000ba2       0x3c C:\Users\Andy\AppData\Local\Temp\cc710a7n.ltrans0.ltrans.o
 .text.DevSetMode
                0x00000bde       0x4e C:\Users\Andy\AppData\Local\Temp\cc710a7n.ltrans0.ltrans.o
 .text.RFEND_TXCTune
                0x00000c2c       0x7e C:\Users\Andy\AppData\Local\Temp\cc710a7n.ltrans0.ltrans.o
 .text.DevSetChannel
                0x00000caa       0x22 C:\Users\Andy\AppData\Local\Temp\cc710a7n.ltrans0.ltrans.o
 .text.RenderBSprite
                0x00000ccc       0xd8 C:\Users\Andy\AppData\Local\Temp\cc710a7n.ltrans0.ltrans.o
 .text._rand_gen_32b
                0x00000da4       0x3c C:\Users\Andy\AppData\Local\Temp\cc710a7n.ltrans0.ltrans.o
 .text.ModePufferWirelessRX
                0x00000de0        0x2 C:\Users\Andy\AppData\Local\Temp\cc710a7n.ltrans0.ltrans.o
 .text.badSin   0x00000de2       0x24 C:\Users\Andy\AppData\Local\Temp\cc710a7n.ltrans0.ltrans.o
 .text.rollDice
                0x00000e06       0x22 C:\Users\Andy\AppData\Local\Temp\cc710a7n.ltrans0.ltrans.o
 .text.ModeShutWirelessRX
                0x00000e28        0x2 C:\Users\Andy\AppData\Local\Temp\cc710a7n.ltrans0.ltrans.o
 .text.funPinMode.part.0
                0x00000e2a       0x30 C:\Users\Andy\AppData\Local\Temp\cc710a7n.ltrans0.ltrans.o
 .text.ssd1306_drawstr_sz.constprop.0
                0x00000e5a       0xd6 C:\Users\Andy\AppData\Local\Temp\cc710a7n.ltrans0.ltrans.o
 .text.ssd1306_drawFastHLine.constprop.0
                0x00000f30       0x4a C:\Users\Andy\AppData\Local\Temp\cc710a7n.ltrans0.ltrans.o
 .text.ssd1306_drawFastVLine.constprop.0
                0x00000f7a       0x48 C:\Users\Andy\AppData\Local\Temp\cc710a7n.ltrans0.ltrans.o
 .text.ssd1306_drawRect.constprop.0
                0x00000fc2       0x36 C:\Users\Andy\AppData\Local\Temp\cc710a7n.ltrans0.ltrans.o
 .text.internal_handle_input.constprop.0
                0x00000ff8        0xa C:\Users\Andy\AppData\Local\Temp\cc710a7n.ltrans0.ltrans.o
 .text._write.constprop.0
                0x00001002       0xec C:\Users\Andy\AppData\Local\Temp\cc710a7n.ltrans0.ltrans.o
 .text.__puts_uart
                0x000010ee       0x14 C:\Users\Andy\AppData\Local\Temp\cc710a7n.ltrans0.ltrans.o
 .text.ssd1306_pkt_send.isra.0
                0x00001102       0x62 C:\Users\Andy\AppData\Local\Temp\cc710a7n.ltrans0.ltrans.o
 .text.ssd1306_cmd.isra.0
                0x00001164       0x18 C:\Users\Andy\AppData\Local\Temp\cc710a7n.ltrans0.ltrans.o
 .text.ssd1306_refresh
                0x0000117c       0x76 C:\Users\Andy\AppData\Local\Temp\cc710a7n.ltrans0.ltrans.o
 .text.funPinMode.constprop.0
                0x000011f2       0x1e C:\Users\Andy\AppData\Local\Temp\cc710a7n.ltrans0.ltrans.o
 .text.handle_reset
                0x00001210       0xb0 C:\Users\Andy\AppData\Local\Temp\cc710a7n.ltrans0.ltrans.o
                0x00001210                handle_reset
 .text.vector_handler
                0x000012c0        0x2 C:\Users\Andy\AppData\Local\Temp\cc710a7n.ltrans0.ltrans.o
                0x000012c0                EXTI2_IRQHandler
                0x000012c0                TIM8_TRG_COM_IRQHandler
                0x000012c0                TIM8_CC_IRQHandler
                0x000012c0                USART_WKUP_IRQHandler
                0x000012c0                UART8_IRQHandler
                0x000012c0                SPI4_IRQHandler
                0x000012c0                NFC_IRQHandler
                0x000012c0                DFSDM0_IRQHandler
                0x000012c0                TIM1_CC_IRQHandler
                0x000012c0                HardFault_Handler
                0x000012c0                TIM10_IRQHandler
                0x000012c0                GPIOB_IRQHandler
                0x000012c0                IPC_CH2_Handler
                0x000012c0                USBPD_IRQHandler
                0x000012c0                TIM6_IRQHandler
                0x000012c0                GPIOA_IRQHandler
                0x000012c0                SysTick_Handler
                0x000012c0                CAN3_RX1_IRQHandler
                0x000012c0                I3C_ER_IRQHandler
                0x000012c0                PVD_IRQHandler
                0x000012c0                SDIO_IRQHandler
                0x000012c0                TIM9_BRK_IRQHandler
                0x000012c0                DMA2_Channel8_IRQHandler
                0x000012c0                NMI_Handler
                0x000012c0                CAN2_RX1_IRQHandler
                0x000012c0                EXTI3_IRQHandler
                0x000012c0                HSEM_Handler
                0x000012c0                UART1_IRQHandler
                0x000012c0                USBHS_IRQHandler
                0x000012c0                LPTIM2_IRQHandler
                0x000012c0                DMA2_Channel9_IRQHandler
                0x000012c0                TIM10_CC_IRQHandler
                0x000012c0                EXTI25_16_IRQHandler
                0x000012c0                I2C3_ER_IRQHandler
                0x000012c0                USBFS_IRQHandler
                0x000012c0                UART0_IRQHandler
                0x000012c0                USART8_IRQHandler
                0x000012c0                EXTI0_IRQHandler
                0x000012c0                I2C2_EV_IRQHandler
                0x000012c0                TIM10_TRG_COM_IRQHandler
                0x000012c0                LPTIM_IRQHandler
                0x000012c0                CAN1_RX0_IRQHandler
                0x000012c0                CAN3_SCE_IRQHandler
                0x000012c0                CAN2_SCE_IRQHandler
                0x000012c0                ADC1_2_IRQHandler
                0x000012c0                BB_IRQHandler
                0x000012c0                Break_Point_Handler
                0x000012c0                IPC_CH0_Handler
                0x000012c0                TIM2_CC_IRQHandler
                0x000012c0                SPI1_IRQHandler
                0x000012c0                USART5_IRQHandler
                0x000012c0                TAMPER_IRQHandler
                0x000012c0                TMR0_IRQHandler
                0x000012c0                AWU_IRQHandler
                0x000012c0                EXTI7_0_IRQHandler
                0x000012c0                CAN2_RX0_IRQHandler
                0x000012c0                OSCWakeUp_IRQHandler
                0x000012c0                TIM8_UP_IRQHandler
                0x000012c0                Ecall_M_Mode_Handler
                0x000012c0                ECDC_IRQHandler
                0x000012c0                SDMMC_IRQHandler
                0x000012c0                USART7_IRQHandler
                0x000012c0                DMA2_Channel2_IRQHandler
                0x000012c0                DMA1_Channel4_IRQHandler
                0x000012c0                ADC1_IRQHandler
                0x000012c0                TIM2_BRK_IRQHandler
                0x000012c0                USART6_IRQHandler
                0x000012c0                CAN3_RX0_IRQHandler
                0x000012c0                HSADC_IRQHandler
                0x000012c0                TIM9_UP_IRQHandler
                0x000012c0                USART3_IRQHandler
                0x000012c0                RTC_IRQHandler
                0x000012c0                DMA1_Channel7_IRQHandler
                0x000012c0                LED_IRQHandler
                0x000012c0                CAN1_RX1_IRQHandler
                0x000012c0                DVP_IRQHandler
                0x000012c0                UART5_IRQHandler
                0x000012c0                USBSS_IRQHandler
                0x000012c0                SWPMI_IRQHandler
                0x000012c0                USBPDWakeUp_IRQHandler
                0x000012c0                EXTI15_8_IRQHandler
                0x000012c0                TIM4_IRQHandler
                0x000012c0                DMA2_Channel1_IRQHandler
                0x000012c0                SWPMI_WKUP_IRQHandler
                0x000012c0                USBPD_WKUP_IRQHandler
                0x000012c0                I2C1_EV_IRQHandler
                0x000012c0                USBSSWakeup_IRQHandler
                0x000012c0                UART2_IRQHandler
                0x000012c0                USART4_IRQHandler
                0x000012c0                PWMX_IRQHandler
                0x000012c0                DMA1_Channel6_IRQHandler
                0x000012c0                UART4_IRQHandler
                0x000012c0                DMA2_Channel4_IRQHandler
                0x000012c0                TIM3_IRQHandler
                0x000012c0                RCC_IRQHandler
                0x000012c0                TIM1_TRG_COM_IRQHandler
                0x000012c0                DMA1_Channel1_IRQHandler
                0x000012c0                DMA2_Channel7_IRQHandler
                0x000012c0                QSPI1_IRQHandler
                0x000012c0                EXTI15_10_IRQHandler
                0x000012c0                ADC_IRQHandler
                0x000012c0                IPC_CH3_Handler
                0x000012c0                DMA1_Channel8_IRQHandler
                0x000012c0                I3C_EV_IRQHandler
                0x000012c0                TMR2_IRQHandler
                0x000012c0                I3C_WKUP_IRQHandler
                0x000012c0                DefaultIRQHandler
                0x000012c0                TIM12_IRQHandler
                0x000012c0                TIM7_IRQHandler
                0x000012c0                CAN2_TX_IRQHandler
                0x000012c0                TIM5_IRQHandler
                0x000012c0                I2C3_EV_IRQHandler
                0x000012c0                USB_IRQHandler
                0x000012c0                EXTI9_5_IRQHandler
                0x000012c0                PIOC_IRQHandler
                0x000012c0                TIM9_IRQHandler
                0x000012c0                LTDC_IRQHandler
                0x000012c0                SAI_IRQHandler
                0x000012c0                SPI2_IRQHandler
                0x000012c0                OSC32KCal_IRQHandler
                0x000012c0                IPC_CH1_Handler
                0x000012c0                I2C_IRQHandler
                0x000012c0                LPTIM1_WKUP_IRQHandler
                0x000012c0                TIM10_BRK_IRQHandler
                0x000012c0                TIM9_CC_IRQHandler
                0x000012c0                CAN1_TX_IRQHandler
                0x000012c0                DMA2_Channel5_IRQHandler
                0x000012c0                USB2_IRQHandler
                0x000012c0                USBHSWakeUp_IRQHandler
                0x000012c0                DMA1_Channel5_IRQHandler
                0x000012c0                EXTI4_IRQHandler
                0x000012c0                USB_LP_CAN1_RX0_IRQHandler
                0x000012c0                QSPI2_IRQHandler
                0x000012c0                RNG_IRQHandler
                0x000012c0                USB_HP_CAN1_TX_IRQHandler
                0x000012c0                CMPWakeUp_IRQHandler
                0x000012c0                DMA1_Channel3_IRQHandler
                0x000012c0                FSMC_IRQHandler
                0x000012c0                ETH_IRQHandler
                0x000012c0                TIM1_UP_IRQHandler
                0x000012c0                LPTIMWakeUp_IRQHandler
                0x000012c0                WWDG_IRQHandler
                0x000012c0                USBHSWakeup_IRQHandler
                0x000012c0                DMA2_Channel11_IRQHandler
                0x000012c0                WDOG_BAT_IRQHandler
                0x000012c0                Ecall_U_Mode_Handler
                0x000012c0                I2C4_EV_IRQHandler
                0x000012c0                CAN3_TX_IRQHandler
                0x000012c0                TMR3_IRQHandler
                0x000012c0                DMA2_Channel6_IRQHandler
                0x000012c0                TIM2_IRQHandler
                0x000012c0                SW_Handler
                0x000012c0                TIM1_BRK_IRQHandler
                0x000012c0                GPHA_IRQHandler
                0x000012c0                OPA_IRQHandler
                0x000012c0                DMA2_Channel10_IRQHandler
                0x000012c0                EXTI1_IRQHandler
                0x000012c0                SPI0_IRQHandler
                0x000012c0                USB2_HOST_IRQHandler
                0x000012c0                LPTIM2_WKUP_IRQHandler
                0x000012c0                RTCAlarm_IRQHandler
                0x000012c0                TIM11_IRQHandler
                0x000012c0                TIM10_UP_IRQHandler
                0x000012c0                TIM9_TRG_COM_IRQHandler
                0x000012c0                UART7_IRQHandler
                0x000012c0                USART2_IRQHandler
                0x000012c0                UART6_IRQHandler
                0x000012c0                UHSIF_IRQHandler
                0x000012c0                ETHWakeUp_IRQHandler
                0x000012c0                I2C2_ER_IRQHandler
                0x000012c0                DMA1_Channel2_IRQHandler
                0x000012c0                TIM8_BRK_IRQHandler
                0x000012c0                TIM2_TRG_IRQHandler
                0x000012c0                CAN1_SCE_IRQHandler
                0x000012c0                FLASH_IRQHandler
                0x000012c0                USBFSWakeUp_IRQHandler
                0x000012c0                USART1_IRQHandler
                0x000012c0                OTG_FS_IRQHandler
                0x000012c0                SPI3_IRQHandler
                0x000012c0                USBFS_WakeUp_IRQHandler
                0x000012c0                UART3_IRQHandler
                0x000012c0                I2C1_ER_IRQHandler
                0x000012c0                FMC_IRQHandler
                0x000012c0                USB2_DEVICE_IRQHandler
                0x000012c0                LPTIM1_IRQHandler
                0x000012c0                DFSDM1_IRQHandler
                0x000012c0                I2C4_ER_IRQHandler
                0x000012c0                SERDES_IRQHandler
                0x000012c0                USBSS_LINK_IRQHandler
                0x000012c0                USBWakeUp_IRQHandler
                0x000012c0                DMA2_Channel3_IRQHandler
 .text.strlen   0x000012c2       0x12 C:\Users\Andy\AppData\Local\Temp\cc710a7n.ltrans0.ltrans.o
                0x000012c2                strlen
 .text.mini_vpprintf
                0x000012d4      0x1d6 C:\Users\Andy\AppData\Local\Temp\cc710a7n.ltrans0.ltrans.o
 .text.printf   0x000014aa       0x28 C:\Users\Andy\AppData\Local\Temp\cc710a7n.ltrans0.ltrans.o
                0x000014aa                printf
 .text.mini_vsnprintf
                0x000014d2       0x3a C:\Users\Andy\AppData\Local\Temp\cc710a7n.ltrans0.ltrans.o
 .text.sprintf  0x0000150c       0x24 C:\Users\Andy\AppData\Local\Temp\cc710a7n.ltrans0.ltrans.o
                0x0000150c                sprintf
 .text.memset   0x00001530       0x12 C:\Users\Andy\AppData\Local\Temp\cc710a7n.ltrans0.ltrans.o
                0x00001530                memset
 .text.ssd1306_setbuf.constprop.0
                0x00001542       0x12 C:\Users\Andy\AppData\Local\Temp\cc710a7n.ltrans0.ltrans.o
 .text.ModePufferLoop
                0x00001554      0x22c C:\Users\Andy\AppData\Local\Temp\cc710a7n.ltrans0.ltrans.o
 .text.ModeShutLoop
                0x00001780      0x272 C:\Users\Andy\AppData\Local\Temp\cc710a7n.ltrans0.ltrans.o
 .text.ModeMenuLoop
                0x000019f2      0x1e2 C:\Users\Andy\AppData\Local\Temp\cc710a7n.ltrans0.ltrans.o
 .text.memcpy   0x00001bd4       0x1c C:\Users\Andy\AppData\Local\Temp\cc710a7n.ltrans0.ltrans.o
                0x00001bd4                memcpy
 .text.putchar  0x00001bf0       0x64 C:\Users\Andy\AppData\Local\Temp\cc710a7n.ltrans0.ltrans.o
                0x00001bf0                putchar
 .text.ModeTestWirelessRX
                0x00001c54       0x62 C:\Users\Andy\AppData\Local\Temp\cc710a7n.ltrans0.ltrans.o
 .text.ModeExampleWirelessRX
                0x00001cb6        0x2 C:\Users\Andy\AppData\Local\Temp\cc710a7n.ltrans0.ltrans.o
 .text.SystemInit
                0x00001cb8       0x7c C:\Users\Andy\AppData\Local\Temp\cc710a7n.ltrans0.ltrans.o
                0x00001cb8                SystemInit
 .text.ISLER_BEANBOY_INTERNAL_CALLBACK
                0x00001d34       0x4e C:\Users\Andy\AppData\Local\Temp\cc710a7n.ltrans0.ltrans.o
 .text.LLE_IRQHandler
                0x00001d82       0x90 C:\Users\Andy\AppData\Local\Temp\cc710a7n.ltrans0.ltrans.o
 .text.ModeExampleLoop
                0x00001e12      0x1d0 C:\Users\Andy\AppData\Local\Temp\cc710a7n.ltrans0.ltrans.o
 .text.SetupRegisterMap.isra.0
                0x00001fe2       0x84 C:\Users\Andy\AppData\Local\Temp\cc710a7n.ltrans0.ltrans.o
 .text.startup.main
                0x00002066      0x6c2 C:\Users\Andy\AppData\Local\Temp\cc710a7n.ltrans0.ltrans.o
                0x00002066                main
 .text.ModeTestLoop
                0x00002728        0xc C:\Users\Andy\AppData\Local\Temp\cc710a7n.ltrans0.ltrans.o
 *(.rodata)
 *(.rodata*)
 *fill*         0x00002734        0x0 
 .rodata.ModePufferLoop.str1.4
                0x00002734      0x18c C:\Users\Andy\AppData\Local\Temp\cc710a7n.ltrans0.ltrans.o
                                 0x73 (size before relaxing)
 .rodata.ModeShutLoop.str1.4
                0x000028c0       0x10 C:\Users\Andy\AppData\Local\Temp\cc710a7n.ltrans0.ltrans.o
 .rodata.ModeMenuLoop.str1.4
                0x000028c0        0x5 C:\Users\Andy\AppData\Local\Temp\cc710a7n.ltrans0.ltrans.o
 .rodata.ModeTestWirelessRX.str1.4
                0x000028c0       0x2e C:\Users\Andy\AppData\Local\Temp\cc710a7n.ltrans0.ltrans.o
 .rodata.ModeExampleLoop.str1.4
                0x000028c0       0x17 C:\Users\Andy\AppData\Local\Temp\cc710a7n.ltrans0.ltrans.o
 .rodata.SetupRegisterMap.isra.0.str1.4
                0x000028c0       0x1a C:\Users\Andy\AppData\Local\Temp\cc710a7n.ltrans0.ltrans.o
 .rodata.main.str1.4
                0x000028c0       0x30 C:\Users\Andy\AppData\Local\Temp\cc710a7n.ltrans0.ltrans.o
 .rodata.str1.4
                0x000028c0       0x70 C:\Users\Andy\AppData\Local\Temp\cc710a7n.ltrans0.ltrans.o
 .rodata.fontdata
                0x000028c0      0x800 C:\Users\Andy\AppData\Local\Temp\cc710a7n.ltrans0.ltrans.o
 .rodata.LSM6DS3Regmap.1
                0x000030c0       0x1e C:\Users\Andy\AppData\Local\Temp\cc710a7n.ltrans0.ltrans.o
 *fill*         0x000030de        0x2 
 .rodata.ssd1306_init_array
                0x000030e0       0x23 C:\Users\Andy\AppData\Local\Temp\cc710a7n.ltrans0.ltrans.o
 *fill*         0x00003103        0x1 
 .rodata.gameModes
                0x00003104       0x14 C:\Users\Andy\AppData\Local\Temp\cc710a7n.ltrans0.ltrans.o
 .rodata.channel_map
                0x00003118       0x28 C:\Users\Andy\AppData\Local\Temp\cc710a7n.ltrans0.ltrans.o
 *(.gnu.linkonce.t.*)
                0x00003140                        . = ALIGN (0x4)

.rela.dyn       0x00003140        0x0
 .rela.text.handle_reset
                0x00003140        0x0 C:\Users\Andy\AppData\Local\Temp\cc710a7n.ltrans0.ltrans.o

.fini           0x00003140        0x0
 *(SORT_NONE(.fini))
                0x00003140                        . = ALIGN (0x4)
                [!provide]                        PROVIDE (_etext = .)
                [!provide]                        PROVIDE (_eitcm = .)

.preinit_array  0x00003140        0x0
                [!provide]                        PROVIDE (__preinit_array_start = .)
 *(.preinit_array)
                [!provide]                        PROVIDE (__preinit_array_end = .)

.init_array     0x00003140        0x0
                0x00003140                        PROVIDE (__init_array_start = .)
 *(SORT_BY_INIT_PRIORITY(.init_array.*) SORT_BY_INIT_PRIORITY(.ctors.*))
 *(.init_array EXCLUDE_FILE(*crtend?.o *crtend.o *crtbegin?.o *crtbegin.o) .ctors)
                0x00003140                        PROVIDE (__init_array_end = .)

.fini_array     0x00003140        0x0
                [!provide]                        PROVIDE (__fini_array_start = .)
 *(SORT_BY_INIT_PRIORITY(.fini_array.*) SORT_BY_INIT_PRIORITY(.dtors.*))
 *(.fini_array EXCLUDE_FILE(*crtend?.o *crtend.o *crtbegin?.o *crtbegin.o) .dtors)
                [!provide]                        PROVIDE (__fini_array_end = .)

.ctors
 *crtbegin.o(.ctors)
 *crtbegin?.o(.ctors)
 *(EXCLUDE_FILE(*crtend?.o *crtend.o) .ctors)
 *(SORT_BY_NAME(.ctors.*))
 *(.ctors)

.dtors
 *crtbegin.o(.dtors)
 *crtbegin?.o(.dtors)
 *(EXCLUDE_FILE(*crtend?.o *crtend.o) .dtors)
 *(SORT_BY_NAME(.dtors.*))
 *(.dtors)

.dalign         0x200009a4        0x0 load address 0x00003140
                0x200009a4                        . = ALIGN (0x4)
                0x200009a4                        PROVIDE (_data_vma = .)

.dlalign        0x00003140        0x0
                0x00003140                        . = ALIGN (0x4)
                0x00003140                        PROVIDE (_data_lma = .)

.data           0x200009a4      0xaac load address 0x00003140
                0x200009a4                        . = ALIGN (0x4)
                0x20000da0                        __global_pointer$ = (. + 0x3fc)
 *(.gnu.linkonce.r.*)
 *(.data .data.*)
 *(.gnu.linkonce.d.*)
                0x200009a8                        . = ALIGN (0x8)
 *fill*         0x200009a4        0x4 
 *(.sdata .sdata.*)
 .sdata._rand_lfsr
                0x200009a8        0x4 C:\Users\Andy\AppData\Local\Temp\cc710a7n.ltrans0.ltrans.o
 *(.sdata2*)
 *(.gnu.linkonce.s.*)
                0x200009b0                        . = ALIGN (0x8)
 *fill*         0x200009ac        0x4 
 *(.srodata.cst16)
 *(.srodata.cst8)
 *(.srodata.cst4)
 *(.srodata.cst2)
 *(.srodata .srodata.*)
 .srodata.QMC6309Regmap.0
                0x200009b0        0x4 C:\Users\Andy\AppData\Local\Temp\cc710a7n.ltrans0.ltrans.o
 .srodata.finger
                0x200009b4       0x88 C:\Users\Andy\AppData\Local\Temp\cc710a7n.ltrans0.ltrans.o
 .srodata.fish0
                0x20000a3c      0x1e4 C:\Users\Andy\AppData\Local\Temp\cc710a7n.ltrans0.ltrans.o
 .srodata.fish1
                0x20000c20      0x2c4 C:\Users\Andy\AppData\Local\Temp\cc710a7n.ltrans0.ltrans.o
 .srodata.fish2
                0x20000ee4      0x364 C:\Users\Andy\AppData\Local\Temp\cc710a7n.ltrans0.ltrans.o
 .srodata.bubblemirror
                0x20001248      0x104 C:\Users\Andy\AppData\Local\Temp\cc710a7n.ltrans0.ltrans.o
 .srodata.bubble
                0x2000134c      0x104 C:\Users\Andy\AppData\Local\Temp\cc710a7n.ltrans0.ltrans.o
                0x20001450                        . = ALIGN (0x4)
                0x20001450                        PROVIDE (_edata = .)

.bss            0x20001450      0xc94 load address 0x00003bec
                0x20001450                        . = ALIGN (0x4)
                0x20001450                        PROVIDE (_sbss = .)
 *(.sbss*)
 .sbss.frameentropy
                0x20001450        0x4 C:\Users\Andy\AppData\Local\Temp\cc710a7n.ltrans0.ltrans.o
 .sbss.iSLERChannel
                0x20001454        0x1 C:\Users\Andy\AppData\Local\Temp\cc710a7n.ltrans0.ltrans.o
 *fill*         0x20001455        0x3 
 .sbss.lastfifo
                0x20001458        0x4 C:\Users\Andy\AppData\Local\Temp\cc710a7n.ltrans0.ltrans.o
 .sbss.tuneFilter
                0x2000145c        0x4 C:\Users\Andy\AppData\Local\Temp\cc710a7n.ltrans0.ltrans.o
 .sbss.tuneFilter2M
                0x20001460        0x4 C:\Users\Andy\AppData\Local\Temp\cc710a7n.ltrans0.ltrans.o
 *(.gnu.linkonce.sb.*)
 *(.bss*)
 .bss.gameUnion
                0x20001464       0x40 C:\Users\Andy\AppData\Local\Temp\cc710a7n.ltrans0.ltrans.o
 .bss.LLE_BUF   0x200014a4      0x440 C:\Users\Andy\AppData\Local\Temp\cc710a7n.ltrans0.ltrans.o
 .bss.ssd1306_buffer
                0x200018e4      0x800 C:\Users\Andy\AppData\Local\Temp\cc710a7n.ltrans0.ltrans.o
 *(.gnu.linkonce.b.*)
 *(COMMON*)
                0x200020e4                        . = ALIGN (0x4)
                0x200020e4                        PROVIDE (_ebss = .)
                [!provide]                        PROVIDE (_end = _ebss)
                [!provide]                        PROVIDE (end = .)
                0x20003000                        PROVIDE (_eusrstack = (ORIGIN (RAM) + LENGTH (RAM)))

/DISCARD/
 *(.note .note.*)
 *(.eh_frame .eh_frame.*)
 *(.comment .comment.*)
 *(.ARM.extab* .gnu.linkonce.armextab.*)
 *(.ARM.exidx*)
OUTPUT(firmware.elf elf32-littleriscv)

.riscv.attributes
                0x00000000       0x4b
 .riscv.attributes
                0x00000000       0x4b C:\Users\Andy\AppData\Local\Temp\cc710a7n.ltrans0.ltrans.o

.debug_info     0x00000000     0x6cd7
 .debug_info    0x00000000     0x377b C:\Users\Andy\AppData\Local\Temp\cc710a7n.ltrans0.ltrans.o
 .debug_info    0x0000377b      0xe6d C:\Users\Andy\AppData\Local\Temp\cczharH0.debug.temp.o
                0x0000377b                ch32fun.c.87fb9ac7
 .debug_info    0x000045e8     0x26ef C:\Users\Andy\AppData\Local\Temp\cc0eWrqp.debug.temp.o
                0x000045e8                firmware.c.3f3d58ee

.debug_abbrev   0x00000000      0x982
 .debug_abbrev  0x00000000      0x241 C:\Users\Andy\AppData\Local\Temp\cc710a7n.ltrans0.ltrans.o
 .debug_abbrev  0x00000241      0x2c6 C:\Users\Andy\AppData\Local\Temp\cczharH0.debug.temp.o
 .debug_abbrev  0x00000507      0x47b C:\Users\Andy\AppData\Local\Temp\cc0eWrqp.debug.temp.o

.debug_loclists
                0x00000000     0x2d4a
 .debug_loclists
                0x00000000     0x2d4a C:\Users\Andy\AppData\Local\Temp\cc710a7n.ltrans0.ltrans.o

.debug_aranges  0x00000000      0x2a0
 .debug_aranges
                0x00000000      0x2a0 C:\Users\Andy\AppData\Local\Temp\cc710a7n.ltrans0.ltrans.o

.debug_rnglists
                0x00000000      0x5a9
 .debug_rnglists
                0x00000000      0x5a9 C:\Users\Andy\AppData\Local\Temp\cc710a7n.ltrans0.ltrans.o

.debug_line     0x00000000     0x72f3
 .debug_line    0x00000000     0x71cb C:\Users\Andy\AppData\Local\Temp\cc710a7n.ltrans0.ltrans.o
 .debug_line    0x000071cb       0x76 C:\Users\Andy\AppData\Local\Temp\cczharH0.debug.temp.o
 .debug_line    0x00007241       0xb2 C:\Users\Andy\AppData\Local\Temp\cc0eWrqp.debug.temp.o

.debug_str      0x00000000     0x181c
 .debug_str     0x00000000     0x181c C:\Users\Andy\AppData\Local\Temp\cc710a7n.ltrans0.ltrans.o
                                0x16f (size before relaxing)
 .debug_str     0x0000181c      0x6ea C:\Users\Andy\AppData\Local\Temp\cczharH0.debug.temp.o
 .debug_str     0x0000181c     0x1374 C:\Users\Andy\AppData\Local\Temp\cc0eWrqp.debug.temp.o

.debug_line_str
                0x00000000      0x307
 .debug_line_str
                0x00000000      0x307 C:\Users\Andy\AppData\Local\Temp\cc710a7n.ltrans0.ltrans.o
                                0x1b5 (size before relaxing)
 .debug_line_str
                0x00000307      0x233 C:\Users\Andy\AppData\Local\Temp\cczharH0.debug.temp.o
 .debug_line_str
                0x00000307      0x2b4 C:\Users\Andy\AppData\Local\Temp\cc0eWrqp.debug.temp.o

.debug_frame    0x00000000      0xa24
 .debug_frame   0x00000000      0xa24 C:\Users\Andy\AppData\Local\Temp\cc710a7n.ltrans0.ltrans.o
